Archive member included to satisfy reference by file (symbol)

C:\Users\student\Desktop\embedded_systems-main\Lib_CMSISv1p30_LPC17xx\Debug\libCMSISv1p30_LPC17xx.a(system_LPC17xx.o)
                              ./src/main.o (SystemCoreClock)
C:\Users\student\Desktop\embedded_systems-main\Lib_EaBaseBoard\Debug\libLib_EaBaseBoard.a(acc.o)
                              ./src/main.o (acc_init)
C:\Users\student\Desktop\embedded_systems-main\Lib_EaBaseBoard\Debug\libLib_EaBaseBoard.a(light.o)
                              ./src/main.o (light_init)
C:\Users\student\Desktop\embedded_systems-main\Lib_EaBaseBoard\Debug\libLib_EaBaseBoard.a(oled.o)
                              ./src/main.o (oled_init)
C:\Users\student\Desktop\embedded_systems-main\Lib_EaBaseBoard\Debug\libLib_EaBaseBoard.a(pca9532.o)
                              ./src/main.o (pca9532_init)
C:\Users\student\Desktop\embedded_systems-main\Lib_EaBaseBoard\Debug\libLib_EaBaseBoard.a(rgb.o)
                              ./src/main.o (rgb_init)
C:\Users\student\Desktop\embedded_systems-main\Lib_EaBaseBoard\Debug\libLib_EaBaseBoard.a(temp.o)
                              ./src/main.o (temp_init)
C:\Users\student\Desktop\embedded_systems-main\Lib_EaBaseBoard\Debug\libLib_EaBaseBoard.a(font5x7.o)
                              C:\Users\student\Desktop\embedded_systems-main\Lib_EaBaseBoard\Debug\libLib_EaBaseBoard.a(oled.o) (font5x7)
C:\Users\student\Desktop\embedded_systems-main\Lib_MCU\Debug\libLib_MCU.a(lpc17xx_adc.o)
                              ./src/main.o (ADC_Init)
C:\Users\student\Desktop\embedded_systems-main\Lib_MCU\Debug\libLib_MCU.a(lpc17xx_clkpwr.o)
                              C:\Users\student\Desktop\embedded_systems-main\Lib_MCU\Debug\libLib_MCU.a(lpc17xx_adc.o) (CLKPWR_GetPCLK)
C:\Users\student\Desktop\embedded_systems-main\Lib_MCU\Debug\libLib_MCU.a(lpc17xx_gpio.o)
                              ./src/main.o (GPIO_SetDir)
C:\Users\student\Desktop\embedded_systems-main\Lib_MCU\Debug\libLib_MCU.a(lpc17xx_i2c.o)
                              ./src/main.o (I2C_Init)
C:\Users\student\Desktop\embedded_systems-main\Lib_MCU\Debug\libLib_MCU.a(lpc17xx_libcfg_default.o)
                              C:\Users\student\Desktop\embedded_systems-main\Lib_MCU\Debug\libLib_MCU.a(lpc17xx_adc.o) (check_failed)
C:\Users\student\Desktop\embedded_systems-main\Lib_MCU\Debug\libLib_MCU.a(lpc17xx_pinsel.o)
                              ./src/main.o (PINSEL_ConfigPin)
C:\Users\student\Desktop\embedded_systems-main\Lib_MCU\Debug\libLib_MCU.a(lpc17xx_rtc.o)
                              ./src/main.o (RTC_Init)
C:\Users\student\Desktop\embedded_systems-main\Lib_MCU\Debug\libLib_MCU.a(lpc17xx_ssp.o)
                              ./src/main.o (SSP_Init)
C:\Users\student\Desktop\embedded_systems-main\Lib_MCU\Debug\libLib_MCU.a(lpc17xx_timer.o)
                              ./src/main.o (Timer0_Wait)
c:/nxp/mcuxpressoide_11.3.1_5262/ide/plugins/com.nxp.mcuxpresso.tools.win32_11.3.0.202008311133/tools/bin/../lib/gcc/arm-none-eabi/9.3.1/thumb/v7-m/nofp\libgcc.a(_aeabi_uldivmod.o)
                              C:\Users\student\Desktop\embedded_systems-main\Lib_CMSISv1p30_LPC17xx\Debug\libCMSISv1p30_LPC17xx.a(system_LPC17xx.o) (__aeabi_uldivmod)
c:/nxp/mcuxpressoide_11.3.1_5262/ide/plugins/com.nxp.mcuxpresso.tools.win32_11.3.0.202008311133/tools/bin/../lib/gcc/arm-none-eabi/9.3.1/thumb/v7-m/nofp\libgcc.a(_udivmoddi4.o)
                              c:/nxp/mcuxpressoide_11.3.1_5262/ide/plugins/com.nxp.mcuxpresso.tools.win32_11.3.0.202008311133/tools/bin/../lib/gcc/arm-none-eabi/9.3.1/thumb/v7-m/nofp\libgcc.a(_aeabi_uldivmod.o) (__udivmoddi4)
c:/nxp/mcuxpressoide_11.3.1_5262/ide/plugins/com.nxp.mcuxpresso.tools.win32_11.3.0.202008311133/tools/bin/../lib/gcc/arm-none-eabi/9.3.1/thumb/v7-m/nofp\libgcc.a(_dvmd_tls.o)
                              c:/nxp/mcuxpressoide_11.3.1_5262/ide/plugins/com.nxp.mcuxpresso.tools.win32_11.3.0.202008311133/tools/bin/../lib/gcc/arm-none-eabi/9.3.1/thumb/v7-m/nofp\libgcc.a(_aeabi_uldivmod.o) (__aeabi_ldiv0)
c:/nxp/mcuxpressoide_11.3.1_5262/ide/plugins/com.nxp.mcuxpresso.tools.win32_11.3.0.202008311133/tools/bin/../lib/gcc/arm-none-eabi/9.3.1/../../../../arm-none-eabi/lib/thumb/v7-m/nofp\libc.a(lib_a-abs.o)
                              ./src/main.o (abs)
c:/nxp/mcuxpressoide_11.3.1_5262/ide/plugins/com.nxp.mcuxpresso.tools.win32_11.3.0.202008311133/tools/bin/../lib/gcc/arm-none-eabi/9.3.1/../../../../arm-none-eabi/lib/thumb/v7-m/nofp\libc.a(lib_a-malloc.o)
                              ./lwip/src/core/ipv4/ip_frag.o (malloc)
c:/nxp/mcuxpressoide_11.3.1_5262/ide/plugins/com.nxp.mcuxpresso.tools.win32_11.3.0.202008311133/tools/bin/../lib/gcc/arm-none-eabi/9.3.1/../../../../arm-none-eabi/lib/thumb/v7-m/nofp\libc.a(lib_a-mallocr.o)
[...]
Memory Configuration

Name             Origin             Length             Attributes
MFlash512        0x00000000         0x00080000         xr
RamLoc32         0x10000000         0x00008000         xrw
RamAHB32         0x2007c000         0x00008000         xrw
*default*        0x00000000         0xffffffff

Linker script and memory map

LOAD ./src/cr_startup_lpc17.o
LOAD ./src/eeprom.o
LOAD ./src/ff.o
LOAD ./src/lpc17xx_spi.o
LOAD ./src/main.o
LOAD ./src/mmc.o
LOAD ./lwip/src/netif/etharp.o
LOAD ./lwip/src/netif/ethernetif.o
LOAD ./lwip/src/core/ipv4/autoip.o
LOAD ./lwip/src/core/ipv4/icmp.o
LOAD ./lwip/src/core/ipv4/igmp.o
LOAD ./lwip/src/core/ipv4/inet.o
LOAD ./lwip/src/core/ipv4/inet_chksum.o
LOAD ./lwip/src/core/ipv4/ip.o
LOAD ./lwip/src/core/ipv4/ip_addr.o
LOAD ./lwip/src/core/ipv4/ip_frag.o
LOAD ./lwip/src/core/def.o
LOAD ./lwip/src/core/dhcp.o
LOAD ./lwip/src/core/dns.o
LOAD ./lwip/src/core/init.o
LOAD ./lwip/src/core/mem.o
LOAD ./lwip/src/core/memp.o
LOAD ./lwip/src/core/netif.o
LOAD ./lwip/src/core/pbuf.o
LOAD ./lwip/src/core/raw.o
LOAD ./lwip/src/core/stats.o
LOAD ./lwip/src/core/sys.o
LOAD ./lwip/src/core/tcp.o
LOAD ./lwip/src/core/tcp_in.o
LOAD ./lwip/src/core/tcp_out.o
LOAD ./lwip/src/core/timers.o
LOAD ./lwip/src/core/udp.o
LOAD ./lwip/src/arch/lpc17xx_40xx_emac.o
LOAD ./lwip/src/arch/lpc17xx_40xx_systick_arch.o
LOAD ./lwip/src/arch/lpc_debug.o
LOAD ./lwip/src/api/api_lib.o
LOAD ./lwip/src/api/api_msg.o
LOAD ./lwip/src/api/err.o
LOAD ./lwip/src/api/netbuf.o
LOAD ./lwip/src/api/netdb.o
LOAD ./lwip/src/api/netifapi.o
LOAD ./lwip/src/api/sockets.o
LOAD ./lwip/src/api/tcpip.o
LOAD C:\Users\student\Desktop\embedded_systems-main\Lib_CMSISv1p30_LPC17xx\Debug\libCMSISv1p30_LPC17xx.a
LOAD C:\Users\student\Desktop\embedded_systems-main\Lib_EaBaseBoard\Debug\libLib_EaBaseBoard.a
LOAD C:\Users\student\Desktop\embedded_systems-main\Lib_MCU\Debug\libLib_MCU.a
START GROUP
LOAD c:/nxp/mcuxpressoide_11.3.1_5262/ide/plugins/com.nxp.mcuxpresso.tools.win32_11.3.0.202008311133/tools/bin/../lib/gcc/arm-none-eabi/9.3.1/thumb/v7-m/nofp\libgcc.a
LOAD c:/nxp/mcuxpressoide_11.3.1_5262/ide/plugins/com.nxp.mcuxpresso.tools.win32_11.3.0.202008311133/tools/bin/../lib/gcc/arm-none-eabi/9.3.1/../../../../arm-none-eabi/lib/thumb/v7-m/nofp\libc.a
LOAD c:/nxp/mcuxpressoide_11.3.1_5262/ide/plugins/com.nxp.mcuxpresso.tools.win32_11.3.0.202008311133/tools/bin/../lib/gcc/arm-none-eabi/9.3.1/../../../../arm-none-eabi/lib/thumb/v7-m/nofp\libm.a
LOAD c:/nxp/mcuxpressoide_11.3.1_5262/ide/plugins/com.nxp.mcuxpresso.tools.win32_11.3.0.202008311133/tools/bin/../lib/gcc/arm-none-eabi/9.3.1/../../../../arm-none-eabi/lib/thumb/v7-m/nofp\libcr_newlib_semihost.a
END GROUP
                0x00000000                __base_MFlash512 = 0x0
                0x00000000                __base_Flash = 0x0
                0x00080000                __top_MFlash512 = 0x80000
                0x00080000                __top_Flash = 0x80000
                0x10000000                __base_RamLoc32 = 0x10000000
                0x10000000                __base_RAM = 0x10000000
                0x10008000                __top_RamLoc32 = 0x10008000
                0x10008000                __top_RAM = 0x10008000
                0x2007c000                __base_RamAHB32 = 0x2007c000
                0x2007c000                __base_RAM2 = 0x2007c000
                0x20084000                __top_RamAHB32 = 0x20084000
                0x20084000                __top_RAM2 = 0x20084000

.text           0x00000000     0xed04
 FILL mask 0xff
                0x00000000                __vectors_start__ = ABSOLUTE (.)
 *(.isr_vector)
 .isr_vector    0x00000000       0xcc ./src/cr_startup_lpc17.o
                0x00000000                g_pfnVectors
                0x000000cc                . = ALIGN (0x4)
                0x000000cc                __section_table_start = .
                0x000000cc                __data_section_table = .
                0x000000cc        0x4 LONG 0xed0c LOADADDR (.data)
                0x000000d0        0x4 LONG 0x10000000 ADDR (.data)
                0x000000d4        0x4 LONG 0xa04 SIZEOF (.data)
                0x000000d8        0x4 LONG 0xed0c LOADADDR (.data_RAM2)
                0x000000dc        0x4 LONG 0x2007c000 ADDR (.data_RAM2)
                0x000000e0        0x4 LONG 0x0 SIZEOF (.data_RAM2)
                0x000000e4                __data_section_table_end = .
                0x000000e4                __bss_section_table = .
                0x000000e4        0x4 LONG 0x10000a04 ADDR (.bss)
                0x000000e8        0x4 LONG 0x6f8 SIZEOF (.bss)
                0x000000ec        0x4 LONG 0x2007c000 ADDR (.bss_RAM2)
                0x000000f0        0x4 LONG 0x0 SIZEOF (.bss_RAM2)
                0x000000f4                __bss_section_table_end = .
                0x000000f4                __section_table_end = .
 *(.after_vectors*)
 *(.text*)
 .text.ResetISR
                0x000000f4       0x58 ./src/cr_startup_lpc17.o
                0x000000f4                ResetISR
 .text.NMI_Handler
                0x0000014c        0x6 ./src/cr_startup_lpc17.o
                0x0000014c                NMI_Handler
 .text.HardFault_Handler
                0x00000152        0x6 ./src/cr_startup_lpc17.o
                0x00000152                HardFault_Handler
 .text.MemManage_Handler
                0x00000158        0x6 ./src/cr_startup_lpc17.o
                0x00000158                MemManage_Handler
 .text.BusFault_Handler
                0x0000015e        0x6 ./src/cr_startup_lpc17.o
                0x0000015e                BusFault_Handler
 .text.UsageFault_Handler
                0x00000164        0x6 ./src/cr_startup_lpc17.o
                0x00000164                UsageFault_Handler
 .text.SVCall_Handler
                0x0000016a        0x6 ./src/cr_startup_lpc17.o
                0x0000016a                SVCall_Handler
 .text.DebugMon_Handler
                0x00000170        0x6 ./src/cr_startup_lpc17.o
                0x00000170                DebugMon_Handler
 .text.PendSV_Handler
                0x00000176        0x6 ./src/cr_startup_lpc17.o
                0x00000176                PendSV_Handler
 .text.IntDefaultHandler
                0x0000017c        0x6 ./src/cr_startup_lpc17.o
                0x0000017c                TIMER2_IRQHandler
                0x0000017c                RIT_IRQHandler
                0x0000017c                I2C0_IRQHandler
                0x0000017c                USBActivity_IRQHandler
                0x0000017c                PWM1_IRQHandler
                0x0000017c                I2C1_IRQHandler
                0x0000017c                EINT2_IRQHandler
                0x0000017c                UART1_IRQHandler
                0x0000017c                EINT3_IRQHandler
                0x0000017c                CANActivity_IRQHandler
                0x0000017c                TIMER3_IRQHandler
                0x0000017c                UART0_IRQHandler
                0x0000017c                IntDefaultHandler
                0x0000017c                PLL0_IRQHandler
                0x0000017c                CAN_IRQHandler
                0x0000017c                PLL1_IRQHandler
                0x0000017c                SSP0_IRQHandler
                0x0000017c                I2S_IRQHandler
                0x0000017c                I2C2_IRQHandler
                0x0000017c                RTC_IRQHandler
                0x0000017c                TIMER0_IRQHandler
                0x0000017c                SPI_IRQHandler
                0x0000017c                EINT1_IRQHandler
                0x0000017c                TIMER1_IRQHandler
                0x0000017c                UART2_IRQHandler
                0x0000017c                ADC_IRQHandler
                0x0000017c                SSP1_IRQHandler
                0x0000017c                USB_IRQHandler
                0x0000017c                BOD_IRQHandler
                0x0000017c                WDT_IRQHandler
                0x0000017c                QEI_IRQHandler
                0x0000017c                EINT0_IRQHandler
                0x0000017c                DMA_IRQHandler
                0x0000017c                UART3_IRQHandler
                0x0000017c                MCPWM_IRQHandler
                0x0000017c                ENET_IRQHandler
 *fill*         0x00000182        0x2 ff
 .text.I2CRead  0x00000184       0x50 ./src/eeprom.o
 .text.I2CWrite
                0x000001d4       0x50 ./src/eeprom.o
 .text.eepromDelay
                0x00000224       0x2a ./src/eeprom.o
 .text.eeprom_init
                0x0000024e        0xc ./src/eeprom.o
                0x0000024e                eeprom_init
 .text.eeprom_read
                0x0000025a       0x84 ./src/eeprom.o
                0x0000025a                eeprom_read
 .text.eeprom_write
                0x000002de       0xf4 ./src/eeprom.o
                0x000002de                eeprom_write
 .text.ld_word  0x000003d2       0x2e ./src/ff.o
 .text.ld_dword
                0x00000400       0x44 ./src/ff.o
 .text.st_word  0x00000444       0x34 ./src/ff.o
 .text.st_dword
                0x00000478       0x56 ./src/ff.o
 .text.dbc_1st  0x000004ce       0x3e ./src/ff.o
 .text.dbc_2nd  0x0000050c       0x52 ./src/ff.o
 .text.sync_window
                0x0000055e       0x78 ./src/ff.o
 .text.move_window
                0x000005d6       0x5a ./src/ff.o
 .text.sync_fs  0x00000630       0xdc ./src/ff.o
 .text.clst2sect
                0x0000070c       0x3c ./src/ff.o
 .text.get_fat  0x00000748      0x150 ./src/ff.o
 .text.put_fat  0x00000898      0x1d8 ./src/ff.o
 .text.remove_chain
                0x00000a70       0xca ./src/ff.o
 .text.create_chain
                0x00000b3a      0x1a2 ./src/ff.o
 .text.dir_clear
                0x00000cdc       0x92 ./src/ff.o
 .text.dir_sdi  0x00000d6e       0xf6 ./src/ff.o
 .text.dir_next
                0x00000e64      0x12c ./src/ff.o
 .text.dir_alloc
                0x00000f90       0x8e ./src/ff.o
 .text.ld_clust
                0x0000101e       0x3e ./src/ff.o
 .text.st_clust
                0x0000105c       0x40 ./src/ff.o
 .text.dir_find
                0x0000109c       0xaa ./src/ff.o
 .text.dir_register
                0x00001146       0x64 ./src/ff.o
 *fill*         0x000011aa        0x2 ff
 .text.create_name
                0x000011ac      0x190 ./src/ff.o
 .text.follow_path
                0x0000133c       0xde ./src/ff.o
 .text.get_ldnumber
                0x0000141a       0x88 ./src/ff.o
 *fill*         0x000014a2        0x2 ff
 .text.check_fs
                0x000014a4      0x148 ./src/ff.o
 .text.find_volume
                0x000015ec       0xc4 ./src/ff.o
 .text.mount_volume
                0x000016b0      0x3f4 ./src/ff.o
 .text.validate
                0x00001aa4       0x6a ./src/ff.o
 *fill*         0x00001b0e        0x2 ff
 .text.f_mount  0x00001b10       0x94 ./src/ff.o
                0x00001b10                f_mount
 .text.f_open   0x00001ba4      0x30a ./src/ff.o
                0x00001ba4                f_open
 .text.f_read   0x00001eae      0x268 ./src/ff.o
                0x00001eae                f_read
 .text.f_write  0x00002116      0x2d4 ./src/ff.o
                0x00002116                f_write
 .text.f_sync   0x000023ea       0xf6 ./src/ff.o
                0x000023ea                f_sync
 .text.f_close  0x000024e0       0x40 ./src/ff.o
                0x000024e0                f_close
 .text.f_opendir
                0x00002520       0xb2 ./src/ff.o
                0x00002520                f_opendir
 *fill*         0x000025d2        0x2 ff
 .text.NVIC_SetPriority
                0x000025d4       0x54 ./src/main.o
 .text.SysTick_Config
                0x00002628       0x44 ./src/main.o
 .text.initUART0
                0x0000266c       0x5c ./src/main.o
                0x0000266c                initUART0
 .text.U0Write  0x000026c8       0x30 ./src/main.o
                0x000026c8                U0Write
 .text.U0Read   0x000026f8       0x38 ./src/main.o
                0x000026f8                U0Read
 .text.GetTimeFromUART
                0x00002730       0x7a ./src/main.o
                0x00002730                GetTimeFromUART
 .text.writeUARTMsg
                0x000027aa       0x42 ./src/main.o
                0x000027aa                writeUARTMsg
 .text.init_ssp
                0x000027ec       0x78 ./src/main.o
 .text.init_adc
                0x00002864       0x50 ./src/main.o
 .text.init_i2c
                0x000028b4       0x48 ./src/main.o
 .text.init_mmc
                0x000028fc       0xd0 ./src/main.o
 .text.save_log
                0x000029cc       0x84 ./src/main.o
                0x000029cc                save_log
 .text.init_speaker
                0x00002a50       0x6a ./src/main.o
                0x00002a50                init_speaker
 .text.playNote
                0x00002aba       0x6e ./src/main.o
 .text.getNote  0x00002b28       0x4c ./src/main.o
 .text.getDuration
                0x00002b74       0x30 ./src/main.o
 .text.getPause
                0x00002ba4       0x42 ./src/main.o
 .text.playSong
                0x00002be6       0x7c ./src/main.o
 *fill*         0x00002c62        0x2 ff
 .text.makeLEDsColor
                0x00002c64      0x114 ./src/main.o
                0x00002c64                makeLEDsColor
 .text.colorRgbDiode
                0x00002d78       0x38 ./src/main.o
 .text.display_time
                0x00002db0       0x4c ./src/main.o
                0x00002db0                display_time
 .text.arrayToInt
                0x00002dfc       0x6e ./src/main.o
                0x00002dfc                arrayToInt
 *fill*         0x00002e6a        0x2 ff
 .text.SysTick_Handler
                0x00002e6c       0x1c ./src/main.o
                0x00002e6c                SysTick_Handler
 .text.getTicks
                0x00002e88       0x14 ./src/main.o
 .text.oledInfo
                0x00002e9c       0x90 ./src/main.o
                0x00002e9c                oledInfo
 .text.clearArray
                0x00002f2c       0x30 ./src/main.o
                0x00002f2c                clearArray
 .text.main     0x00002f5c      0xbe4 ./src/main.o
                0x00002f5c                main
 .text.SSPSend  0x00003b40       0x30 ./src/mmc.o
 .text.SSPReceive
                0x00003b70       0x30 ./src/mmc.o
                0x00003b70                SSPReceive
 .text.xmit_spi
                0x00003ba0       0x1c ./src/mmc.o
 .text.rcvr_spi
                0x00003bbc       0x1e ./src/mmc.o
 *fill*         0x00003bda        0x2 ff
 .text.wait_ready
                0x00003bdc       0x38 ./src/mmc.o
 .text.deselect
                0x00003c14       0x14 ./src/mmc.o
 .text.select   0x00003c28       0x24 ./src/mmc.o
 .text.power_on
                0x00003c4c        0xc ./src/mmc.o
 .text.power_off
                0x00003c58        0xc ./src/mmc.o
 .text.chk_power
                0x00003c64        0xe ./src/mmc.o
 *fill*         0x00003c72        0x2 ff
 .text.rcvr_datablock
                0x00003c74       0x8c ./src/mmc.o
 .text.xmit_datablock
                0x00003d00       0x80 ./src/mmc.o
 .text.send_cmd
                0x00003d80       0xce ./src/mmc.o
 *fill*         0x00003e4e        0x2 ff
 .text.disk_initialize
                0x00003e50      0x1c0 ./src/mmc.o
                0x00003e50                disk_initialize
 .text.disk_status
                0x00004010       0x28 ./src/mmc.o
                0x00004010                disk_status
 .text.disk_read
                0x00004038       0xd0 ./src/mmc.o
                0x00004038                disk_read
 .text.disk_write
                0x00004108      0x100 ./src/mmc.o
                0x00004108                disk_write
 .text.disk_ioctl
                0x00004208      0x3a0 ./src/mmc.o
                0x00004208                disk_ioctl
 .text.SystemInit
                0x000045a8      0x140 C:\Users\student\Desktop\embedded_systems-main\Lib_CMSISv1p30_LPC17xx\Debug\libCMSISv1p30_LPC17xx.a(system_LPC17xx.o)
                0x000045a8                SystemInit
 .text.I2CRead  0x000046e8       0x50 C:\Users\student\Desktop\embedded_systems-main\Lib_EaBaseBoard\Debug\libLib_EaBaseBoard.a(acc.o)
 .text.I2CWrite
                0x00004738       0x50 C:\Users\student\Desktop\embedded_systems-main\Lib_EaBaseBoard\Debug\libLib_EaBaseBoard.a(acc.o)
 .text.getStatus
                0x00004788       0x2c C:\Users\student\Desktop\embedded_systems-main\Lib_EaBaseBoard\Debug\libLib_EaBaseBoard.a(acc.o)
 .text.setModeControl
                0x000047b4       0x28 C:\Users\student\Desktop\embedded_systems-main\Lib_EaBaseBoard\Debug\libLib_EaBaseBoard.a(acc.o)
 .text.acc_init
                0x000047dc        0xe C:\Users\student\Desktop\embedded_systems-main\Lib_EaBaseBoard\Debug\libLib_EaBaseBoard.a(acc.o)
                0x000047dc                acc_init
 .text.acc_read
                0x000047ea       0x9c C:\Users\student\Desktop\embedded_systems-main\Lib_EaBaseBoard\Debug\libLib_EaBaseBoard.a(acc.o)
                0x000047ea                acc_read
 *fill*         0x00004886        0x2 ff
 .text.I2CRead  0x00004888       0x50 C:\Users\student\Desktop\embedded_systems-main\Lib_EaBaseBoard\Debug\libLib_EaBaseBoard.a(light.o)
 .text.I2CWrite
                0x000048d8       0x50 C:\Users\student\Desktop\embedded_systems-main\Lib_EaBaseBoard\Debug\libLib_EaBaseBoard.a(light.o)
 .text.readControlReg
                0x00004928       0x2c C:\Users\student\Desktop\embedded_systems-main\Lib_EaBaseBoard\Debug\libLib_EaBaseBoard.a(light.o)
 .text.light_init
                0x00004954        0xc C:\Users\student\Desktop\embedded_systems-main\Lib_EaBaseBoard\Debug\libLib_EaBaseBoard.a(light.o)
                0x00004954                light_init
 .text.light_enable
                0x00004960       0x3c C:\Users\student\Desktop\embedded_systems-main\Lib_EaBaseBoard\Debug\libLib_EaBaseBoard.a(light.o)
                0x00004960                light_enable
 .text.light_read
                0x0000499c       0x74 C:\Users\student\Desktop\embedded_systems-main\Lib_EaBaseBoard\Debug\libLib_EaBaseBoard.a(light.o)
                0x0000499c                light_read
 .text.light_setRange
                0x00004a10       0x90 C:\Users\student\Desktop\embedded_systems-main\Lib_EaBaseBoard\Debug\libLib_EaBaseBoard.a(light.o)
                0x00004a10                light_setRange
 .text.writeCommand
                0x00004aa0       0x48 C:\Users\student\Desktop\embedded_systems-main\Lib_EaBaseBoard\Debug\libLib_EaBaseBoard.a(oled.o)
 .text.writeData
                0x00004ae8       0x48 C:\Users\student\Desktop\embedded_systems-main\Lib_EaBaseBoard\Debug\libLib_EaBaseBoard.a(oled.o)
 .text.writeDataLen
                0x00004b30       0x78 C:\Users\student\Desktop\embedded_systems-main\Lib_EaBaseBoard\Debug\libLib_EaBaseBoard.a(oled.o)
 .text.runInitSequence
                0x00004ba8       0xd4 C:\Users\student\Desktop\embedded_systems-main\Lib_EaBaseBoard\Debug\libLib_EaBaseBoard.a(oled.o)
 .text.oled_init
                0x00004c7c       0x74 C:\Users\student\Desktop\embedded_systems-main\Lib_EaBaseBoard\Debug\libLib_EaBaseBoard.a(oled.o)
                0x00004c7c                oled_init
 .text.oled_putPixel
                0x00004cf0      0x150 C:\Users\student\Desktop\embedded_systems-main\Lib_EaBaseBoard\Debug\libLib_EaBaseBoard.a(oled.o)
                0x00004cf0                oled_putPixel
 .text.oled_clearScreen
                0x00004e40       0x64 C:\Users\student\Desktop\embedded_systems-main\Lib_EaBaseBoard\Debug\libLib_EaBaseBoard.a(oled.o)
                0x00004e40                oled_clearScreen
 .text.oled_putChar
                0x00004ea4       0xd8 C:\Users\student\Desktop\embedded_systems-main\Lib_EaBaseBoard\Debug\libLib_EaBaseBoard.a(oled.o)
                0x00004ea4                oled_putChar
 .text.oled_putString
                0x00004f7c       0x52 C:\Users\student\Desktop\embedded_systems-main\Lib_EaBaseBoard\Debug\libLib_EaBaseBoard.a(oled.o)
                0x00004f7c                oled_putString
 *fill*         0x00004fce        0x2 ff
 .text.I2CWrite
                0x00004fd0       0x50 C:\Users\student\Desktop\embedded_systems-main\Lib_EaBaseBoard\Debug\libLib_EaBaseBoard.a(pca9532.o)
 .text.setLsStates
                0x00005020       0xa6 C:\Users\student\Desktop\embedded_systems-main\Lib_EaBaseBoard\Debug\libLib_EaBaseBoard.a(pca9532.o)
 *fill*         0x000050c6        0x2 ff
 .text.setLeds  0x000050c8       0x70 C:\Users\student\Desktop\embedded_systems-main\Lib_EaBaseBoard\Debug\libLib_EaBaseBoard.a(pca9532.o)
 .text.pca9532_init
                0x00005138        0xc C:\Users\student\Desktop\embedded_systems-main\Lib_EaBaseBoard\Debug\libLib_EaBaseBoard.a(pca9532.o)
                0x00005138                pca9532_init
 .text.pca9532_setLeds
                0x00005144       0x80 C:\Users\student\Desktop\embedded_systems-main\Lib_EaBaseBoard\Debug\libLib_EaBaseBoard.a(pca9532.o)
                0x00005144                pca9532_setLeds
 .text.rgb_init
                0x000051c4       0x28 C:\Users\student\Desktop\embedded_systems-main\Lib_EaBaseBoard\Debug\libLib_EaBaseBoard.a(rgb.o)
                0x000051c4                rgb_init
 .text.rgb_setLeds
                0x000051ec       0x6a C:\Users\student\Desktop\embedded_systems-main\Lib_EaBaseBoard\Debug\libLib_EaBaseBoard.a(rgb.o)
                0x000051ec                rgb_setLeds
 *fill*         0x00005256        0x2 ff
 .text.temp_init
                0x00005258       0x24 C:\Users\student\Desktop\embedded_systems-main\Lib_EaBaseBoard\Debug\libLib_EaBaseBoard.a(temp.o)
                0x00005258                temp_init
 .text.temp_read
                0x0000527c       0xfc C:\Users\student\Desktop\embedded_systems-main\Lib_EaBaseBoard\Debug\libLib_EaBaseBoard.a(temp.o)
                0x0000527c                temp_read
 .text.ADC_Init
                0x00005378       0x90 C:\Users\student\Desktop\embedded_systems-main\Lib_MCU\Debug\libLib_MCU.a(lpc17xx_adc.o)
                0x00005378                ADC_Init
 .text.ADC_IntConfig
                0x00005408       0x9c C:\Users\student\Desktop\embedded_systems-main\Lib_MCU\Debug\libLib_MCU.a(lpc17xx_adc.o)
                0x00005408                ADC_IntConfig
 .text.ADC_ChannelCmd
                0x000054a4       0x60 C:\Users\student\Desktop\embedded_systems-main\Lib_MCU\Debug\libLib_MCU.a(lpc17xx_adc.o)
                0x000054a4                ADC_ChannelCmd
 .text.CLKPWR_SetPCLKDiv
                0x00005504       0x90 C:\Users\student\Desktop\embedded_systems-main\Lib_MCU\Debug\libLib_MCU.a(lpc17xx_clkpwr.o)
                0x00005504                CLKPWR_SetPCLKDiv
 .text.CLKPWR_GetPCLKSEL
                0x00005594       0x48 C:\Users\student\Desktop\embedded_systems-main\Lib_MCU\Debug\libLib_MCU.a(lpc17xx_clkpwr.o)
                0x00005594                CLKPWR_GetPCLKSEL
 .text.CLKPWR_GetPCLK
                0x000055dc       0x64 C:\Users\student\Desktop\embedded_systems-main\Lib_MCU\Debug\libLib_MCU.a(lpc17xx_clkpwr.o)
                0x000055dc                CLKPWR_GetPCLK
 .text.CLKPWR_ConfigPPWR
                0x00005640       0x58 C:\Users\student\Desktop\embedded_systems-main\Lib_MCU\Debug\libLib_MCU.a(lpc17xx_clkpwr.o)
                0x00005640                CLKPWR_ConfigPPWR
 .text.GPIO_GetPointer
                0x00005698       0x70 C:\Users\student\Desktop\embedded_systems-main\Lib_MCU\Debug\libLib_MCU.a(lpc17xx_gpio.o)
 .text.GPIO_SetDir
                0x00005708       0x4a C:\Users\student\Desktop\embedded_systems-main\Lib_MCU\Debug\libLib_MCU.a(lpc17xx_gpio.o)
                0x00005708                GPIO_SetDir
 .text.GPIO_SetValue
                0x00005752       0x2a C:\Users\student\Desktop\embedded_systems-main\Lib_MCU\Debug\libLib_MCU.a(lpc17xx_gpio.o)
                0x00005752                GPIO_SetValue
 .text.GPIO_ClearValue
                0x0000577c       0x2a C:\Users\student\Desktop\embedded_systems-main\Lib_MCU\Debug\libLib_MCU.a(lpc17xx_gpio.o)
                0x0000577c                GPIO_ClearValue
 .text.GPIO_ReadValue
                0x000057a6       0x2a C:\Users\student\Desktop\embedded_systems-main\Lib_MCU\Debug\libLib_MCU.a(lpc17xx_gpio.o)
                0x000057a6                GPIO_ReadValue
 .text.NVIC_EnableIRQ
                0x000057d0       0x30 C:\Users\student\Desktop\embedded_systems-main\Lib_MCU\Debug\libLib_MCU.a(lpc17xx_i2c.o)
 .text.NVIC_DisableIRQ
                0x00005800       0x34 C:\Users\student\Desktop\embedded_systems-main\Lib_MCU\Debug\libLib_MCU.a(lpc17xx_i2c.o)
 .text.I2C_getNum
                0x00005834       0x48 C:\Users\student\Desktop\embedded_systems-main\Lib_MCU\Debug\libLib_MCU.a(lpc17xx_i2c.o)
 .text.I2C_Start
                0x0000587c       0x3a C:\Users\student\Desktop\embedded_systems-main\Lib_MCU\Debug\libLib_MCU.a(lpc17xx_i2c.o)
 .text.I2C_Stop
                0x000058b6       0x30 C:\Users\student\Desktop\embedded_systems-main\Lib_MCU\Debug\libLib_MCU.a(lpc17xx_i2c.o)
 .text.I2C_SendByte
                0x000058e6       0x4a C:\Users\student\Desktop\embedded_systems-main\Lib_MCU\Debug\libLib_MCU.a(lpc17xx_i2c.o)
 .text.I2C_GetByte
                0x00005930       0x52 C:\Users\student\Desktop\embedded_systems-main\Lib_MCU\Debug\libLib_MCU.a(lpc17xx_i2c.o)
 *fill*         0x00005982        0x2 ff
 .text.I2C_SetClock
                0x00005984       0xa4 C:\Users\student\Desktop\embedded_systems-main\Lib_MCU\Debug\libLib_MCU.a(lpc17xx_i2c.o)
 .text.I2C_Init
                0x00005a28       0xa4 C:\Users\student\Desktop\embedded_systems-main\Lib_MCU\Debug\libLib_MCU.a(lpc17xx_i2c.o)
                0x00005a28                I2C_Init
 .text.I2C_Cmd  0x00005acc       0x70 C:\Users\student\Desktop\embedded_systems-main\Lib_MCU\Debug\libLib_MCU.a(lpc17xx_i2c.o)
                0x00005acc                I2C_Cmd
 .text.I2C_IntCmd
                0x00005b3c       0x88 C:\Users\student\Desktop\embedded_systems-main\Lib_MCU\Debug\libLib_MCU.a(lpc17xx_i2c.o)
                0x00005b3c                I2C_IntCmd
 .text.I2C_MasterTransferData
                0x00005bc4      0x2cc C:\Users\student\Desktop\embedded_systems-main\Lib_MCU\Debug\libLib_MCU.a(lpc17xx_i2c.o)
                0x00005bc4                I2C_MasterTransferData
 .text.check_failed
                0x00005e90        0xc C:\Users\student\Desktop\embedded_systems-main\Lib_MCU\Debug\libLib_MCU.a(lpc17xx_libcfg_default.o)
                0x00005e90                check_failed
 .text.set_PinFunc
                0x00005e9c       0x80 C:\Users\student\Desktop\embedded_systems-main\Lib_MCU\Debug\libLib_MCU.a(lpc17xx_pinsel.o)
 .text.set_ResistorMode
                0x00005f1c       0x80 C:\Users\student\Desktop\embedded_systems-main\Lib_MCU\Debug\libLib_MCU.a(lpc17xx_pinsel.o)
 .text.set_OpenDrainMode
                0x00005f9c       0x68 C:\Users\student\Desktop\embedded_systems-main\Lib_MCU\Debug\libLib_MCU.a(lpc17xx_pinsel.o)
 .text.PINSEL_ConfigPin
                0x00006004       0x46 C:\Users\student\Desktop\embedded_systems-main\Lib_MCU\Debug\libLib_MCU.a(lpc17xx_pinsel.o)
                0x00006004                PINSEL_ConfigPin
 *fill*         0x0000604a        0x2 ff
 .text.RTC_Init
                0x0000604c       0x50 C:\Users\student\Desktop\embedded_systems-main\Lib_MCU\Debug\libLib_MCU.a(lpc17xx_rtc.o)
                0x0000604c                RTC_Init
 .text.RTC_Cmd  0x0000609c       0x68 C:\Users\student\Desktop\embedded_systems-main\Lib_MCU\Debug\libLib_MCU.a(lpc17xx_rtc.o)
                0x0000609c                RTC_Cmd
 .text.RTC_SetTime
                0x00006104      0x1bc C:\Users\student\Desktop\embedded_systems-main\Lib_MCU\Debug\libLib_MCU.a(lpc17xx_rtc.o)
                0x00006104                RTC_SetTime
 .text.RTC_GetTime
                0x000062c0      0x104 C:\Users\student\Desktop\embedded_systems-main\Lib_MCU\Debug\libLib_MCU.a(lpc17xx_rtc.o)
                0x000062c0                RTC_GetTime
 .text.setSSPclock
                0x000063c4       0xc4 C:\Users\student\Desktop\embedded_systems-main\Lib_MCU\Debug\libLib_MCU.a(lpc17xx_ssp.o)
 .text.SSP_Init
                0x00006488       0x9c C:\Users\student\Desktop\embedded_systems-main\Lib_MCU\Debug\libLib_MCU.a(lpc17xx_ssp.o)
                0x00006488                SSP_Init
 .text.SSP_GetDataSize
                0x00006524       0x40 C:\Users\student\Desktop\embedded_systems-main\Lib_MCU\Debug\libLib_MCU.a(lpc17xx_ssp.o)
                0x00006524                SSP_GetDataSize
 .text.SSP_ConfigStructInit
                0x00006564       0x3c C:\Users\student\Desktop\embedded_systems-main\Lib_MCU\Debug\libLib_MCU.a(lpc17xx_ssp.o)
                0x00006564                SSP_ConfigStructInit
 .text.SSP_Cmd  0x000065a0       0x6c C:\Users\student\Desktop\embedded_systems-main\Lib_MCU\Debug\libLib_MCU.a(lpc17xx_ssp.o)
                0x000065a0                SSP_Cmd
 .text.SSP_SendData
                0x0000660c       0x40 C:\Users\student\Desktop\embedded_systems-main\Lib_MCU\Debug\libLib_MCU.a(lpc17xx_ssp.o)
                0x0000660c                SSP_SendData
 .text.SSP_ReceiveData
                0x0000664c       0x3c C:\Users\student\Desktop\embedded_systems-main\Lib_MCU\Debug\libLib_MCU.a(lpc17xx_ssp.o)
                0x0000664c                SSP_ReceiveData
 .text.SSP_ReadWrite
                0x00006688      0x34e C:\Users\student\Desktop\embedded_systems-main\Lib_MCU\Debug\libLib_MCU.a(lpc17xx_ssp.o)
                0x00006688                SSP_ReadWrite
 *fill*         0x000069d6        0x2 ff
 .text.getPClock
                0x000069d8       0x58 C:\Users\student\Desktop\embedded_systems-main\Lib_MCU\Debug\libLib_MCU.a(lpc17xx_timer.o)
 .text.converUSecToVal
                0x00006a30       0x5c C:\Users\student\Desktop\embedded_systems-main\Lib_MCU\Debug\libLib_MCU.a(lpc17xx_timer.o)
 .text.converPtrToTimeNum
                0x00006a8c       0x5c C:\Users\student\Desktop\embedded_systems-main\Lib_MCU\Debug\libLib_MCU.a(lpc17xx_timer.o)
 .text.TIM_GetIntStatus
                0x00006ae8       0x98 C:\Users\student\Desktop\embedded_systems-main\Lib_MCU\Debug\libLib_MCU.a(lpc17xx_timer.o)
                0x00006ae8                TIM_GetIntStatus
 .text.TIM_ClearIntPending
                0x00006b80       0x88 C:\Users\student\Desktop\embedded_systems-main\Lib_MCU\Debug\libLib_MCU.a(lpc17xx_timer.o)
                0x00006b80                TIM_ClearIntPending
 .text.TIM_Init
                0x00006c08      0x184 C:\Users\student\Desktop\embedded_systems-main\Lib_MCU\Debug\libLib_MCU.a(lpc17xx_timer.o)
                0x00006c08                TIM_Init
 .text.TIM_Cmd  0x00006d8c       0x70 C:\Users\student\Desktop\embedded_systems-main\Lib_MCU\Debug\libLib_MCU.a(lpc17xx_timer.o)
                0x00006d8c                TIM_Cmd
 .text.TIM_ConfigMatch
                0x00006dfc      0x184 C:\Users\student\Desktop\embedded_systems-main\Lib_MCU\Debug\libLib_MCU.a(lpc17xx_timer.o)
                0x00006dfc                TIM_ConfigMatch
 .text.Timer0_Wait
                0x00006f80       0x76 C:\Users\student\Desktop\embedded_systems-main\Lib_MCU\Debug\libLib_MCU.a(lpc17xx_timer.o)
                0x00006f80                Timer0_Wait
 .text.Timer0_us_Wait
                0x00006ff6       0x74 C:\Users\student\Desktop\embedded_systems-main\Lib_MCU\Debug\libLib_MCU.a(lpc17xx_timer.o)
                0x00006ff6                Timer0_us_Wait
 *fill*         0x0000706a        0x2 ff
 .text          0x0000706c       0x30 c:/nxp/mcuxpressoide_11.3.1_5262/ide/plugins/com.nxp.mcuxpresso.tools.win32_11.3.0.202008311133/tools/bin/../lib/gcc/arm-none-eabi/9.3.1/thumb/v7-m/nofp\libgcc.a(_aeabi_uldivmod.o)
                0x0000706c                __aeabi_uldivmod
 .text          0x0000709c      0x2c4 c:/nxp/mcuxpressoide_11.3.1_5262/ide/plugins/com.nxp.mcuxpresso.tools.win32_11.3.0.202008311133/tools/bin/../lib/gcc/arm-none-eabi/9.3.1/thumb/v7-m/nofp\libgcc.a(_udivmoddi4.o)
                0x0000709c                __udivmoddi4
 .text          0x00007360        0x4 c:/nxp/mcuxpressoide_11.3.1_5262/ide/plugins/com.nxp.mcuxpresso.tools.win32_11.3.0.202008311133/tools/bin/../lib/gcc/arm-none-eabi/9.3.1/thumb/v7-m/nofp\libgcc.a(_dvmd_tls.o)
                0x00007360                __aeabi_idiv0
                0x00007360                __aeabi_ldiv0
 .text.abs      0x00007364        0x8 c:/nxp/mcuxpressoide_11.3.1_5262/ide/plugins/com.nxp.mcuxpresso.tools.win32_11.3.0.202008311133/tools/bin/../lib/gcc/arm-none-eabi/9.3.1/../../../../arm-none-eabi/lib/thumb/v7-m/nofp\libc.a(lib_a-abs.o)
                0x00007364                abs
 .text._malloc_r
                0x0000736c      0x55c c:/nxp/mcuxpressoide_11.3.1_5262/ide/plugins/com.nxp.mcuxpresso.tools.win32_11.3.0.202008311133/tools/bin/../lib/gcc/arm-none-eabi/9.3.1/../../../../arm-none-eabi/lib/thumb/v7-m/nofp\libc.a(lib_a-mallocr.o)
                0x0000736c                _malloc_r
 .text.memcmp   0x000078c8       0x5c c:/nxp/mcuxpressoide_11.3.1_5262/ide/plugins/com.nxp.mcuxpresso.tools.win32_11.3.0.202008311133/tools/bin/../lib/gcc/arm-none-eabi/9.3.1/../../../../arm-none-eabi/lib/thumb/v7-m/nofp\libc.a(lib_a-memcmp.o)
                0x000078c8                memcmp
 .text          0x00007924       0xec c:/nxp/mcuxpressoide_11.3.1_5262/ide/plugins/com.nxp.mcuxpresso.tools.win32_11.3.0.202008311133/tools/bin/../lib/gcc/arm-none-eabi/9.3.1/../../../../arm-none-eabi/lib/thumb/v7-m/nofp\libc.a(lib_a-memcpy.o)
                0x00007924                memcpy
 .text.memset   0x00007a10       0xa0 c:/nxp/mcuxpressoide_11.3.1_5262/ide/plugins/com.nxp.mcuxpresso.tools.win32_11.3.0.202008311133/tools/bin/../lib/gcc/arm-none-eabi/9.3.1/../../../../arm-none-eabi/lib/thumb/v7-m/nofp\libc.a(lib_a-memset.o)
                0x00007a10                memset
 .text.__malloc_lock
                0x00007ab0        0xc c:/nxp/mcuxpressoide_11.3.1_5262/ide/plugins/com.nxp.mcuxpresso.tools.win32_11.3.0.202008311133/tools/bin/../lib/gcc/arm-none-eabi/9.3.1/../../../../arm-none-eabi/lib/thumb/v7-m/nofp\libc.a(lib_a-mlock.o)
                0x00007ab0                __malloc_lock
 .text.__malloc_unlock
                0x00007abc        0xc c:/nxp/mcuxpressoide_11.3.1_5262/ide/plugins/com.nxp.mcuxpresso.tools.win32_11.3.0.202008311133/tools/bin/../lib/gcc/arm-none-eabi/9.3.1/../../../../arm-none-eabi/lib/thumb/v7-m/nofp\libc.a(lib_a-mlock.o)
                0x00007abc                __malloc_unlock
 .text._sbrk_r  0x00007ac8       0x24 c:/nxp/mcuxpressoide_11.3.1_5262/ide/plugins/com.nxp.mcuxpresso.tools.win32_11.3.0.202008311133/tools/bin/../lib/gcc/arm-none-eabi/9.3.1/../../../../arm-none-eabi/lib/thumb/v7-m/nofp\libc.a(lib_a-sbrkr.o)
                0x00007ac8                _sbrk_r
 .text.snprintf
                0x00007aec       0x84 c:/nxp/mcuxpressoide_11.3.1_5262/ide/plugins/com.nxp.mcuxpresso.tools.win32_11.3.0.202008311133/tools/bin/../lib/gcc/arm-none-eabi/9.3.1/../../../../arm-none-eabi/lib/thumb/v7-m/nofp\libc.a(lib_a-snprintf.o)
                0x00007aec                snprintf
 .text.sprintf  0x00007b70       0x44 c:/nxp/mcuxpressoide_11.3.1_5262/ide/plugins/com.nxp.mcuxpresso.tools.win32_11.3.0.202008311133/tools/bin/../lib/gcc/arm-none-eabi/9.3.1/../../../../arm-none-eabi/lib/thumb/v7-m/nofp\libc.a(lib_a-sprintf.o)
                0x00007b70                sprintf
 .text.strchr   0x00007bb4       0xd0 c:/nxp/mcuxpressoide_11.3.1_5262/ide/plugins/com.nxp.mcuxpresso.tools.win32_11.3.0.202008311133/tools/bin/../lib/gcc/arm-none-eabi/9.3.1/../../../../arm-none-eabi/lib/thumb/v7-m/nofp\libc.a(lib_a-strchr.o)
                0x00007bb4                strchr
 .text.strlen   0x00007c84       0x5c c:/nxp/mcuxpressoide_11.3.1_5262/ide/plugins/com.nxp.mcuxpresso.tools.win32_11.3.0.202008311133/tools/bin/../lib/gcc/arm-none-eabi/9.3.1/../../../../arm-none-eabi/lib/thumb/v7-m/nofp\libc.a(lib_a-strlen-stub.o)
                0x00007c84                strlen
 .text._svfprintf_r
                0x00007ce0     0x1b50 c:/nxp/mcuxpressoide_11.3.1_5262/ide/plugins/com.nxp.mcuxpresso.tools.win32_11.3.0.202008311133/tools/bin/../lib/gcc/arm-none-eabi/9.3.1/../../../../arm-none-eabi/lib/thumb/v7-m/nofp\libc.a(lib_a-svfprintf.o)
                0x00007ce0                _svfprintf_r
 .text.quorem   0x00009830      0x120 c:/nxp/mcuxpressoide_11.3.1_5262/ide/plugins/com.nxp.mcuxpresso.tools.win32_11.3.0.202008311133/tools/bin/../lib/gcc/arm-none-eabi/9.3.1/../../../../arm-none-eabi/lib/thumb/v7-m/nofp\libc.a(lib_a-dtoa.o)
 .text._dtoa_r  0x00009950      0xec8 c:/nxp/mcuxpressoide_11.3.1_5262/ide/plugins/com.nxp.mcuxpresso.tools.win32_11.3.0.202008311133/tools/bin/../lib/gcc/arm-none-eabi/9.3.1/../../../../arm-none-eabi/lib/thumb/v7-m/nofp\libc.a(lib_a-dtoa.o)
                0x00009950                _dtoa_r
 .text._malloc_trim_r
                0x0000a818       0xa0 c:/nxp/mcuxpressoide_11.3.1_5262/ide/plugins/com.nxp.mcuxpresso.tools.win32_11.3.0.202008311133/tools/bin/../lib/gcc/arm-none-eabi/9.3.1/../../../../arm-none-eabi/lib/thumb/v7-m/nofp\libc.a(lib_a-freer.o)
                0x0000a818                _malloc_trim_r
 .text._free_r  0x0000a8b8      0x20c c:/nxp/mcuxpressoide_11.3.1_5262/ide/plugins/com.nxp.mcuxpresso.tools.win32_11.3.0.202008311133/tools/bin/../lib/gcc/arm-none-eabi/9.3.1/../../../../arm-none-eabi/lib/thumb/v7-m/nofp\libc.a(lib_a-freer.o)
                0x0000a8b8                _free_r
 .text._localeconv_r
                0x0000aac4        0x8 c:/nxp/mcuxpressoide_11.3.1_5262/ide/plugins/com.nxp.mcuxpresso.tools.win32_11.3.0.202008311133/tools/bin/../lib/gcc/arm-none-eabi/9.3.1/../../../../arm-none-eabi/lib/thumb/v7-m/nofp\libc.a(lib_a-localeconv.o)
                0x0000aac4                _localeconv_r
 .text.__retarget_lock_init_recursive
                0x0000aacc        0x4 c:/nxp/mcuxpressoide_11.3.1_5262/ide/plugins/com.nxp.mcuxpresso.tools.win32_11.3.0.202008311133/tools/bin/../lib/gcc/arm-none-eabi/9.3.1/../../../../arm-none-eabi/lib/thumb/v7-m/nofp\libc.a(lib_a-lock.o)
                0x0000aacc                __retarget_lock_init_recursive
 .text.__retarget_lock_close_recursive
                0x0000aad0        0x4 c:/nxp/mcuxpressoide_11.3.1_5262/ide/plugins/com.nxp.mcuxpresso.tools.win32_11.3.0.202008311133/tools/bin/../lib/gcc/arm-none-eabi/9.3.1/../../../../arm-none-eabi/lib/thumb/v7-m/nofp\libc.a(lib_a-lock.o)
                0x0000aad0                __retarget_lock_close_recursive
 .text.__retarget_lock_acquire_recursive
                0x0000aad4        0x4 c:/nxp/mcuxpressoide_11.3.1_5262/ide/plugins/com.nxp.mcuxpresso.tools.win32_11.3.0.202008311133/tools/bin/../lib/gcc/arm-none-eabi/9.3.1/../../../../arm-none-eabi/lib/thumb/v7-m/nofp\libc.a(lib_a-lock.o)
                0x0000aad4                __retarget_lock_acquire_recursive
 .text.__retarget_lock_release_recursive
                0x0000aad8        0x4 c:/nxp/mcuxpressoide_11.3.1_5262/ide/plugins/com.nxp.mcuxpresso.tools.win32_11.3.0.202008311133/tools/bin/../lib/gcc/arm-none-eabi/9.3.1/../../../../arm-none-eabi/lib/thumb/v7-m/nofp\libc.a(lib_a-lock.o)
                0x0000aad8                __retarget_lock_release_recursive
 .text.memchr   0x0000aadc       0x80 c:/nxp/mcuxpressoide_11.3.1_5262/ide/plugins/com.nxp.mcuxpresso.tools.win32_11.3.0.202008311133/tools/bin/../lib/gcc/arm-none-eabi/9.3.1/../../../../arm-none-eabi/lib/thumb/v7-m/nofp\libc.a(lib_a-memchr-stub.o)
                0x0000aadc                memchr
 .text._Balloc  0x0000ab5c       0x4c c:/nxp/mcuxpressoide_11.3.1_5262/ide/plugins/com.nxp.mcuxpresso.tools.win32_11.3.0.202008311133/tools/bin/../lib/gcc/arm-none-eabi/9.3.1/../../../../arm-none-eabi/lib/thumb/v7-m/nofp\libc.a(lib_a-mprec.o)
                0x0000ab5c                _Balloc
 .text._Bfree   0x0000aba8       0x14 c:/nxp/mcuxpressoide_11.3.1_5262/ide/plugins/com.nxp.mcuxpresso.tools.win32_11.3.0.202008311133/tools/bin/../lib/gcc/arm-none-eabi/9.3.1/../../../../arm-none-eabi/lib/thumb/v7-m/nofp\libc.a(lib_a-mprec.o)
                0x0000aba8                _Bfree
 .text.__multadd
                0x0000abbc       0x9c c:/nxp/mcuxpressoide_11.3.1_5262/ide/plugins/com.nxp.mcuxpresso.tools.win32_11.3.0.202008311133/tools/bin/../lib/gcc/arm-none-eabi/9.3.1/../../../../arm-none-eabi/lib/thumb/v7-m/nofp\libc.a(lib_a-mprec.o)
                0x0000abbc                __multadd
 .text.__hi0bits
                0x0000ac58       0x40 c:/nxp/mcuxpressoide_11.3.1_5262/ide/plugins/com.nxp.mcuxpresso.tools.win32_11.3.0.202008311133/tools/bin/../lib/gcc/arm-none-eabi/9.3.1/../../../../arm-none-eabi/lib/thumb/v7-m/nofp\libc.a(lib_a-mprec.o)
                0x0000ac58                __hi0bits
 .text.__lo0bits
                0x0000ac98       0x60 c:/nxp/mcuxpressoide_11.3.1_5262/ide/plugins/com.nxp.mcuxpresso.tools.win32_11.3.0.202008311133/tools/bin/../lib/gcc/arm-none-eabi/9.3.1/../../../../arm-none-eabi/lib/thumb/v7-m/nofp\libc.a(lib_a-mprec.o)
                0x0000ac98                __lo0bits
 .text.__i2b    0x0000acf8       0x2c c:/nxp/mcuxpressoide_11.3.1_5262/ide/plugins/com.nxp.mcuxpresso.tools.win32_11.3.0.202008311133/tools/bin/../lib/gcc/arm-none-eabi/9.3.1/../../../../arm-none-eabi/lib/thumb/v7-m/nofp\libc.a(lib_a-mprec.o)
                0x0000acf8                __i2b
 .text.__multiply
                0x0000ad24      0x160 c:/nxp/mcuxpressoide_11.3.1_5262/ide/plugins/com.nxp.mcuxpresso.tools.win32_11.3.0.202008311133/tools/bin/../lib/gcc/arm-none-eabi/9.3.1/../../../../arm-none-eabi/lib/thumb/v7-m/nofp\libc.a(lib_a-mprec.o)
                0x0000ad24                __multiply
 .text.__pow5mult
                0x0000ae84       0x98 c:/nxp/mcuxpressoide_11.3.1_5262/ide/plugins/com.nxp.mcuxpresso.tools.win32_11.3.0.202008311133/tools/bin/../lib/gcc/arm-none-eabi/9.3.1/../../../../arm-none-eabi/lib/thumb/v7-m/nofp\libc.a(lib_a-mprec.o)
                0x0000ae84                __pow5mult
 .text.__lshift
                0x0000af1c       0xe8 c:/nxp/mcuxpressoide_11.3.1_5262/ide/plugins/com.nxp.mcuxpresso.tools.win32_11.3.0.202008311133/tools/bin/../lib/gcc/arm-none-eabi/9.3.1/../../../../arm-none-eabi/lib/thumb/v7-m/nofp\libc.a(lib_a-mprec.o)
                0x0000af1c                __lshift
 .text.__mcmp   0x0000b004       0x3c c:/nxp/mcuxpressoide_11.3.1_5262/ide/plugins/com.nxp.mcuxpresso.tools.win32_11.3.0.202008311133/tools/bin/../lib/gcc/arm-none-eabi/9.3.1/../../../../arm-none-eabi/lib/thumb/v7-m/nofp\libc.a(lib_a-mprec.o)
                0x0000b004                __mcmp
 .text.__mdiff  0x0000b040      0x150 c:/nxp/mcuxpressoide_11.3.1_5262/ide/plugins/com.nxp.mcuxpresso.tools.win32_11.3.0.202008311133/tools/bin/../lib/gcc/arm-none-eabi/9.3.1/../../../../arm-none-eabi/lib/thumb/v7-m/nofp\libc.a(lib_a-mprec.o)
                0x0000b040                __mdiff
 .text.__d2b    0x0000b190       0xc4 c:/nxp/mcuxpressoide_11.3.1_5262/ide/plugins/com.nxp.mcuxpresso.tools.win32_11.3.0.202008311133/tools/bin/../lib/gcc/arm-none-eabi/9.3.1/../../../../arm-none-eabi/lib/thumb/v7-m/nofp\libc.a(lib_a-mprec.o)
                0x0000b190                __d2b
 .text.frexp    0x0000b254       0x70 c:/nxp/mcuxpressoide_11.3.1_5262/ide/plugins/com.nxp.mcuxpresso.tools.win32_11.3.0.202008311133/tools/bin/../lib/gcc/arm-none-eabi/9.3.1/../../../../arm-none-eabi/lib/thumb/v7-m/nofp\libc.a(lib_a-s_frexp.o)
                0x0000b254                frexp
 .text.strncpy  0x0000b2c4       0x68 c:/nxp/mcuxpressoide_11.3.1_5262/ide/plugins/com.nxp.mcuxpresso.tools.win32_11.3.0.202008311133/tools/bin/../lib/gcc/arm-none-eabi/9.3.1/../../../../arm-none-eabi/lib/thumb/v7-m/nofp\libc.a(lib_a-strncpy.o)
                0x0000b2c4                strncpy
 .text.__ssprint_r
                0x0000b32c       0xf8 c:/nxp/mcuxpressoide_11.3.1_5262/ide/plugins/com.nxp.mcuxpresso.tools.win32_11.3.0.202008311133/tools/bin/../lib/gcc/arm-none-eabi/9.3.1/../../../../arm-none-eabi/lib/thumb/v7-m/nofp\libc.a(lib_a-svfiprintf.o)
                0x0000b32c                __ssprint_r
 .text.__assert_func
                0x0000b424       0x3c c:/nxp/mcuxpressoide_11.3.1_5262/ide/plugins/com.nxp.mcuxpresso.tools.win32_11.3.0.202008311133/tools/bin/../lib/gcc/arm-none-eabi/9.3.1/../../../../arm-none-eabi/lib/thumb/v7-m/nofp\libc.a(lib_a-assert.o)
                0x0000b424                __assert_func
 .text._calloc_r
                0x0000b460       0x60 c:/nxp/mcuxpressoide_11.3.1_5262/ide/plugins/com.nxp.mcuxpresso.tools.win32_11.3.0.202008311133/tools/bin/../lib/gcc/arm-none-eabi/9.3.1/../../../../arm-none-eabi/lib/thumb/v7-m/nofp\libc.a(lib_a-callocr.o)
                0x0000b460                _calloc_r
 .text.fiprintf
                0x0000b4c0       0x28 c:/nxp/mcuxpressoide_11.3.1_5262/ide/plugins/com.nxp.mcuxpresso.tools.win32_11.3.0.202008311133/tools/bin/../lib/gcc/arm-none-eabi/9.3.1/../../../../arm-none-eabi/lib/thumb/v7-m/nofp\libc.a(lib_a-fiprintf.o)
                0x0000b4c0                fiprintf
 .text.__locale_mb_cur_max
                0x0000b4e8        0xc c:/nxp/mcuxpressoide_11.3.1_5262/ide/plugins/com.nxp.mcuxpresso.tools.win32_11.3.0.202008311133/tools/bin/../lib/gcc/arm-none-eabi/9.3.1/../../../../arm-none-eabi/lib/thumb/v7-m/nofp\libc.a(lib_a-locale.o)
                0x0000b4e8                __locale_mb_cur_max
 .text.__ascii_mbtowc
                0x0000b4f4       0x2c c:/nxp/mcuxpressoide_11.3.1_5262/ide/plugins/com.nxp.mcuxpresso.tools.win32_11.3.0.202008311133/tools/bin/../lib/gcc/arm-none-eabi/9.3.1/../../../../arm-none-eabi/lib/thumb/v7-m/nofp\libc.a(lib_a-mbtowc_r.o)
                0x0000b4f4                __ascii_mbtowc
 .text.memmove  0x0000b520       0xd4 c:/nxp/mcuxpressoide_11.3.1_5262/ide/plugins/com.nxp.mcuxpresso.tools.win32_11.3.0.202008311133/tools/bin/../lib/gcc/arm-none-eabi/9.3.1/../../../../arm-none-eabi/lib/thumb/v7-m/nofp\libc.a(lib_a-memmove.o)
                0x0000b520                memmove
 .text._realloc_r
                0x0000b5f4      0x3e0 c:/nxp/mcuxpressoide_11.3.1_5262/ide/plugins/com.nxp.mcuxpresso.tools.win32_11.3.0.202008311133/tools/bin/../lib/gcc/arm-none-eabi/9.3.1/../../../../arm-none-eabi/lib/thumb/v7-m/nofp\libc.a(lib_a-reallocr.o)
                0x0000b5f4                _realloc_r
 .text.__sprint_r.part.0
                0x0000b9d4       0x78 c:/nxp/mcuxpressoide_11.3.1_5262/ide/plugins/com.nxp.mcuxpresso.tools.win32_11.3.0.202008311133/tools/bin/../lib/gcc/arm-none-eabi/9.3.1/../../../../arm-none-eabi/lib/thumb/v7-m/nofp\libc.a(lib_a-vfiprintf.o)
 .text._vfiprintf_r
                0x0000ba4c      0xd2c c:/nxp/mcuxpressoide_11.3.1_5262/ide/plugins/com.nxp.mcuxpresso.tools.win32_11.3.0.202008311133/tools/bin/../lib/gcc/arm-none-eabi/9.3.1/../../../../arm-none-eabi/lib/thumb/v7-m/nofp\libc.a(lib_a-vfiprintf.o)
                0x0000ba4c                _vfiprintf_r
 .text.__sbprintf
                0x0000c778       0x88 c:/nxp/mcuxpressoide_11.3.1_5262/ide/plugins/com.nxp.mcuxpresso.tools.win32_11.3.0.202008311133/tools/bin/../lib/gcc/arm-none-eabi/9.3.1/../../../../arm-none-eabi/lib/thumb/v7-m/nofp\libc.a(lib_a-vfiprintf.o)
 .text.__ascii_wctomb
                0x0000c800       0x1c c:/nxp/mcuxpressoide_11.3.1_5262/ide/plugins/com.nxp.mcuxpresso.tools.win32_11.3.0.202008311133/tools/bin/../lib/gcc/arm-none-eabi/9.3.1/../../../../arm-none-eabi/lib/thumb/v7-m/nofp\libc.a(lib_a-wctomb_r.o)
                0x0000c800                __ascii_wctomb
 .text.__swsetup_r
                0x0000c81c       0xd0 c:/nxp/mcuxpressoide_11.3.1_5262/ide/plugins/com.nxp.mcuxpresso.tools.win32_11.3.0.202008311133/tools/bin/../lib/gcc/arm-none-eabi/9.3.1/../../../../arm-none-eabi/lib/thumb/v7-m/nofp\libc.a(lib_a-wsetup.o)
                0x0000c81c                __swsetup_r
 .text.abort    0x0000c8ec       0x10 c:/nxp/mcuxpressoide_11.3.1_5262/ide/plugins/com.nxp.mcuxpresso.tools.win32_11.3.0.202008311133/tools/bin/../lib/gcc/arm-none-eabi/9.3.1/../../../../arm-none-eabi/lib/thumb/v7-m/nofp\libc.a(lib_a-abort.o)
                0x0000c8ec                abort
 .text.__sflush_r
                0x0000c8fc      0x130 c:/nxp/mcuxpressoide_11.3.1_5262/ide/plugins/com.nxp.mcuxpresso.tools.win32_11.3.0.202008311133/tools/bin/../lib/gcc/arm-none-eabi/9.3.1/../../../../arm-none-eabi/lib/thumb/v7-m/nofp\libc.a(lib_a-fflush.o)
                0x0000c8fc                __sflush_r
 .text._fflush_r
                0x0000ca2c       0x5c c:/nxp/mcuxpressoide_11.3.1_5262/ide/plugins/com.nxp.mcuxpresso.tools.win32_11.3.0.202008311133/tools/bin/../lib/gcc/arm-none-eabi/9.3.1/../../../../arm-none-eabi/lib/thumb/v7-m/nofp\libc.a(lib_a-fflush.o)
                0x0000ca2c                _fflush_r
 .text.std      0x0000ca88       0x50 c:/nxp/mcuxpressoide_11.3.1_5262/ide/plugins/com.nxp.mcuxpresso.tools.win32_11.3.0.202008311133/tools/bin/../lib/gcc/arm-none-eabi/9.3.1/../../../../arm-none-eabi/lib/thumb/v7-m/nofp\libc.a(lib_a-findfp.o)
 .text._cleanup_r
                0x0000cad8        0xc c:/nxp/mcuxpressoide_11.3.1_5262/ide/plugins/com.nxp.mcuxpresso.tools.win32_11.3.0.202008311133/tools/bin/../lib/gcc/arm-none-eabi/9.3.1/../../../../arm-none-eabi/lib/thumb/v7-m/nofp\libc.a(lib_a-findfp.o)
                0x0000cad8                _cleanup_r
 .text.__sinit  0x0000cae4       0x5c c:/nxp/mcuxpressoide_11.3.1_5262/ide/plugins/com.nxp.mcuxpresso.tools.win32_11.3.0.202008311133/tools/bin/../lib/gcc/arm-none-eabi/9.3.1/../../../../arm-none-eabi/lib/thumb/v7-m/nofp\libc.a(lib_a-findfp.o)
                0x0000cae4                __sinit
 .text.__sfp_lock_acquire
                0x0000cb40        0xc c:/nxp/mcuxpressoide_11.3.1_5262/ide/plugins/com.nxp.mcuxpresso.tools.win32_11.3.0.202008311133/tools/bin/../lib/gcc/arm-none-eabi/9.3.1/../../../../arm-none-eabi/lib/thumb/v7-m/nofp\libc.a(lib_a-findfp.o)
                0x0000cb40                __sfp_lock_acquire
 .text.__sfp_lock_release
                0x0000cb4c        0xc c:/nxp/mcuxpressoide_11.3.1_5262/ide/plugins/com.nxp.mcuxpresso.tools.win32_11.3.0.202008311133/tools/bin/../lib/gcc/arm-none-eabi/9.3.1/../../../../arm-none-eabi/lib/thumb/v7-m/nofp\libc.a(lib_a-findfp.o)
                0x0000cb4c                __sfp_lock_release
 .text.__fputwc
                0x0000cb58       0xa0 c:/nxp/mcuxpressoide_11.3.1_5262/ide/plugins/com.nxp.mcuxpresso.tools.win32_11.3.0.202008311133/tools/bin/../lib/gcc/arm-none-eabi/9.3.1/../../../../arm-none-eabi/lib/thumb/v7-m/nofp\libc.a(lib_a-fputwc.o)
                0x0000cb58                __fputwc
 .text._fputwc_r
                0x0000cbf8       0x68 c:/nxp/mcuxpressoide_11.3.1_5262/ide/plugins/com.nxp.mcuxpresso.tools.win32_11.3.0.202008311133/tools/bin/../lib/gcc/arm-none-eabi/9.3.1/../../../../arm-none-eabi/lib/thumb/v7-m/nofp\libc.a(lib_a-fputwc.o)
                0x0000cbf8                _fputwc_r
 .text.__sfvwrite_r
                0x0000cc60      0x2ec c:/nxp/mcuxpressoide_11.3.1_5262/ide/plugins/com.nxp.mcuxpresso.tools.win32_11.3.0.202008311133/tools/bin/../lib/gcc/arm-none-eabi/9.3.1/../../../../arm-none-eabi/lib/thumb/v7-m/nofp\libc.a(lib_a-fvwrite.o)
                0x0000cc60                __sfvwrite_r
 .text._fwalk_reent
                0x0000cf4c       0x48 c:/nxp/mcuxpressoide_11.3.1_5262/ide/plugins/com.nxp.mcuxpresso.tools.win32_11.3.0.202008311133/tools/bin/../lib/gcc/arm-none-eabi/9.3.1/../../../../arm-none-eabi/lib/thumb/v7-m/nofp\libc.a(lib_a-fwalk.o)
                0x0000cf4c                _fwalk_reent
 .text.__swhatbuf_r
                0x0000cf94       0x5c c:/nxp/mcuxpressoide_11.3.1_5262/ide/plugins/com.nxp.mcuxpresso.tools.win32_11.3.0.202008311133/tools/bin/../lib/gcc/arm-none-eabi/9.3.1/../../../../arm-none-eabi/lib/thumb/v7-m/nofp\libc.a(lib_a-makebuf.o)
                0x0000cf94                __swhatbuf_r
 .text.__smakebuf_r
                0x0000cff0       0x94 c:/nxp/mcuxpressoide_11.3.1_5262/ide/plugins/com.nxp.mcuxpresso.tools.win32_11.3.0.202008311133/tools/bin/../lib/gcc/arm-none-eabi/9.3.1/../../../../arm-none-eabi/lib/thumb/v7-m/nofp\libc.a(lib_a-makebuf.o)
                0x0000cff0                __smakebuf_r
 .text._raise_r
                0x0000d084       0x58 c:/nxp/mcuxpressoide_11.3.1_5262/ide/plugins/com.nxp.mcuxpresso.tools.win32_11.3.0.202008311133/tools/bin/../lib/gcc/arm-none-eabi/9.3.1/../../../../arm-none-eabi/lib/thumb/v7-m/nofp\libc.a(lib_a-signal.o)
                0x0000d084                _raise_r
 .text.raise    0x0000d0dc       0x10 c:/nxp/mcuxpressoide_11.3.1_5262/ide/plugins/com.nxp.mcuxpresso.tools.win32_11.3.0.202008311133/tools/bin/../lib/gcc/arm-none-eabi/9.3.1/../../../../arm-none-eabi/lib/thumb/v7-m/nofp\libc.a(lib_a-signal.o)
                0x0000d0dc                raise
 .text._kill_r  0x0000d0ec       0x2c c:/nxp/mcuxpressoide_11.3.1_5262/ide/plugins/com.nxp.mcuxpresso.tools.win32_11.3.0.202008311133/tools/bin/../lib/gcc/arm-none-eabi/9.3.1/../../../../arm-none-eabi/lib/thumb/v7-m/nofp\libc.a(lib_a-signalr.o)
                0x0000d0ec                _kill_r
 .text._getpid_r
                0x0000d118        0x4 c:/nxp/mcuxpressoide_11.3.1_5262/ide/plugins/com.nxp.mcuxpresso.tools.win32_11.3.0.202008311133/tools/bin/../lib/gcc/arm-none-eabi/9.3.1/../../../../arm-none-eabi/lib/thumb/v7-m/nofp\libc.a(lib_a-signalr.o)
                0x0000d118                _getpid_r
 .text.__sread  0x0000d11c       0x24 c:/nxp/mcuxpressoide_11.3.1_5262/ide/plugins/com.nxp.mcuxpresso.tools.win32_11.3.0.202008311133/tools/bin/../lib/gcc/arm-none-eabi/9.3.1/../../../../arm-none-eabi/lib/thumb/v7-m/nofp\libc.a(lib_a-stdio.o)
                0x0000d11c                __sread
 .text.__swrite
                0x0000d140       0x40 c:/nxp/mcuxpressoide_11.3.1_5262/ide/plugins/com.nxp.mcuxpresso.tools.win32_11.3.0.202008311133/tools/bin/../lib/gcc/arm-none-eabi/9.3.1/../../../../arm-none-eabi/lib/thumb/v7-m/nofp\libc.a(lib_a-stdio.o)
                0x0000d140                __swrite
 .text.__sseek  0x0000d180       0x20 c:/nxp/mcuxpressoide_11.3.1_5262/ide/plugins/com.nxp.mcuxpresso.tools.win32_11.3.0.202008311133/tools/bin/../lib/gcc/arm-none-eabi/9.3.1/../../../../arm-none-eabi/lib/thumb/v7-m/nofp\libc.a(lib_a-stdio.o)
                0x0000d180                __sseek
 .text.__sclose
                0x0000d1a0        0x8 c:/nxp/mcuxpressoide_11.3.1_5262/ide/plugins/com.nxp.mcuxpresso.tools.win32_11.3.0.202008311133/tools/bin/../lib/gcc/arm-none-eabi/9.3.1/../../../../arm-none-eabi/lib/thumb/v7-m/nofp\libc.a(lib_a-stdio.o)
                0x0000d1a0                __sclose
 .text.__swbuf_r
                0x0000d1a8       0xb0 c:/nxp/mcuxpressoide_11.3.1_5262/ide/plugins/com.nxp.mcuxpresso.tools.win32_11.3.0.202008311133/tools/bin/../lib/gcc/arm-none-eabi/9.3.1/../../../../arm-none-eabi/lib/thumb/v7-m/nofp\libc.a(lib_a-wbuf.o)
                0x0000d1a8                __swbuf_r
 .text._wcrtomb_r
                0x0000d258       0x3c c:/nxp/mcuxpressoide_11.3.1_5262/ide/plugins/com.nxp.mcuxpresso.tools.win32_11.3.0.202008311133/tools/bin/../lib/gcc/arm-none-eabi/9.3.1/../../../../arm-none-eabi/lib/thumb/v7-m/nofp\libc.a(lib_a-wcrtomb.o)
                0x0000d258                _wcrtomb_r
 .text._write_r
                0x0000d294       0x2c c:/nxp/mcuxpressoide_11.3.1_5262/ide/plugins/com.nxp.mcuxpresso.tools.win32_11.3.0.202008311133/tools/bin/../lib/gcc/arm-none-eabi/9.3.1/../../../../arm-none-eabi/lib/thumb/v7-m/nofp\libc.a(lib_a-writer.o)
                0x0000d294                _write_r
 .text._close_r
                0x0000d2c0       0x24 c:/nxp/mcuxpressoide_11.3.1_5262/ide/plugins/com.nxp.mcuxpresso.tools.win32_11.3.0.202008311133/tools/bin/../lib/gcc/arm-none-eabi/9.3.1/../../../../arm-none-eabi/lib/thumb/v7-m/nofp\libc.a(lib_a-closer.o)
                0x0000d2c0                _close_r
 .text._fclose_r
                0x0000d2e4       0xcc c:/nxp/mcuxpressoide_11.3.1_5262/ide/plugins/com.nxp.mcuxpresso.tools.win32_11.3.0.202008311133/tools/bin/../lib/gcc/arm-none-eabi/9.3.1/../../../../arm-none-eabi/lib/thumb/v7-m/nofp\libc.a(lib_a-fclose.o)
                0x0000d2e4                _fclose_r
 .text._fstat_r
                0x0000d3b0       0x2c c:/nxp/mcuxpressoide_11.3.1_5262/ide/plugins/com.nxp.mcuxpresso.tools.win32_11.3.0.202008311133/tools/bin/../lib/gcc/arm-none-eabi/9.3.1/../../../../arm-none-eabi/lib/thumb/v7-m/nofp\libc.a(lib_a-fstatr.o)
                0x0000d3b0                _fstat_r
 .text._isatty_r
                0x0000d3dc       0x24 c:/nxp/mcuxpressoide_11.3.1_5262/ide/plugins/com.nxp.mcuxpresso.tools.win32_11.3.0.202008311133/tools/bin/../lib/gcc/arm-none-eabi/9.3.1/../../../../arm-none-eabi/lib/thumb/v7-m/nofp\libc.a(lib_a-isattyr.o)
                0x0000d3dc                _isatty_r
 .text._lseek_r
                0x0000d400       0x2c c:/nxp/mcuxpressoide_11.3.1_5262/ide/plugins/com.nxp.mcuxpresso.tools.win32_11.3.0.202008311133/tools/bin/../lib/gcc/arm-none-eabi/9.3.1/../../../../arm-none-eabi/lib/thumb/v7-m/nofp\libc.a(lib_a-lseekr.o)
                0x0000d400                _lseek_r
 .text._read_r  0x0000d42c       0x2c c:/nxp/mcuxpressoide_11.3.1_5262/ide/plugins/com.nxp.mcuxpresso.tools.win32_11.3.0.202008311133/tools/bin/../lib/gcc/arm-none-eabi/9.3.1/../../../../arm-none-eabi/lib/thumb/v7-m/nofp\libc.a(lib_a-readr.o)
                0x0000d42c                _read_r
 .text._sbrk    0x0000d458       0x3c c:/nxp/mcuxpressoide_11.3.1_5262/ide/plugins/com.nxp.mcuxpresso.tools.win32_11.3.0.202008311133/tools/bin/../lib/gcc/arm-none-eabi/9.3.1/../../../../arm-none-eabi/lib/thumb/v7-m/nofp\libcr_newlib_semihost.a(_cr_sbrk.o)
                0x0000d458                _sbrk
 .text._exit    0x0000d494        0x8 c:/nxp/mcuxpressoide_11.3.1_5262/ide/plugins/com.nxp.mcuxpresso.tools.win32_11.3.0.202008311133/tools/bin/../lib/gcc/arm-none-eabi/9.3.1/../../../../arm-none-eabi/lib/thumb/v7-m/nofp\libcr_newlib_semihost.a(_exit.o)
                0x0000d494                _exit
 .text._kill    0x0000d49c       0x20 c:/nxp/mcuxpressoide_11.3.1_5262/ide/plugins/com.nxp.mcuxpresso.tools.win32_11.3.0.202008311133/tools/bin/../lib/gcc/arm-none-eabi/9.3.1/../../../../arm-none-eabi/lib/thumb/v7-m/nofp\libcr_newlib_semihost.a(_kill.o)
                0x0000d49c                _kill
 .text.error    0x0000d4bc       0x1c c:/nxp/mcuxpressoide_11.3.1_5262/ide/plugins/com.nxp.mcuxpresso.tools.win32_11.3.0.202008311133/tools/bin/../lib/gcc/arm-none-eabi/9.3.1/../../../../arm-none-eabi/lib/thumb/v7-m/nofp\libcr_newlib_semihost.a(syscalls.o)
 .text.initialise_monitor_handles
                0x0000d4d8       0xac c:/nxp/mcuxpressoide_11.3.1_5262/ide/plugins/com.nxp.mcuxpresso.tools.win32_11.3.0.202008311133/tools/bin/../lib/gcc/arm-none-eabi/9.3.1/../../../../arm-none-eabi/lib/thumb/v7-m/nofp\libcr_newlib_semihost.a(syscalls.o)
 .text.findslot
                0x0000d584       0x24 c:/nxp/mcuxpressoide_11.3.1_5262/ide/plugins/com.nxp.mcuxpresso.tools.win32_11.3.0.202008311133/tools/bin/../lib/gcc/arm-none-eabi/9.3.1/../../../../arm-none-eabi/lib/thumb/v7-m/nofp\libcr_newlib_semihost.a(syscalls.o)
 .text.checkerror
                0x0000d5a8       0x20 c:/nxp/mcuxpressoide_11.3.1_5262/ide/plugins/com.nxp.mcuxpresso.tools.win32_11.3.0.202008311133/tools/bin/../lib/gcc/arm-none-eabi/9.3.1/../../../../arm-none-eabi/lib/thumb/v7-m/nofp\libcr_newlib_semihost.a(syscalls.o)
 .text._swiread
                0x0000d5c8       0x20 c:/nxp/mcuxpressoide_11.3.1_5262/ide/plugins/com.nxp.mcuxpresso.tools.win32_11.3.0.202008311133/tools/bin/../lib/gcc/arm-none-eabi/9.3.1/../../../../arm-none-eabi/lib/thumb/v7-m/nofp\libcr_newlib_semihost.a(syscalls.o)
                0x0000d5c8                _swiread
 .text._read    0x0000d5e8       0x34 c:/nxp/mcuxpressoide_11.3.1_5262/ide/plugins/com.nxp.mcuxpresso.tools.win32_11.3.0.202008311133/tools/bin/../lib/gcc/arm-none-eabi/9.3.1/../../../../arm-none-eabi/lib/thumb/v7-m/nofp\libcr_newlib_semihost.a(syscalls.o)
                0x0000d5e8                _read
 .text._swilseek
                0x0000d61c       0x78 c:/nxp/mcuxpressoide_11.3.1_5262/ide/plugins/com.nxp.mcuxpresso.tools.win32_11.3.0.202008311133/tools/bin/../lib/gcc/arm-none-eabi/9.3.1/../../../../arm-none-eabi/lib/thumb/v7-m/nofp\libcr_newlib_semihost.a(syscalls.o)
                0x0000d61c                _swilseek
 .text._lseek   0x0000d694        0x4 c:/nxp/mcuxpressoide_11.3.1_5262/ide/plugins/com.nxp.mcuxpresso.tools.win32_11.3.0.202008311133/tools/bin/../lib/gcc/arm-none-eabi/9.3.1/../../../../arm-none-eabi/lib/thumb/v7-m/nofp\libcr_newlib_semihost.a(syscalls.o)
                0x0000d694                _lseek
 .text._swiwrite
                0x0000d698       0x20 c:/nxp/mcuxpressoide_11.3.1_5262/ide/plugins/com.nxp.mcuxpresso.tools.win32_11.3.0.202008311133/tools/bin/../lib/gcc/arm-none-eabi/9.3.1/../../../../arm-none-eabi/lib/thumb/v7-m/nofp\libcr_newlib_semihost.a(syscalls.o)
                0x0000d698                _swiwrite
 .text._write   0x0000d6b8       0x40 c:/nxp/mcuxpressoide_11.3.1_5262/ide/plugins/com.nxp.mcuxpresso.tools.win32_11.3.0.202008311133/tools/bin/../lib/gcc/arm-none-eabi/9.3.1/../../../../arm-none-eabi/lib/thumb/v7-m/nofp\libcr_newlib_semihost.a(syscalls.o)
                0x0000d6b8                _write
 .text._swiclose
                0x0000d6f8       0x1a c:/nxp/mcuxpressoide_11.3.1_5262/ide/plugins/com.nxp.mcuxpresso.tools.win32_11.3.0.202008311133/tools/bin/../lib/gcc/arm-none-eabi/9.3.1/../../../../arm-none-eabi/lib/thumb/v7-m/nofp\libcr_newlib_semihost.a(syscalls.o)
                0x0000d6f8                _swiclose
 *fill*         0x0000d712        0x2 ff
 .text._close   0x0000d714       0x4c c:/nxp/mcuxpressoide_11.3.1_5262/ide/plugins/com.nxp.mcuxpresso.tools.win32_11.3.0.202008311133/tools/bin/../lib/gcc/arm-none-eabi/9.3.1/../../../../arm-none-eabi/lib/thumb/v7-m/nofp\libcr_newlib_semihost.a(syscalls.o)
                0x0000d714                _close
 .text._getpid  0x0000d760        0x4 c:/nxp/mcuxpressoide_11.3.1_5262/ide/plugins/com.nxp.mcuxpresso.tools.win32_11.3.0.202008311133/tools/bin/../lib/gcc/arm-none-eabi/9.3.1/../../../../arm-none-eabi/lib/thumb/v7-m/nofp\libcr_newlib_semihost.a(syscalls.o)
                0x0000d760                _getpid
 .text._swistat
                0x0000d764       0x42 c:/nxp/mcuxpressoide_11.3.1_5262/ide/plugins/com.nxp.mcuxpresso.tools.win32_11.3.0.202008311133/tools/bin/../lib/gcc/arm-none-eabi/9.3.1/../../../../arm-none-eabi/lib/thumb/v7-m/nofp\libcr_newlib_semihost.a(syscalls.o)
                0x0000d764                _swistat
 .text._fstat   0x0000d7a6       0x1c c:/nxp/mcuxpressoide_11.3.1_5262/ide/plugins/com.nxp.mcuxpresso.tools.win32_11.3.0.202008311133/tools/bin/../lib/gcc/arm-none-eabi/9.3.1/../../../../arm-none-eabi/lib/thumb/v7-m/nofp\libcr_newlib_semihost.a(syscalls.o)
                0x0000d7a6                _fstat
 .text._isatty  0x0000d7c2       0x2a c:/nxp/mcuxpressoide_11.3.1_5262/ide/plugins/com.nxp.mcuxpresso.tools.win32_11.3.0.202008311133/tools/bin/../lib/gcc/arm-none-eabi/9.3.1/../../../../arm-none-eabi/lib/thumb/v7-m/nofp\libcr_newlib_semihost.a(syscalls.o)
                0x0000d7c2                _isatty
 .text.__check_heap_overflow
                0x0000d7ec       0x14 c:/nxp/mcuxpressoide_11.3.1_5262/ide/plugins/com.nxp.mcuxpresso.tools.win32_11.3.0.202008311133/tools/bin/../lib/gcc/arm-none-eabi/9.3.1/../../../../arm-none-eabi/lib/thumb/v7-m/nofp\libcr_newlib_semihost.a(_cr_check_heap.o)
                0x0000d7ec                __check_heap_overflow
 .text          0x0000d800      0x378 c:/nxp/mcuxpressoide_11.3.1_5262/ide/plugins/com.nxp.mcuxpresso.tools.win32_11.3.0.202008311133/tools/bin/../lib/gcc/arm-none-eabi/9.3.1/thumb/v7-m/nofp\libgcc.a(_arm_addsubdf3.o)
                0x0000d800                __aeabi_drsub
                0x0000d808                __aeabi_dsub
                0x0000d808                __subdf3
                0x0000d80c                __aeabi_dadd
                0x0000d80c                __adddf3
                0x0000da84                __floatunsidf
                0x0000da84                __aeabi_ui2d
                0x0000daa4                __floatsidf
                0x0000daa4                __aeabi_i2d
                0x0000dac8                __aeabi_f2d
                0x0000dac8                __extendsfdf2
                0x0000db0c                __floatundidf
                0x0000db0c                __aeabi_ul2d
                0x0000db1c                __floatdidf
                0x0000db1c                __aeabi_l2d
 .text          0x0000db78      0x424 c:/nxp/mcuxpressoide_11.3.1_5262/ide/plugins/com.nxp.mcuxpresso.tools.win32_11.3.0.202008311133/tools/bin/../lib/gcc/arm-none-eabi/9.3.1/thumb/v7-m/nofp\libgcc.a(_arm_muldivdf3.o)
                0x0000db78                __aeabi_dmul
                0x0000db78                __muldf3
                0x0000ddcc                __divdf3
                0x0000ddcc                __aeabi_ddiv
 .text          0x0000df9c      0x110 c:/nxp/mcuxpressoide_11.3.1_5262/ide/plugins/com.nxp.mcuxpresso.tools.win32_11.3.0.202008311133/tools/bin/../lib/gcc/arm-none-eabi/9.3.1/thumb/v7-m/nofp\libgcc.a(_arm_cmpdf2.o)
                0x0000df9c                __gtdf2
                0x0000df9c                __gedf2
                0x0000dfa4                __ltdf2
                0x0000dfa4                __ledf2
                0x0000dfac                __nedf2
                0x0000dfac                __eqdf2
                0x0000dfac                __cmpdf2
                0x0000e028                __aeabi_cdrcmple
                0x0000e038                __aeabi_cdcmpeq
                0x0000e038                __aeabi_cdcmple
                0x0000e048                __aeabi_dcmpeq
                0x0000e05c                __aeabi_dcmplt
                0x0000e070                __aeabi_dcmple
                0x0000e084                __aeabi_dcmpge
                0x0000e098                __aeabi_dcmpgt
 .text          0x0000e0ac       0x2c c:/nxp/mcuxpressoide_11.3.1_5262/ide/plugins/com.nxp.mcuxpresso.tools.win32_11.3.0.202008311133/tools/bin/../lib/gcc/arm-none-eabi/9.3.1/thumb/v7-m/nofp\libgcc.a(_arm_unorddf2.o)
                0x0000e0ac                __unorddf2
                0x0000e0ac                __aeabi_dcmpun
 .text          0x0000e0d8       0x50 c:/nxp/mcuxpressoide_11.3.1_5262/ide/plugins/com.nxp.mcuxpresso.tools.win32_11.3.0.202008311133/tools/bin/../lib/gcc/arm-none-eabi/9.3.1/thumb/v7-m/nofp\libgcc.a(_arm_fixdfsi.o)
                0x0000e0d8                __aeabi_d2iz
                0x0000e0d8                __fixdfsi
 .text.__errno  0x0000e128        0xc c:/nxp/mcuxpressoide_11.3.1_5262/ide/plugins/com.nxp.mcuxpresso.tools.win32_11.3.0.202008311133/tools/bin/../lib/gcc/arm-none-eabi/9.3.1/../../../../arm-none-eabi/lib/thumb/v7-m/nofp\libc.a(lib_a-errno.o)
                0x0000e128                __errno
 *(.rodata .rodata.* .constdata .constdata.*)
 .rodata.str1.4
                0x0000e134       0x19 ./src/ff.o
 *fill*         0x0000e14d        0x3 ff
 .rodata.str1.4
                0x0000e150      0x455 ./src/main.o
                                0x459 (size before relaxing)
 *fill*         0x0000e5a5        0x3 ff
 .rodata        0x0000e5a8        0x2 ./src/main.o
 *fill*         0x0000e5aa        0x2 ff
 .rodata        0x0000e5ac        0x8 C:\Users\student\Desktop\embedded_systems-main\Lib_EaBaseBoard\Debug\libLib_EaBaseBoard.a(oled.o)
 .rodata        0x0000e5b4      0x300 C:\Users\student\Desktop\embedded_systems-main\Lib_EaBaseBoard\Debug\libLib_EaBaseBoard.a(font5x7.o)
                0x0000e5b4                font5x7
 .rodata.str1.4
                0x0000e8b4        0xf C:\Users\student\Desktop\embedded_systems-main\Lib_MCU\Debug\libLib_MCU.a(lpc17xx_adc.o)
 *fill*         0x0000e8c3        0x1 ff
 .rodata.str1.4
                0x0000e8c4        0xf C:\Users\student\Desktop\embedded_systems-main\Lib_MCU\Debug\libLib_MCU.a(lpc17xx_i2c.o)
 *fill*         0x0000e8d3        0x1 ff
 .rodata.str1.4
                0x0000e8d4        0xf C:\Users\student\Desktop\embedded_systems-main\Lib_MCU\Debug\libLib_MCU.a(lpc17xx_rtc.o)
 *fill*         0x0000e8e3        0x1 ff
 .rodata.str1.4
                0x0000e8e4        0xf C:\Users\student\Desktop\embedded_systems-main\Lib_MCU\Debug\libLib_MCU.a(lpc17xx_ssp.o)
 *fill*         0x0000e8f3        0x1 ff
 .rodata.str1.4
                0x0000e8f4       0x11 C:\Users\student\Desktop\embedded_systems-main\Lib_MCU\Debug\libLib_MCU.a(lpc17xx_timer.o)
 *fill*         0x0000e905        0x3 ff
 .rodata._svfprintf_r.str1.4
                0x0000e908       0x42 c:/nxp/mcuxpressoide_11.3.1_5262/ide/plugins/com.nxp.mcuxpresso.tools.win32_11.3.0.202008311133/tools/bin/../lib/gcc/arm-none-eabi/9.3.1/../../../../arm-none-eabi/lib/thumb/v7-m/nofp\libc.a(lib_a-svfprintf.o)
 *fill*         0x0000e94a        0x2 ff
 .rodata.blanks.7335
                0x0000e94c       0x10 c:/nxp/mcuxpressoide_11.3.1_5262/ide/plugins/com.nxp.mcuxpresso.tools.win32_11.3.0.202008311133/tools/bin/../lib/gcc/arm-none-eabi/9.3.1/../../../../arm-none-eabi/lib/thumb/v7-m/nofp\libc.a(lib_a-svfprintf.o)
 .rodata.zeroes.7336
                0x0000e95c       0x10 c:/nxp/mcuxpressoide_11.3.1_5262/ide/plugins/com.nxp.mcuxpresso.tools.win32_11.3.0.202008311133/tools/bin/../lib/gcc/arm-none-eabi/9.3.1/../../../../arm-none-eabi/lib/thumb/v7-m/nofp\libc.a(lib_a-svfprintf.o)
 .rodata._dtoa_r.str1.4
                0x0000e96c       0xa0 c:/nxp/mcuxpressoide_11.3.1_5262/ide/plugins/com.nxp.mcuxpresso.tools.win32_11.3.0.202008311133/tools/bin/../lib/gcc/arm-none-eabi/9.3.1/../../../../arm-none-eabi/lib/thumb/v7-m/nofp\libc.a(lib_a-dtoa.o)
                                 0xa4 (size before relaxing)
 .rodata.__multadd.str1.4
                0x0000ea0c       0x7d c:/nxp/mcuxpressoide_11.3.1_5262/ide/plugins/com.nxp.mcuxpresso.tools.win32_11.3.0.202008311133/tools/bin/../lib/gcc/arm-none-eabi/9.3.1/../../../../arm-none-eabi/lib/thumb/v7-m/nofp\libc.a(lib_a-mprec.o)
                                 0x91 (size before relaxing)
 *fill*         0x0000ea89        0x7 ff
 .rodata.__mprec_bigtens
                0x0000ea90       0x28 c:/nxp/mcuxpressoide_11.3.1_5262/ide/plugins/com.nxp.mcuxpresso.tools.win32_11.3.0.202008311133/tools/bin/../lib/gcc/arm-none-eabi/9.3.1/../../../../arm-none-eabi/lib/thumb/v7-m/nofp\libc.a(lib_a-mprec.o)
                0x0000ea90                __mprec_bigtens
 .rodata.__mprec_tens
                0x0000eab8       0xc8 c:/nxp/mcuxpressoide_11.3.1_5262/ide/plugins/com.nxp.mcuxpresso.tools.win32_11.3.0.202008311133/tools/bin/../lib/gcc/arm-none-eabi/9.3.1/../../../../arm-none-eabi/lib/thumb/v7-m/nofp\libc.a(lib_a-mprec.o)
                0x0000eab8                __mprec_tens
 .rodata.p05.6122
                0x0000eb80        0xc c:/nxp/mcuxpressoide_11.3.1_5262/ide/plugins/com.nxp.mcuxpresso.tools.win32_11.3.0.202008311133/tools/bin/../lib/gcc/arm-none-eabi/9.3.1/../../../../arm-none-eabi/lib/thumb/v7-m/nofp\libc.a(lib_a-mprec.o)
 .rodata.__assert_func.str1.4
                0x0000eb8c       0x3f c:/nxp/mcuxpressoide_11.3.1_5262/ide/plugins/com.nxp.mcuxpresso.tools.win32_11.3.0.202008311133/tools/bin/../lib/gcc/arm-none-eabi/9.3.1/../../../../arm-none-eabi/lib/thumb/v7-m/nofp\libc.a(lib_a-assert.o)
                                 0x43 (size before relaxing)
 *fill*         0x0000ebcb        0x1 ff
 .rodata._setlocale_r.str1.4
                0x0000ebcc        0xa c:/nxp/mcuxpressoide_11.3.1_5262/ide/plugins/com.nxp.mcuxpresso.tools.win32_11.3.0.202008311133/tools/bin/../lib/gcc/arm-none-eabi/9.3.1/../../../../arm-none-eabi/lib/thumb/v7-m/nofp\libc.a(lib_a-locale.o)
                                  0xd (size before relaxing)
 *fill*         0x0000ebd6        0x2 ff
 .rodata.str1.4
                0x0000ebd8        0x2 c:/nxp/mcuxpressoide_11.3.1_5262/ide/plugins/com.nxp.mcuxpresso.tools.win32_11.3.0.202008311133/tools/bin/../lib/gcc/arm-none-eabi/9.3.1/../../../../arm-none-eabi/lib/thumb/v7-m/nofp\libc.a(lib_a-locale.o)
 .rodata._vfiprintf_r.str1.4
                0x0000ebda       0x2f c:/nxp/mcuxpressoide_11.3.1_5262/ide/plugins/com.nxp.mcuxpresso.tools.win32_11.3.0.202008311133/tools/bin/../lib/gcc/arm-none-eabi/9.3.1/../../../../arm-none-eabi/lib/thumb/v7-m/nofp\libc.a(lib_a-vfiprintf.o)
 *fill*         0x0000ebda        0x2 ff
 .rodata.blanks.7328
                0x0000ebdc       0x10 c:/nxp/mcuxpressoide_11.3.1_5262/ide/plugins/com.nxp.mcuxpresso.tools.win32_11.3.0.202008311133/tools/bin/../lib/gcc/arm-none-eabi/9.3.1/../../../../arm-none-eabi/lib/thumb/v7-m/nofp\libc.a(lib_a-vfiprintf.o)
 .rodata.zeroes.7329
                0x0000ebec       0x10 c:/nxp/mcuxpressoide_11.3.1_5262/ide/plugins/com.nxp.mcuxpresso.tools.win32_11.3.0.202008311133/tools/bin/../lib/gcc/arm-none-eabi/9.3.1/../../../../arm-none-eabi/lib/thumb/v7-m/nofp\libc.a(lib_a-vfiprintf.o)
 .rodata._ctype_
                0x0000ebfc      0x101 c:/nxp/mcuxpressoide_11.3.1_5262/ide/plugins/com.nxp.mcuxpresso.tools.win32_11.3.0.202008311133/tools/bin/../lib/gcc/arm-none-eabi/9.3.1/../../../../arm-none-eabi/lib/thumb/v7-m/nofp\libc.a(lib_a-ctype_.o)
                0x0000ebfc                _ctype_
 .rodata.initialise_monitor_handles.str1.1
                0x0000ecfd        0x4 c:/nxp/mcuxpressoide_11.3.1_5262/ide/plugins/com.nxp.mcuxpresso.tools.win32_11.3.0.202008311133/tools/bin/../lib/gcc/arm-none-eabi/9.3.1/../../../../arm-none-eabi/lib/thumb/v7-m/nofp\libcr_newlib_semihost.a(syscalls.o)
                0x0000ed04                . = ALIGN (0x4)
 *fill*         0x0000ed01        0x3 ff

.glue_7         0x0000ed04        0x0
 .glue_7        0x0000ed04        0x0 linker stubs

.glue_7t        0x0000ed04        0x0
 .glue_7t       0x0000ed04        0x0 linker stubs

.vfp11_veneer   0x0000ed04        0x0
 .vfp11_veneer  0x0000ed04        0x0 linker stubs

.v4_bx          0x0000ed04        0x0
 .v4_bx         0x0000ed04        0x0 linker stubs

.iplt           0x0000ed04        0x0
 .iplt          0x0000ed04        0x0 ./src/cr_startup_lpc17.o

.ARM.extab
 *(.ARM.extab* .gnu.linkonce.armextab.*)

.ARM.exidx      0x0000ed04        0x8
                0x0000ed04                __exidx_start = .
 *(.ARM.exidx* .gnu.linkonce.armexidx.*)
 .ARM.exidx     0x0000ed04        0x8 c:/nxp/mcuxpressoide_11.3.1_5262/ide/plugins/com.nxp.mcuxpresso.tools.win32_11.3.0.202008311133/tools/bin/../lib/gcc/arm-none-eabi/9.3.1/thumb/v7-m/nofp\libgcc.a(_udivmoddi4.o)
                0x0000ed0c                __exidx_end = .
                0x0000ed0c                _etext = .

.rel.dyn        0x0000ed0c        0x0
 .rel.iplt      0x0000ed0c        0x0 ./src/cr_startup_lpc17.o

.data_RAM2      0x2007c000        0x0 load address 0x0000ed0c
 FILL mask 0xff
                [!provide]                PROVIDE (__start_data_RAM2 = .)
                [!provide]                PROVIDE (__start_data_RamAHB32 = .)
 *(.ramfunc.$RAM2)
 *(.ramfunc.$RamAHB32)
 *(.data.$RAM2)
 *(.data.$RamAHB32)
 *(.data.$RAM2.*)
 *(.data.$RamAHB32.*)
                0x2007c000                . = ALIGN (0x4)
                [!provide]                PROVIDE (__end_data_RAM2 = .)
                [!provide]                PROVIDE (__end_data_RamAHB32 = .)

.uninit_RESERVED
                0x10000000        0x0
                0x10000000                _start_uninit_RESERVED = .
 *(.bss.$RESERVED*)
                0x10000000                . = ALIGN (0x4)
                0x10000000                _end_uninit_RESERVED = .

.data           0x10000000      0xa04 load address 0x0000ed0c
 FILL mask 0xff
                0x10000000                _data = .
                [!provide]                PROVIDE (__start_data_RAM = .)
                [!provide]                PROVIDE (__start_data_RamLoc32 = .)
 *(vtable)
 *(.ramfunc*)
 *(CodeQuickAccess)
 *(DataQuickAccess)
 *(RamFunction)
 *(.data*)
 .data          0x10000000       0x48 ./src/main.o
                0x10000000                RTCx
                0x10000004                buzzer_sound
                0x10000008                erase_sound
 .data          0x10000048        0x1 ./src/mmc.o
 *fill*         0x10000049        0x3 ff
 .data          0x1000004c        0x4 C:\Users\student\Desktop\embedded_systems-main\Lib_CMSISv1p30_LPC17xx\Debug\libCMSISv1p30_LPC17xx.a(system_LPC17xx.o)
                0x1000004c                SystemCoreClock
 .data          0x10000050        0x8 C:\Users\student\Desktop\embedded_systems-main\Lib_EaBaseBoard\Debug\libLib_EaBaseBoard.a(light.o)
 .data.__malloc_av_
                0x10000058      0x408 c:/nxp/mcuxpressoide_11.3.1_5262/ide/plugins/com.nxp.mcuxpresso.tools.win32_11.3.0.202008311133/tools/bin/../lib/gcc/arm-none-eabi/9.3.1/../../../../arm-none-eabi/lib/thumb/v7-m/nofp\libc.a(lib_a-mallocr.o)
                0x10000058                __malloc_av_
 .data.__malloc_sbrk_base
                0x10000460        0x4 c:/nxp/mcuxpressoide_11.3.1_5262/ide/plugins/com.nxp.mcuxpresso.tools.win32_11.3.0.202008311133/tools/bin/../lib/gcc/arm-none-eabi/9.3.1/../../../../arm-none-eabi/lib/thumb/v7-m/nofp\libc.a(lib_a-mallocr.o)
                0x10000460                __malloc_sbrk_base
 .data.__malloc_trim_threshold
                0x10000464        0x4 c:/nxp/mcuxpressoide_11.3.1_5262/ide/plugins/com.nxp.mcuxpresso.tools.win32_11.3.0.202008311133/tools/bin/../lib/gcc/arm-none-eabi/9.3.1/../../../../arm-none-eabi/lib/thumb/v7-m/nofp\libc.a(lib_a-mallocr.o)
                0x10000464                __malloc_trim_threshold
 .data._impure_ptr
                0x10000468        0x4 c:/nxp/mcuxpressoide_11.3.1_5262/ide/plugins/com.nxp.mcuxpresso.tools.win32_11.3.0.202008311133/tools/bin/../lib/gcc/arm-none-eabi/9.3.1/../../../../arm-none-eabi/lib/thumb/v7-m/nofp\libc.a(lib_a-impure.o)
                0x10000468                _impure_ptr
 *fill*         0x1000046c        0x4 ff
 .data.impure_data
                0x10000470      0x428 c:/nxp/mcuxpressoide_11.3.1_5262/ide/plugins/com.nxp.mcuxpresso.tools.win32_11.3.0.202008311133/tools/bin/../lib/gcc/arm-none-eabi/9.3.1/../../../../arm-none-eabi/lib/thumb/v7-m/nofp\libc.a(lib_a-impure.o)
 .data.__global_locale
                0x10000898      0x16c c:/nxp/mcuxpressoide_11.3.1_5262/ide/plugins/com.nxp.mcuxpresso.tools.win32_11.3.0.202008311133/tools/bin/../lib/gcc/arm-none-eabi/9.3.1/../../../../arm-none-eabi/lib/thumb/v7-m/nofp\libc.a(lib_a-locale.o)
                0x10000898                __global_locale
                0x10000a04                . = ALIGN (0x4)
                0x10000a04                _edata = .
                [!provide]                PROVIDE (__end_data_RAM = .)
                [!provide]                PROVIDE (__end_data_RamLoc32 = .)

.igot.plt       0x10000a04        0x0 load address 0x0000f710
 .igot.plt      0x10000a04        0x0 ./src/cr_startup_lpc17.o

.bss_RAM2       0x2007c000        0x0
                [!provide]                PROVIDE (__start_bss_RAM2 = .)
                [!provide]                PROVIDE (__start_bss_RamAHB32 = .)
 *(.bss.$RAM2)
 *(.bss.$RamAHB32)
 *(.bss.$RAM2.*)
 *(.bss.$RamAHB32.*)
                0x2007c000                . = ALIGN ((. != 0x0)?0x4:0x1)
                [!provide]                PROVIDE (__end_bss_RAM2 = .)
                [!provide]                PROVIDE (__end_bss_RamAHB32 = .)

.bss            0x10000a04      0x6f8
                0x10000a04                _bss = .
                [!provide]                PROVIDE (__start_bss_RAM = .)
                [!provide]                PROVIDE (__start_bss_RamLoc32 = .)
 *(.bss*)
 .bss           0x10000a04        0x6 ./src/ff.o
 *fill*         0x10000a0a        0x2 
 .bss           0x10000a0c      0x2e0 ./src/main.o
                0x10000ab4                bw
                0x10000ab8                br
 .bss           0x10000cec        0x4 ./src/mmc.o
 .bss           0x10000cf0      0x300 C:\Users\student\Desktop\embedded_systems-main\Lib_EaBaseBoard\Debug\libLib_EaBaseBoard.a(oled.o)
 .bss           0x10000ff0        0x6 C:\Users\student\Desktop\embedded_systems-main\Lib_EaBaseBoard\Debug\libLib_EaBaseBoard.a(pca9532.o)
 *fill*         0x10000ff6        0x2 
 .bss           0x10000ff8        0x4 C:\Users\student\Desktop\embedded_systems-main\Lib_EaBaseBoard\Debug\libLib_EaBaseBoard.a(temp.o)
 .bss           0x10000ffc       0x34 C:\Users\student\Desktop\embedded_systems-main\Lib_MCU\Debug\libLib_MCU.a(lpc17xx_i2c.o)
 .bss.__malloc_current_mallinfo
                0x10001030       0x28 c:/nxp/mcuxpressoide_11.3.1_5262/ide/plugins/com.nxp.mcuxpresso.tools.win32_11.3.0.202008311133/tools/bin/../lib/gcc/arm-none-eabi/9.3.1/../../../../arm-none-eabi/lib/thumb/v7-m/nofp\libc.a(lib_a-mallocr.o)
                0x10001030                __malloc_current_mallinfo
 .bss.__malloc_max_sbrked_mem
                0x10001058        0x4 c:/nxp/mcuxpressoide_11.3.1_5262/ide/plugins/com.nxp.mcuxpresso.tools.win32_11.3.0.202008311133/tools/bin/../lib/gcc/arm-none-eabi/9.3.1/../../../../arm-none-eabi/lib/thumb/v7-m/nofp\libc.a(lib_a-mallocr.o)
                0x10001058                __malloc_max_sbrked_mem
 .bss.__malloc_max_total_mem
                0x1000105c        0x4 c:/nxp/mcuxpressoide_11.3.1_5262/ide/plugins/com.nxp.mcuxpresso.tools.win32_11.3.0.202008311133/tools/bin/../lib/gcc/arm-none-eabi/9.3.1/../../../../arm-none-eabi/lib/thumb/v7-m/nofp\libc.a(lib_a-mallocr.o)
                0x1000105c                __malloc_max_total_mem
 .bss.__malloc_top_pad
                0x10001060        0x4 c:/nxp/mcuxpressoide_11.3.1_5262/ide/plugins/com.nxp.mcuxpresso.tools.win32_11.3.0.202008311133/tools/bin/../lib/gcc/arm-none-eabi/9.3.1/../../../../arm-none-eabi/lib/thumb/v7-m/nofp\libc.a(lib_a-mallocr.o)
                0x10001060                __malloc_top_pad
 .bss.__end_of_heap
                0x10001064        0x4 c:/nxp/mcuxpressoide_11.3.1_5262/ide/plugins/com.nxp.mcuxpresso.tools.win32_11.3.0.202008311133/tools/bin/../lib/gcc/arm-none-eabi/9.3.1/../../../../arm-none-eabi/lib/thumb/v7-m/nofp\libcr_newlib_semihost.a(_cr_sbrk.o)
                0x10001064                __end_of_heap
 .bss.initialized.5713
                0x10001068        0x4 c:/nxp/mcuxpressoide_11.3.1_5262/ide/plugins/com.nxp.mcuxpresso.tools.win32_11.3.0.202008311133/tools/bin/../lib/gcc/arm-none-eabi/9.3.1/../../../../arm-none-eabi/lib/thumb/v7-m/nofp\libcr_newlib_semihost.a(syscalls.o)
 .bss.monitor_stderr
                0x1000106c        0x4 c:/nxp/mcuxpressoide_11.3.1_5262/ide/plugins/com.nxp.mcuxpresso.tools.win32_11.3.0.202008311133/tools/bin/../lib/gcc/arm-none-eabi/9.3.1/../../../../arm-none-eabi/lib/thumb/v7-m/nofp\libcr_newlib_semihost.a(syscalls.o)
 .bss.monitor_stdin
                0x10001070        0x4 c:/nxp/mcuxpressoide_11.3.1_5262/ide/plugins/com.nxp.mcuxpresso.tools.win32_11.3.0.202008311133/tools/bin/../lib/gcc/arm-none-eabi/9.3.1/../../../../arm-none-eabi/lib/thumb/v7-m/nofp\libcr_newlib_semihost.a(syscalls.o)
 .bss.monitor_stdout
                0x10001074        0x4 c:/nxp/mcuxpressoide_11.3.1_5262/ide/plugins/com.nxp.mcuxpresso.tools.win32_11.3.0.202008311133/tools/bin/../lib/gcc/arm-none-eabi/9.3.1/../../../../arm-none-eabi/lib/thumb/v7-m/nofp\libcr_newlib_semihost.a(syscalls.o)
 .bss.openfiles
                0x10001078       0x28 c:/nxp/mcuxpressoide_11.3.1_5262/ide/plugins/com.nxp.mcuxpresso.tools.win32_11.3.0.202008311133/tools/bin/../lib/gcc/arm-none-eabi/9.3.1/../../../../arm-none-eabi/lib/thumb/v7-m/nofp\libcr_newlib_semihost.a(syscalls.o)
 *(COMMON)
 COMMON         0x100010a0       0x31 ./src/main.o
                0x100010a0                fp
                0x100010a4                dir
                0x100010d0                res
 *fill*         0x100010d1        0x3 
 COMMON         0x100010d4       0x21 c:/nxp/mcuxpressoide_11.3.1_5262/ide/plugins/com.nxp.mcuxpresso.tools.win32_11.3.0.202008311133/tools/bin/../lib/gcc/arm-none-eabi/9.3.1/../../../../arm-none-eabi/lib/thumb/v7-m/nofp\libc.a(lib_a-lock.o)
                0x100010d4                __lock___atexit_recursive_mutex
                0x100010d8                __lock___arc4random_mutex
                0x100010dc                __lock___env_recursive_mutex
                0x100010e0                __lock___sinit_recursive_mutex
                0x100010e4                __lock___malloc_recursive_mutex
                0x100010e8                __lock___at_quick_exit_mutex
                0x100010ec                __lock___dd_hash_mutex
                0x100010f0                __lock___tz_mutex
                0x100010f4                __lock___sfp_recursive_mutex
 *fill*         0x100010f5        0x3 
 COMMON         0x100010f8        0x4 c:/nxp/mcuxpressoide_11.3.1_5262/ide/plugins/com.nxp.mcuxpresso.tools.win32_11.3.0.202008311133/tools/bin/../lib/gcc/arm-none-eabi/9.3.1/../../../../arm-none-eabi/lib/thumb/v7-m/nofp\libc.a(lib_a-reent.o)
                0x100010f8                errno
                0x100010fc                . = ALIGN (0x4)
                0x100010fc                _ebss = .
                [!provide]                PROVIDE (__end_bss_RAM = .)
                [!provide]                PROVIDE (__end_bss_RamLoc32 = .)
                [!provide]                PROVIDE (end = .)

.noinit_RAM2    0x2007c000        0x0
                [!provide]                PROVIDE (__start_noinit_RAM2 = .)
                [!provide]                PROVIDE (__start_noinit_RamAHB32 = .)
 *(.noinit.$RAM2)
 *(.noinit.$RamAHB32)
 *(.noinit.$RAM2.*)
 *(.noinit.$RamAHB32.*)
                0x2007c000                . = ALIGN (0x4)
                [!provide]                PROVIDE (__end_noinit_RAM2 = .)
                [!provide]                PROVIDE (__end_noinit_RamAHB32 = .)

.noinit         0x100010fc        0x0
                0x100010fc                _noinit = .
                [!provide]                PROVIDE (__start_noinit_RAM = .)
                [!provide]                PROVIDE (__start_noinit_RamLoc32 = .)
 *(.noinit*)
                0x100010fc                . = ALIGN (0x4)
                0x100010fc                _end_noinit = .
                [!provide]                PROVIDE (__end_noinit_RAM = .)
                [!provide]                PROVIDE (__end_noinit_RamLoc32 = .)
                0x100010fc                PROVIDE (_pvHeapStart = DEFINED (__user_heap_base)?__user_heap_base:.)
                0x10008000                PROVIDE (_vStackTop = DEFINED (__user_stack_top)?__user_stack_top:(__top_RamLoc32 - 0x0))
                [!provide]                PROVIDE (__valid_user_code_checksum = (0x0 - ((((((_vStackTop + (ResetISR + 0x1)) + (NMI_Handler + 0x1)) + (HardFault_Handler + 0x1)) + (DEFINED (MemManage_Handler)?MemManage_Handler:0x0 + 0x1)) + (DEFINED (BusFault_Handler)?BusFault_Handler:0x0 + 0x1)) + (DEFINED (UsageFault_Handler)?UsageFault_Handler:0x0 + 0x1))))
                0x00000000                _image_start = LOADADDR (.text)
                0x0000f710                _image_end = (LOADADDR (.data) + SIZEOF (.data))
                0x0000f710                _image_size = (_image_end - _image_start)
OUTPUT(Licznik.axf elf32-littlearm)
LOAD linker stubs

.debug_info     0x00000000     0xd0d9
 .debug_info    0x00000000      0x1fe ./src/cr_startup_lpc17.o
 .debug_info    0x000001fe      0xd80 ./src/eeprom.o
 .debug_info    0x00000f7e     0x22ad ./src/ff.o
 .debug_info    0x0000322b     0x2a12 ./src/main.o
 .debug_info    0x00005c3d      0x7a5 ./src/mmc.o
 .debug_info    0x000063e2      0x345 C:\Users\student\Desktop\embedded_systems-main\Lib_CMSISv1p30_LPC17xx\Debug\libCMSISv1p30_LPC17xx.a(system_LPC17xx.o)
 .debug_info    0x00006727      0x566 C:\Users\student\Desktop\embedded_systems-main\Lib_EaBaseBoard\Debug\libLib_EaBaseBoard.a(acc.o)
 .debug_info    0x00006c8d      0x795 C:\Users\student\Desktop\embedded_systems-main\Lib_EaBaseBoard\Debug\libLib_EaBaseBoard.a(light.o)
 .debug_info    0x00007422      0x9d1 C:\Users\student\Desktop\embedded_systems-main\Lib_EaBaseBoard\Debug\libLib_EaBaseBoard.a(oled.o)
 .debug_info    0x00007df3      0x65f C:\Users\student\Desktop\embedded_systems-main\Lib_EaBaseBoard\Debug\libLib_EaBaseBoard.a(pca9532.o)
 .debug_info    0x00008452      0x11d C:\Users\student\Desktop\embedded_systems-main\Lib_EaBaseBoard\Debug\libLib_EaBaseBoard.a(rgb.o)
 .debug_info    0x0000856f      0x183 C:\Users\student\Desktop\embedded_systems-main\Lib_EaBaseBoard\Debug\libLib_EaBaseBoard.a(temp.o)
 .debug_info    0x000086f2       0x62 C:\Users\student\Desktop\embedded_systems-main\Lib_EaBaseBoard\Debug\libLib_EaBaseBoard.a(font5x7.o)
 .debug_info    0x00008754      0x666 C:\Users\student\Desktop\embedded_systems-main\Lib_MCU\Debug\libLib_MCU.a(lpc17xx_adc.o)
 .debug_info    0x00008dba      0x62a C:\Users\student\Desktop\embedded_systems-main\Lib_MCU\Debug\libLib_MCU.a(lpc17xx_clkpwr.o)
 .debug_info    0x000093e4      0xe1a C:\Users\student\Desktop\embedded_systems-main\Lib_MCU\Debug\libLib_MCU.a(lpc17xx_gpio.o)
 .debug_info    0x0000a1fe      0xdca C:\Users\student\Desktop\embedded_systems-main\Lib_MCU\Debug\libLib_MCU.a(lpc17xx_i2c.o)
 .debug_info    0x0000afc8      0x102 C:\Users\student\Desktop\embedded_systems-main\Lib_MCU\Debug\libLib_MCU.a(lpc17xx_libcfg_default.o)
 .debug_info    0x0000b0ca      0x4cd C:\Users\student\Desktop\embedded_systems-main\Lib_MCU\Debug\libLib_MCU.a(lpc17xx_pinsel.o)
 .debug_info    0x0000b597      0xa16 C:\Users\student\Desktop\embedded_systems-main\Lib_MCU\Debug\libLib_MCU.a(lpc17xx_rtc.o)
 .debug_info    0x0000bfad      0x7b5 C:\Users\student\Desktop\embedded_systems-main\Lib_MCU\Debug\libLib_MCU.a(lpc17xx_ssp.o)
 .debug_info    0x0000c762      0x977 C:\Users\student\Desktop\embedded_systems-main\Lib_MCU\Debug\libLib_MCU.a(lpc17xx_timer.o)

.debug_abbrev   0x00000000     0x2bbf
 .debug_abbrev  0x00000000       0xc8 ./src/cr_startup_lpc17.o
 .debug_abbrev  0x000000c8      0x2ba ./src/eeprom.o
 .debug_abbrev  0x00000382      0x2e8 ./src/ff.o
 .debug_abbrev  0x0000066a      0x545 ./src/main.o
 .debug_abbrev  0x00000baf      0x2cb ./src/mmc.o
 .debug_abbrev  0x00000e7a      0x11c C:\Users\student\Desktop\embedded_systems-main\Lib_CMSISv1p30_LPC17xx\Debug\libCMSISv1p30_LPC17xx.a(system_LPC17xx.o)
 .debug_abbrev  0x00000f96      0x1bf C:\Users\student\Desktop\embedded_systems-main\Lib_EaBaseBoard\Debug\libLib_EaBaseBoard.a(acc.o)
 .debug_abbrev  0x00001155      0x230 C:\Users\student\Desktop\embedded_systems-main\Lib_EaBaseBoard\Debug\libLib_EaBaseBoard.a(light.o)
 .debug_abbrev  0x00001385      0x23c C:\Users\student\Desktop\embedded_systems-main\Lib_EaBaseBoard\Debug\libLib_EaBaseBoard.a(oled.o)
 .debug_abbrev  0x000015c1      0x235 C:\Users\student\Desktop\embedded_systems-main\Lib_EaBaseBoard\Debug\libLib_EaBaseBoard.a(pca9532.o)
 .debug_abbrev  0x000017f6       0xce C:\Users\student\Desktop\embedded_systems-main\Lib_EaBaseBoard\Debug\libLib_EaBaseBoard.a(rgb.o)
 .debug_abbrev  0x000018c4       0xfb C:\Users\student\Desktop\embedded_systems-main\Lib_EaBaseBoard\Debug\libLib_EaBaseBoard.a(temp.o)
 .debug_abbrev  0x000019bf       0x4a C:\Users\student\Desktop\embedded_systems-main\Lib_EaBaseBoard\Debug\libLib_EaBaseBoard.a(font5x7.o)
 .debug_abbrev  0x00001a09      0x1c7 C:\Users\student\Desktop\embedded_systems-main\Lib_MCU\Debug\libLib_MCU.a(lpc17xx_adc.o)
 .debug_abbrev  0x00001bd0      0x1fd C:\Users\student\Desktop\embedded_systems-main\Lib_MCU\Debug\libLib_MCU.a(lpc17xx_clkpwr.o)
 .debug_abbrev  0x00001dcd      0x26b C:\Users\student\Desktop\embedded_systems-main\Lib_MCU\Debug\libLib_MCU.a(lpc17xx_gpio.o)
 .debug_abbrev  0x00002038      0x2de C:\Users\student\Desktop\embedded_systems-main\Lib_MCU\Debug\libLib_MCU.a(lpc17xx_i2c.o)
 .debug_abbrev  0x00002316       0xad C:\Users\student\Desktop\embedded_systems-main\Lib_MCU\Debug\libLib_MCU.a(lpc17xx_libcfg_default.o)
 .debug_abbrev  0x000023c3      0x196 C:\Users\student\Desktop\embedded_systems-main\Lib_MCU\Debug\libLib_MCU.a(lpc17xx_pinsel.o)
 .debug_abbrev  0x00002559      0x1ee C:\Users\student\Desktop\embedded_systems-main\Lib_MCU\Debug\libLib_MCU.a(lpc17xx_rtc.o)
 .debug_abbrev  0x00002747      0x21b C:\Users\student\Desktop\embedded_systems-main\Lib_MCU\Debug\libLib_MCU.a(lpc17xx_ssp.o)
 .debug_abbrev  0x00002962      0x25d C:\Users\student\Desktop\embedded_systems-main\Lib_MCU\Debug\libLib_MCU.a(lpc17xx_timer.o)

.debug_aranges  0x00000000      0xba8
 .debug_aranges
                0x00000000       0x70 ./src/cr_startup_lpc17.o
 .debug_aranges
                0x00000070       0x48 ./src/eeprom.o
 .debug_aranges
                0x000000b8      0x198 ./src/ff.o
 .debug_aranges
                0x00000250       0xf8 ./src/main.o
 .debug_aranges
                0x00000348       0xb0 ./src/mmc.o
 .debug_aranges
                0x000003f8       0x28 C:\Users\student\Desktop\embedded_systems-main\Lib_CMSISv1p30_LPC17xx\Debug\libCMSISv1p30_LPC17xx.a(system_LPC17xx.o)
 .debug_aranges
                0x00000420       0x60 C:\Users\student\Desktop\embedded_systems-main\Lib_EaBaseBoard\Debug\libLib_EaBaseBoard.a(acc.o)
 .debug_aranges
                0x00000480       0x98 C:\Users\student\Desktop\embedded_systems-main\Lib_EaBaseBoard\Debug\libLib_EaBaseBoard.a(light.o)
 .debug_aranges
                0x00000518       0x90 C:\Users\student\Desktop\embedded_systems-main\Lib_EaBaseBoard\Debug\libLib_EaBaseBoard.a(oled.o)
 .debug_aranges
                0x000005a8       0x80 C:\Users\student\Desktop\embedded_systems-main\Lib_EaBaseBoard\Debug\libLib_EaBaseBoard.a(pca9532.o)
 .debug_aranges
                0x00000628       0x28 C:\Users\student\Desktop\embedded_systems-main\Lib_EaBaseBoard\Debug\libLib_EaBaseBoard.a(rgb.o)
 .debug_aranges
                0x00000650       0x28 C:\Users\student\Desktop\embedded_systems-main\Lib_EaBaseBoard\Debug\libLib_EaBaseBoard.a(temp.o)
 .debug_aranges
                0x00000678       0x18 C:\Users\student\Desktop\embedded_systems-main\Lib_EaBaseBoard\Debug\libLib_EaBaseBoard.a(font5x7.o)
 .debug_aranges
                0x00000690       0x80 C:\Users\student\Desktop\embedded_systems-main\Lib_MCU\Debug\libLib_MCU.a(lpc17xx_adc.o)
 .debug_aranges
                0x00000710       0x60 C:\Users\student\Desktop\embedded_systems-main\Lib_MCU\Debug\libLib_MCU.a(lpc17xx_clkpwr.o)
 .debug_aranges
                0x00000770       0xf8 C:\Users\student\Desktop\embedded_systems-main\Lib_MCU\Debug\libLib_MCU.a(lpc17xx_gpio.o)
 .debug_aranges
                0x00000868       0xd0 C:\Users\student\Desktop\embedded_systems-main\Lib_MCU\Debug\libLib_MCU.a(lpc17xx_i2c.o)
 .debug_aranges
                0x00000938       0x20 C:\Users\student\Desktop\embedded_systems-main\Lib_MCU\Debug\libLib_MCU.a(lpc17xx_libcfg_default.o)
 .debug_aranges