Archive member included to satisfy reference by file (symbol)

C:\Users\student\Desktop\embedded_systems-main\Lib_CMSISv1p30_LPC17xx\Debug\libCMSISv1p30_LPC17xx.a(system_LPC17xx.o)
                              ./src/main.o (SystemCoreClock)
C:\Users\student\Desktop\embedded_systems-main\Lib_EaBaseBoard\Debug\libLib_EaBaseBoard.a(acc.o)
                              ./src/main.o (acc_init)
C:\Users\student\Desktop\embedded_systems-main\Lib_EaBaseBoard\Debug\libLib_EaBaseBoard.a(light.o)
                              ./src/main.o (light_init)
C:\Users\student\Desktop\embedded_systems-main\Lib_EaBaseBoard\Debug\libLib_EaBaseBoard.a(oled.o)
                              ./src/main.o (oled_init)
C:\Users\student\Desktop\embedded_systems-main\Lib_EaBaseBoard\Debug\libLib_EaBaseBoard.a(pca9532.o)
                              ./src/main.o (pca9532_init)
C:\Users\student\Desktop\embedded_systems-main\Lib_EaBaseBoard\Debug\libLib_EaBaseBoard.a(rgb.o)
                              ./src/main.o (rgb_init)
C:\Users\student\Desktop\embedded_systems-main\Lib_EaBaseBoard\Debug\libLib_EaBaseBoard.a(temp.o)
                              ./src/main.o (temp_init)
C:\Users\student\Desktop\embedded_systems-main\Lib_EaBaseBoard\Debug\libLib_EaBaseBoard.a(font5x7.o)
                              C:\Users\student\Desktop\embedded_systems-main\Lib_EaBaseBoard\Debug\libLib_EaBaseBoard.a(oled.o) (font5x7)
C:\Users\student\Desktop\embedded_systems-main\Lib_MCU\Debug\libLib_MCU.a(lpc17xx_adc.o)
                              ./src/main.o (ADC_Init)
C:\Users\student\Desktop\embedded_systems-main\Lib_MCU\Debug\libLib_MCU.a(lpc17xx_clkpwr.o)
                              C:\Users\student\Desktop\embedded_systems-main\Lib_MCU\Debug\libLib_MCU.a(lpc17xx_adc.o) (CLKPWR_GetPCLK)
C:\Users\student\Desktop\embedded_systems-main\Lib_MCU\Debug\libLib_MCU.a(lpc17xx_gpio.o)
                              ./src/main.o (GPIO_SetDir)
C:\Users\student\Desktop\embedded_systems-main\Lib_MCU\Debug\libLib_MCU.a(lpc17xx_i2c.o)
                              ./src/main.o (I2C_Init)
C:\Users\student\Desktop\embedded_systems-main\Lib_MCU\Debug\libLib_MCU.a(lpc17xx_libcfg_default.o)
                              C:\Users\student\Desktop\embedded_systems-main\Lib_MCU\Debug\libLib_MCU.a(lpc17xx_adc.o) (check_failed)
C:\Users\student\Desktop\embedded_systems-main\Lib_MCU\Debug\libLib_MCU.a(lpc17xx_pinsel.o)
                              ./src/main.o (PINSEL_ConfigPin)
C:\Users\student\Desktop\embedded_systems-main\Lib_MCU\Debug\libLib_MCU.a(lpc17xx_rtc.o)
                              ./src/main.o (RTC_Init)
C:\Users\student\Desktop\embedded_systems-main\Lib_MCU\Debug\libLib_MCU.a(lpc17xx_ssp.o)
                              ./src/main.o (SSP_Init)
C:\Users\student\Desktop\embedded_systems-main\Lib_MCU\Debug\libLib_MCU.a(lpc17xx_timer.o)
                              ./src/main.o (Timer0_Wait)
c:/nxp/mcuxpressoide_11.3.1_5262/ide/plugins/com.nxp.mcuxpresso.tools.win32_11.3.0.202008311133/tools/bin/../lib/gcc/arm-none-eabi/9.3.1/thumb/v7-m/nofp\libgcc.a(_aeabi_uldivmod.o)
                              C:\Users\student\Desktop\embedded_systems-main\Lib_CMSISv1p30_LPC17xx\Debug\libCMSISv1p30_LPC17xx.a(system_LPC17xx.o) (__aeabi_uldivmod)
c:/nxp/mcuxpressoide_11.3.1_5262/ide/plugins/com.nxp.mcuxpresso.tools.win32_11.3.0.202008311133/tools/bin/../lib/gcc/arm-none-eabi/9.3.1/thumb/v7-m/nofp\libgcc.a(_udivmoddi4.o)
                              c:/nxp/mcuxpressoide_11.3.1_5262/ide/plugins/com.nxp.mcuxpresso.tools.win32_11.3.0.202008311133/tools/bin/../lib/gcc/arm-none-eabi/9.3.1/thumb/v7-m/nofp\libgcc.a(_aeabi_uldivmod.o) (__udivmoddi4)
c:/nxp/mcuxpressoide_11.3.1_5262/ide/plugins/com.nxp.mcuxpresso.tools.win32_11.3.0.202008311133/tools/bin/../lib/gcc/arm-none-eabi/9.3.1/thumb/v7-m/nofp\libgcc.a(_dvmd_tls.o)
                              c:/nxp/mcuxpressoide_11.3.1_5262/ide/plugins/com.nxp.mcuxpresso.tools.win32_11.3.0.202008311133/tools/bin/../lib/gcc/arm-none-eabi/9.3.1/thumb/v7-m/nofp\libgcc.a(_aeabi_uldivmod.o) (__aeabi_ldiv0)
c:/nxp/mcuxpressoide_11.3.1_5262/ide/plugins/com.nxp.mcuxpresso.tools.win32_11.3.0.202008311133/tools/bin/../lib/gcc/arm-none-eabi/9.3.1/../../../../arm-none-eabi/lib/thumb/v7-m/nofp\libc.a(lib_a-abs.o)
                              ./src/main.o (abs)
c:/nxp/mcuxpressoide_11.3.1_5262/ide/plugins/com.nxp.mcuxpresso.tools.win32_11.3.0.202008311133/tools/bin/../lib/gcc/arm-none-eabi/9.3.1/../../../../arm-none-eabi/lib/thumb/v7-m/nofp\libc.a(lib_a-malloc.o)
                              ./src/httpd.o (malloc)
c:/nxp/mcuxpressoide_11.3.1_5262/ide/plugins/com.nxp.mcuxpresso.tools.win32_11.3.0.202008311133/tools/bin/../lib/gcc/arm-none-eabi/9.3.1/../../../../arm-none-eabi/lib/thumb/v7-m/nofp\libc.a(lib_a-mallocr.o)
[...]
Memory Configuration

Name             Origin             Length             Attributes
MFlash512        0x00000000         0x00080000         xr
RamLoc32         0x10000000         0x00008000         xrw
RamAHB32         0x2007c000         0x00008000         xrw
*default*        0x00000000         0xffffffff

Linker script and memory map

LOAD ./src/cr_startup_lpc17.o
LOAD ./src/eeprom.o
LOAD ./src/enet.o
LOAD ./src/ethernet.o
LOAD ./src/ff.o
LOAD ./src/httpd.o
LOAD ./src/lpc17xx_spi.o
LOAD ./src/lwip_fs.o
LOAD ./src/main.o
LOAD ./src/mmc.o
LOAD ./lwip/src/netif/etharp.o
LOAD ./lwip/src/netif/ethernetif.o
LOAD ./lwip/src/core/ipv4/autoip.o
LOAD ./lwip/src/core/ipv4/icmp.o
LOAD ./lwip/src/core/ipv4/igmp.o
LOAD ./lwip/src/core/ipv4/inet.o
LOAD ./lwip/src/core/ipv4/inet_chksum.o
LOAD ./lwip/src/core/ipv4/ip.o
LOAD ./lwip/src/core/ipv4/ip_addr.o
LOAD ./lwip/src/core/ipv4/ip_frag.o
LOAD ./lwip/src/core/def.o
LOAD ./lwip/src/core/dhcp.o
LOAD ./lwip/src/core/dns.o
LOAD ./lwip/src/core/init.o
LOAD ./lwip/src/core/mem.o
LOAD ./lwip/src/core/memp.o
LOAD ./lwip/src/core/netif.o
LOAD ./lwip/src/core/pbuf.o
LOAD ./lwip/src/core/raw.o
LOAD ./lwip/src/core/stats.o
LOAD ./lwip/src/core/sys.o
LOAD ./lwip/src/core/tcp.o
LOAD ./lwip/src/core/tcp_in.o
LOAD ./lwip/src/core/tcp_out.o
LOAD ./lwip/src/core/timers.o
LOAD ./lwip/src/core/udp.o
LOAD ./lwip/src/arch/lpc17xx_40xx_emac.o
LOAD ./lwip/src/arch/lpc17xx_40xx_systick_arch.o
LOAD ./lwip/src/arch/lpc_debug.o
LOAD ./lwip/src/api/api_lib.o
LOAD ./lwip/src/api/api_msg.o
LOAD ./lwip/src/api/err.o
LOAD ./lwip/src/api/netbuf.o
LOAD ./lwip/src/api/netdb.o
LOAD ./lwip/src/api/netifapi.o
LOAD ./lwip/src/api/sockets.o
LOAD ./lwip/src/api/tcpip.o
LOAD C:\Users\student\Desktop\embedded_systems-main\Lib_CMSISv1p30_LPC17xx\Debug\libCMSISv1p30_LPC17xx.a
LOAD C:\Users\student\Desktop\embedded_systems-main\Lib_EaBaseBoard\Debug\libLib_EaBaseBoard.a
LOAD C:\Users\student\Desktop\embedded_systems-main\Lib_MCU\Debug\libLib_MCU.a
START GROUP
LOAD c:/nxp/mcuxpressoide_11.3.1_5262/ide/plugins/com.nxp.mcuxpresso.tools.win32_11.3.0.202008311133/tools/bin/../lib/gcc/arm-none-eabi/9.3.1/thumb/v7-m/nofp\libgcc.a
LOAD c:/nxp/mcuxpressoide_11.3.1_5262/ide/plugins/com.nxp.mcuxpresso.tools.win32_11.3.0.202008311133/tools/bin/../lib/gcc/arm-none-eabi/9.3.1/../../../../arm-none-eabi/lib/thumb/v7-m/nofp\libc.a
LOAD c:/nxp/mcuxpressoide_11.3.1_5262/ide/plugins/com.nxp.mcuxpresso.tools.win32_11.3.0.202008311133/tools/bin/../lib/gcc/arm-none-eabi/9.3.1/../../../../arm-none-eabi/lib/thumb/v7-m/nofp\libm.a
LOAD c:/nxp/mcuxpressoide_11.3.1_5262/ide/plugins/com.nxp.mcuxpresso.tools.win32_11.3.0.202008311133/tools/bin/../lib/gcc/arm-none-eabi/9.3.1/../../../../arm-none-eabi/lib/thumb/v7-m/nofp\libcr_newlib_semihost.a
END GROUP
                0x00000000                __base_MFlash512 = 0x0
                0x00000000                __base_Flash = 0x0
                0x00080000                __top_MFlash512 = 0x80000
                0x00080000                __top_Flash = 0x80000
                0x10000000                __base_RamLoc32 = 0x10000000
                0x10000000                __base_RAM = 0x10000000
                0x10008000                __top_RamLoc32 = 0x10008000
                0x10008000                __top_RAM = 0x10008000
                0x2007c000                __base_RamAHB32 = 0x2007c000
                0x2007c000                __base_RAM2 = 0x2007c000
                0x20084000                __top_RamAHB32 = 0x20084000
                0x20084000                __top_RAM2 = 0x20084000

.text           0x00000000    0x1a26c
 FILL mask 0xff
                0x00000000                __vectors_start__ = ABSOLUTE (.)
 *(.isr_vector)
 .isr_vector    0x00000000       0xcc ./src/cr_startup_lpc17.o
                0x00000000                g_pfnVectors
                0x000000cc                . = ALIGN (0x4)
                0x000000cc                __section_table_start = .
                0x000000cc                __data_section_table = .
                0x000000cc        0x4 LONG 0x1a274 LOADADDR (.data)
                0x000000d0        0x4 LONG 0x10000000 ADDR (.data)
                0x000000d4        0x4 LONG 0xa0c SIZEOF (.data)
                0x000000d8        0x4 LONG 0x1a274 LOADADDR (.data_RAM2)
                0x000000dc        0x4 LONG 0x2007c000 ADDR (.data_RAM2)
                0x000000e0        0x4 LONG 0x0 SIZEOF (.data_RAM2)
                0x000000e4                __data_section_table_end = .
                0x000000e4                __bss_section_table = .
                0x000000e4        0x4 LONG 0x10000a10 ADDR (.bss)
                0x000000e8        0x4 LONG 0xa14 SIZEOF (.bss)
                0x000000ec        0x4 LONG 0x2007c000 ADDR (.bss_RAM2)
                0x000000f0        0x4 LONG 0x0 SIZEOF (.bss_RAM2)
                0x000000f4                __bss_section_table_end = .
                0x000000f4                __section_table_end = .
 *(.after_vectors*)
 *(.text*)
 .text.ResetISR
                0x000000f4       0x58 ./src/cr_startup_lpc17.o
                0x000000f4                ResetISR
 .text.NMI_Handler
                0x0000014c        0x6 ./src/cr_startup_lpc17.o
                0x0000014c                NMI_Handler
 .text.HardFault_Handler
                0x00000152        0x6 ./src/cr_startup_lpc17.o
                0x00000152                HardFault_Handler
 .text.MemManage_Handler
                0x00000158        0x6 ./src/cr_startup_lpc17.o
                0x00000158                MemManage_Handler
 .text.BusFault_Handler
                0x0000015e        0x6 ./src/cr_startup_lpc17.o
                0x0000015e                BusFault_Handler
 .text.UsageFault_Handler
                0x00000164        0x6 ./src/cr_startup_lpc17.o
                0x00000164                UsageFault_Handler
 .text.SVCall_Handler
                0x0000016a        0x6 ./src/cr_startup_lpc17.o
                0x0000016a                SVCall_Handler
 .text.DebugMon_Handler
                0x00000170        0x6 ./src/cr_startup_lpc17.o
                0x00000170                DebugMon_Handler
 .text.PendSV_Handler
                0x00000176        0x6 ./src/cr_startup_lpc17.o
                0x00000176                PendSV_Handler
 .text.IntDefaultHandler
                0x0000017c        0x6 ./src/cr_startup_lpc17.o
                0x0000017c                TIMER2_IRQHandler
                0x0000017c                RIT_IRQHandler
                0x0000017c                I2C0_IRQHandler
                0x0000017c                USBActivity_IRQHandler
                0x0000017c                PWM1_IRQHandler
                0x0000017c                I2C1_IRQHandler
                0x0000017c                EINT2_IRQHandler
                0x0000017c                UART1_IRQHandler
                0x0000017c                EINT3_IRQHandler
                0x0000017c                CANActivity_IRQHandler
                0x0000017c                TIMER3_IRQHandler
                0x0000017c                UART0_IRQHandler
                0x0000017c                IntDefaultHandler
                0x0000017c                PLL0_IRQHandler
                0x0000017c                CAN_IRQHandler
                0x0000017c                PLL1_IRQHandler
                0x0000017c                SSP0_IRQHandler
                0x0000017c                I2S_IRQHandler
                0x0000017c                I2C2_IRQHandler
                0x0000017c                RTC_IRQHandler
                0x0000017c                TIMER0_IRQHandler
                0x0000017c                SPI_IRQHandler
                0x0000017c                EINT1_IRQHandler
                0x0000017c                TIMER1_IRQHandler
                0x0000017c                UART2_IRQHandler
                0x0000017c                ADC_IRQHandler
                0x0000017c                SSP1_IRQHandler
                0x0000017c                USB_IRQHandler
                0x0000017c                BOD_IRQHandler
                0x0000017c                WDT_IRQHandler
                0x0000017c                QEI_IRQHandler
                0x0000017c                EINT0_IRQHandler
                0x0000017c                DMA_IRQHandler
                0x0000017c                UART3_IRQHandler
                0x0000017c                MCPWM_IRQHandler
                0x0000017c                ENET_IRQHandler
 *fill*         0x00000182        0x2 ff
 .text.I2CRead  0x00000184       0x50 ./src/eeprom.o
 .text.I2CWrite
                0x000001d4       0x50 ./src/eeprom.o
 .text.eepromDelay
                0x00000224       0x2a ./src/eeprom.o
 .text.eeprom_init
                0x0000024e        0xc ./src/eeprom.o
                0x0000024e                eeprom_init
 .text.eeprom_read
                0x0000025a       0x84 ./src/eeprom.o
                0x0000025a                eeprom_read
 .text.eeprom_write
                0x000002de       0xf4 ./src/eeprom.o
                0x000002de                eeprom_write
 .text.msDelay  0x000003d2       0x28 ./src/enet.o
                0x000003d2                msDelay
 .text.etharp_send_ip
                0x000003fa       0x5e ./src/enet.o
 .text.Chip_ENET_Set100Mbps
                0x00000458       0x1a ./src/enet.o
                0x00000458                Chip_ENET_Set100Mbps
 .text.Chip_ENET_Set10Mbps
                0x00000472       0x18 ./src/enet.o
                0x00000472                Chip_ENET_Set10Mbps
 .text.Chip_ENET_SetFullDuplex
                0x0000048a       0x34 ./src/enet.o
                0x0000048a                Chip_ENET_SetFullDuplex
 .text.Chip_ENET_SetHalfDuplex
                0x000004be       0x34 ./src/enet.o
                0x000004be                Chip_ENET_SetHalfDuplex
 .text.etharp_raw
                0x000004f2      0x11a ./src/enet.o
                0x000004f2                etharp_raw
 .text.etharp_free_entry
                0x0000060c       0x64 ./src/enet.o
 .text.etharp_tmr
                0x00000670       0xe0 ./src/enet.o
                0x00000670                etharp_tmr
 .text.etharp_request
                0x00000750       0x44 ./src/enet.o
                0x00000750                etharp_request
 .text.etharp_output_to_arp_index
                0x00000794       0xb8 ./src/enet.o
 .text.etharp_find_entry
                0x0000084c      0x248 ./src/enet.o
 .text.etharp_query
                0x00000a94      0x24c ./src/enet.o
                0x00000a94                etharp_query
 .text.etharp_output
                0x00000ce0      0x1b8 ./src/enet.o
                0x00000ce0                etharp_output
 .text.lpc_etharp_output
                0x00000e98       0x34 ./src/enet.o
 .text.Chip_Clock_IsMainPLLEnabled
                0x00000ecc       0x24 ./src/enet.o
 .text.Chip_Clock_IsMainPLLConnected
                0x00000ef0       0x24 ./src/enet.o
 .text.Chip_Clock_GetCPUClockSource
                0x00000f14       0x24 ./src/enet.o
                0x00000f14                Chip_Clock_GetCPUClockSource
 .text.Chip_Clock_GetMainPLLSource
                0x00000f38       0x20 ./src/enet.o
 .text.Chip_Clock_GetIntOscRate
                0x00000f58       0x14 ./src/enet.o
 .text.Chip_Clock_GetMainOscRate
                0x00000f6c       0x14 ./src/enet.o
 .text.Chip_Clock_GetRTCOscRate
                0x00000f80       0x10 ./src/enet.o
 .text.Chip_Clock_GetSYSCLKRate
                0x00000f90       0x3a ./src/enet.o
                0x00000f90                Chip_Clock_GetSYSCLKRate
 .text.Chip_Clock_GetMainPLLInClockRate
                0x00000fca        0xe ./src/enet.o
 .text.Chip_Clock_GetMainPLLOutClockRate
                0x00000fd8       0x54 ./src/enet.o
                0x00000fd8                Chip_Clock_GetMainPLLOutClockRate
 .text.Chip_Clock_GetMainClockRate
                0x0000102c       0x28 ./src/enet.o
                0x0000102c                Chip_Clock_GetMainClockRate
 .text.Chip_Clock_GetCPUClockDiv
                0x00001054       0x1c ./src/enet.o
                0x00001054                Chip_Clock_GetCPUClockDiv
 .text.Chip_Clock_GetSystemClockRate
                0x00001070       0x18 ./src/enet.o
                0x00001070                Chip_Clock_GetSystemClockRate
 .text.Chip_Clock_GetENETClockRate
                0x00001088        0xe ./src/enet.o
 *fill*         0x00001096        0x2 ff
 .text.Chip_ENET_FindMIIDiv
                0x00001098       0x50 ./src/enet.o
                0x00001098                Chip_ENET_FindMIIDiv
 .text.Chip_Clock_EnablePeriphClock
                0x000010e8       0x34 ./src/enet.o
                0x000010e8                Chip_Clock_EnablePeriphClock
 .text.Chip_ENET_IncTXProduceIndex
                0x0000111c       0x3c ./src/enet.o
                0x0000111c                Chip_ENET_IncTXProduceIndex
 .text.Chip_ENET_GetTXProduceIndex
                0x00001158       0x1a ./src/enet.o
 *fill*         0x00001172        0x2 ff
 .text.lpc_packet_addr_notsafe
                0x00001174       0x58 ./src/enet.o
 .text.Chip_ENET_GetTXConsumeIndex
                0x000011cc       0x1a ./src/enet.o
 .text.lpc_tx_reclaim_st
                0x000011e6       0x7e ./src/enet.o
 .text.lpc_tx_reclaim
                0x00001264       0x26 ./src/enet.o
                0x00001264                lpc_tx_reclaim
 .text.Chip_ENET_GetFillDescNum
                0x0000128a       0x4a ./src/enet.o
                0x0000128a                Chip_ENET_GetFillDescNum
 .text.Chip_ENET_GetFreeDescNum
                0x000012d4       0x36 ./src/enet.o
 .text.lpc_tx_ready
                0x0000130a       0x3c ./src/enet.o
                0x0000130a                lpc_tx_ready
 .text.lpc_low_level_output
                0x00001346      0x17e ./src/enet.o
                0x00001346                lpc_low_level_output
 .text.Board_ENET_GetMacADDR
                0x000014c4       0x34 ./src/enet.o
                0x000014c4                Board_ENET_GetMacADDR
 .text.Chip_ENET_Reset
                0x000014f8       0x22 ./src/enet.o
 .text.resetENET
                0x0000151a       0x2a ./src/enet.o
 .text.Chip_ENET_Init
                0x00001544       0x8e ./src/enet.o
                0x00001544                Chip_ENET_Init
 *fill*         0x000015d2        0x2 ff
 .text.Chip_ENET_SetupMII
                0x000015d4       0x44 ./src/enet.o
                0x000015d4                Chip_ENET_SetupMII
 .text.Chip_ENET_StartMIIWrite
                0x00001618       0x3c ./src/enet.o
                0x00001618                Chip_ENET_StartMIIWrite
 .text.Chip_ENET_IsMIIBusy
                0x00001654       0x24 ./src/enet.o
 .text.lpc_mii_write
                0x00001678       0x64 ./src/enet.o
 .text.Chip_ENET_StartMIIRead
                0x000016dc       0x30 ./src/enet.o
                0x000016dc                Chip_ENET_StartMIIRead
 .text.Chip_ENET_ReadMIIData
                0x0000170c       0x1e ./src/enet.o
                0x0000170c                Chip_ENET_ReadMIIData
 *fill*         0x0000172a        0x2 ff
 .text.lpc_mii_read
                0x0000172c       0x6c ./src/enet.o
 .text.lpc_phy_init
                0x00001798       0xac ./src/enet.o
                0x00001798                lpc_phy_init
 .text.Chip_ENET_SetADDR
                0x00001844       0x4e ./src/enet.o
 .text.Chip_ENET_InitTxDescriptors
                0x00001892       0x3a ./src/enet.o
                0x00001892                Chip_ENET_InitTxDescriptors
 .text.lpc_tx_setup
                0x000018cc       0x5e ./src/enet.o
 .text.Chip_ENET_InitRxDescriptors
                0x0000192a       0x3a ./src/enet.o
                0x0000192a                Chip_ENET_InitRxDescriptors
 .text.lpc_rxqueue_pbuf
                0x00001964       0x94 ./src/enet.o
 .text.lpc_rx_queue
                0x000019f8       0x62 ./src/enet.o
                0x000019f8                lpc_rx_queue
 .text.lpc_rx_setup
                0x00001a5a       0x3e ./src/enet.o
 .text.Chip_ENET_EnableRXFilter
                0x00001a98       0x34 ./src/enet.o
 .text.Chip_ENET_EnableInt
                0x00001acc       0x24 ./src/enet.o
 .text.Chip_ENET_TXEnable
                0x00001af0       0x22 ./src/enet.o
 .text.Chip_ENET_RXEnable
                0x00001b12       0x2e ./src/enet.o
 .text.low_level_init
                0x00001b40       0xb0 ./src/enet.o
 .text.Chip_ENET_GetIntStatus
                0x00001bf0       0x18 ./src/enet.o
 .text.Chip_ENET_RXDisable
                0x00001c08       0x2e ./src/enet.o
 .text.Chip_ENET_ResetRXLogic
                0x00001c36       0x1e ./src/enet.o
 .text.Chip_ENET_ClearIntStatus
                0x00001c54       0x1c ./src/enet.o
 .text.Chip_ENET_GetRXConsumeIndex
                0x00001c70       0x1a ./src/enet.o
 .text.Chip_ENET_IsRxEmpty
                0x00001c8a       0x2c ./src/enet.o
 .text.Chip_ENET_IncRXConsumeIndex
                0x00001cb6       0x3c ./src/enet.o
                0x00001cb6                Chip_ENET_IncRXConsumeIndex
 .text.lpc_low_level_input
                0x00001cf2      0x172 ./src/enet.o
 .text.lpc_enetif_input
                0x00001e64       0x64 ./src/enet.o
                0x00001e64                lpc_enetif_input
 .text.lpc_enetif_init
                0x00001ec8       0x94 ./src/enet.o
                0x00001ec8                lpc_enetif_init
 .text.etharp_update_arp_entry
                0x00001f5c      0x12c ./src/enet.o
 .text.etharp_arp_input
                0x00002088      0x18a ./src/enet.o
 *fill*         0x00002212        0x2 ff
 .text.ethernet_input
                0x00002214      0x100 ./src/enet.o
                0x00002214                ethernet_input
 .text.smsc_update_phy_sts
                0x00002314       0xec ./src/enet.o
 .text.lpcPHYStsPoll
                0x00002400       0xbc ./src/enet.o
                0x00002400                lpcPHYStsPoll
 .text.ld_word  0x000024bc       0x2e ./src/ff.o
 .text.ld_dword
                0x000024ea       0x44 ./src/ff.o
 .text.st_word  0x0000252e       0x34 ./src/ff.o
 .text.st_dword
                0x00002562       0x56 ./src/ff.o
 .text.dbc_1st  0x000025b8       0x3e ./src/ff.o
 .text.dbc_2nd  0x000025f6       0x52 ./src/ff.o
 .text.sync_window
                0x00002648       0x78 ./src/ff.o
 .text.move_window
                0x000026c0       0x5a ./src/ff.o
 *fill*         0x0000271a        0x2 ff
 .text.sync_fs  0x0000271c       0xdc ./src/ff.o
 .text.clst2sect
                0x000027f8       0x3c ./src/ff.o
 .text.get_fat  0x00002834      0x150 ./src/ff.o
 .text.put_fat  0x00002984      0x1d8 ./src/ff.o
 .text.remove_chain
                0x00002b5c       0xca ./src/ff.o
 .text.create_chain
                0x00002c26      0x1a2 ./src/ff.o
 .text.dir_clear
                0x00002dc8       0x92 ./src/ff.o
 .text.dir_sdi  0x00002e5a       0xf6 ./src/ff.o
 .text.dir_next
                0x00002f50      0x12c ./src/ff.o
 .text.dir_alloc
                0x0000307c       0x8e ./src/ff.o
 .text.ld_clust
                0x0000310a       0x3e ./src/ff.o
 .text.st_clust
                0x00003148       0x40 ./src/ff.o
 .text.dir_find
                0x00003188       0xaa ./src/ff.o
 .text.dir_register
                0x00003232       0x64 ./src/ff.o
 *fill*         0x00003296        0x2 ff
 .text.create_name
                0x00003298      0x190 ./src/ff.o
 .text.follow_path
                0x00003428       0xde ./src/ff.o
 .text.get_ldnumber
                0x00003506       0x88 ./src/ff.o
 *fill*         0x0000358e        0x2 ff
 .text.check_fs
                0x00003590      0x148 ./src/ff.o
 .text.find_volume
                0x000036d8       0xc4 ./src/ff.o
 .text.mount_volume
                0x0000379c      0x3f4 ./src/ff.o
 .text.validate
                0x00003b90       0x6a ./src/ff.o
 *fill*         0x00003bfa        0x2 ff
 .text.f_mount  0x00003bfc       0x94 ./src/ff.o
                0x00003bfc                f_mount
 .text.f_open   0x00003c90      0x30a ./src/ff.o
                0x00003c90                f_open
 .text.f_read   0x00003f9a      0x268 ./src/ff.o
                0x00003f9a                f_read
 .text.f_write  0x00004202      0x2d4 ./src/ff.o
                0x00004202                f_write
 .text.f_sync   0x000044d6       0xf6 ./src/ff.o
                0x000044d6                f_sync
 .text.f_close  0x000045cc       0x40 ./src/ff.o
                0x000045cc                f_close
 .text.f_opendir
                0x0000460c       0xb2 ./src/ff.o
                0x0000460c                f_opendir
 .text.http_state_alloc
                0x000046be       0x30 ./src/httpd.o
 .text.http_state_free
                0x000046ee       0x4c ./src/httpd.o
 .text.http_write
                0x0000473a       0x7a ./src/httpd.o
 .text.http_close_conn
                0x000047b4       0x6c ./src/httpd.o
 .text.get_http_headers
                0x00004820      0x164 ./src/httpd.o
 .text.http_send_data
                0x00004984      0x2a4 ./src/httpd.o
 .text.http_get_404_file
                0x00004c28       0x6c ./src/httpd.o
 .text.http_parse_request
                0x00004c94      0x11c ./src/httpd.o
 .text.http_find_file
                0x00004db0       0xd0 ./src/httpd.o
 .text.http_init_file
                0x00004e80       0xcc ./src/httpd.o
 .text.http_err
                0x00004f4c       0x24 ./src/httpd.o
 .text.http_sent
                0x00004f70       0x34 ./src/httpd.o
 .text.http_poll
                0x00004fa4       0x70 ./src/httpd.o
 .text.http_recv
                0x00005014       0xda ./src/httpd.o
 *fill*         0x000050ee        0x2 ff
 .text.http_accept
                0x000050f0       0x7c ./src/httpd.o
 .text.httpd_init_addr
                0x0000516c       0x6c ./src/httpd.o
 .text.httpd_init
                0x000051d8       0x14 ./src/httpd.o
                0x000051d8                httpd_init
 .text.get_http_headers
                0x000051ec      0x138 ./src/lwip_fs.o
 .text.fs_open_default
                0x00005324       0x84 ./src/lwip_fs.o
                0x00005324                fs_open_default
 .text.fs_open  0x000053a8       0x14 ./src/lwip_fs.o
                0x000053a8                fs_open
 .text.fs_close
                0x000053bc       0x24 ./src/lwip_fs.o
                0x000053bc                fs_close
 .text.fs_bytes_left
                0x000053e0       0x14 ./src/lwip_fs.o
                0x000053e0                fs_bytes_left
 .text.fs_read  0x000053f4       0x18 ./src/lwip_fs.o
                0x000053f4                fs_read
 .text.NVIC_SetPriority
                0x0000540c       0x54 ./src/main.o
 .text.SysTick_Config
                0x00005460       0x44 ./src/main.o
 .text.initUART0
                0x000054a4       0x5c ./src/main.o
                0x000054a4                initUART0
 .text.U0Write  0x00005500       0x30 ./src/main.o
                0x00005500                U0Write
 .text.U0Read   0x00005530       0x38 ./src/main.o
                0x00005530                U0Read
 .text.GetTimeFromUART
                0x00005568       0x7a ./src/main.o
                0x00005568                GetTimeFromUART
 .text.writeUARTMsg
                0x000055e2       0x42 ./src/main.o
                0x000055e2                writeUARTMsg
 .text.init_ssp
                0x00005624       0x78 ./src/main.o
 .text.init_adc
                0x0000569c       0x50 ./src/main.o
 .text.init_i2c
                0x000056ec       0x48 ./src/main.o
 .text.init_mmc
                0x00005734       0xd0 ./src/main.o
 .text.save_log
                0x00005804       0x84 ./src/main.o
                0x00005804                save_log
 .text.init_speaker
                0x00005888       0x6a ./src/main.o
                0x00005888                init_speaker
 .text.playNote
                0x000058f2       0x6e ./src/main.o
 .text.getNote  0x00005960       0x4c ./src/main.o
 .text.getDuration
                0x000059ac       0x30 ./src/main.o
 .text.getPause
                0x000059dc       0x42 ./src/main.o
 .text.playSong
                0x00005a1e       0x7c ./src/main.o
 *fill*         0x00005a9a        0x2 ff
 .text.makeLEDsColor
                0x00005a9c      0x114 ./src/main.o
                0x00005a9c                makeLEDsColor
 .text.colorRgbDiode
                0x00005bb0       0x38 ./src/main.o
 .text.display_time
                0x00005be8       0x4c ./src/main.o
                0x00005be8                display_time
 .text.arrayToInt
                0x00005c34       0x6e ./src/main.o
                0x00005c34                arrayToInt
 *fill*         0x00005ca2        0x2 ff
 .text.SysTick_Handler
                0x00005ca4       0x1c ./src/main.o
                0x00005ca4                SysTick_Handler
 .text.getTicks
                0x00005cc0       0x14 ./src/main.o
 .text.oledInfo
                0x00005cd4       0x90 ./src/main.o
                0x00005cd4                oledInfo
 .text.clearArray
                0x00005d64       0x30 ./src/main.o
                0x00005d64                clearArray
 .text.ethernetInit
                0x00005d94       0x60 ./src/main.o
                0x00005d94                ethernetInit
 .text.webserver
                0x00005df4       0x90 ./src/main.o
                0x00005df4                webserver
 .text.main     0x00005e84      0xbec ./src/main.o
                0x00005e84                main
 .text.SSPSend  0x00006a70       0x30 ./src/mmc.o
 .text.SSPReceive
                0x00006aa0       0x30 ./src/mmc.o
                0x00006aa0                SSPReceive
 .text.xmit_spi
                0x00006ad0       0x1c ./src/mmc.o
 .text.rcvr_spi
                0x00006aec       0x1e ./src/mmc.o
 *fill*         0x00006b0a        0x2 ff
 .text.wait_ready
                0x00006b0c       0x38 ./src/mmc.o
 .text.deselect
                0x00006b44       0x14 ./src/mmc.o
 .text.select   0x00006b58       0x24 ./src/mmc.o
 .text.power_on
                0x00006b7c        0xc ./src/mmc.o
 .text.power_off
                0x00006b88        0xc ./src/mmc.o
 .text.chk_power
                0x00006b94        0xe ./src/mmc.o
 *fill*         0x00006ba2        0x2 ff
 .text.rcvr_datablock
                0x00006ba4       0x8c ./src/mmc.o
 .text.xmit_datablock
                0x00006c30       0x80 ./src/mmc.o
 .text.send_cmd
                0x00006cb0       0xce ./src/mmc.o
 *fill*         0x00006d7e        0x2 ff
 .text.disk_initialize
                0x00006d80      0x1c0 ./src/mmc.o
                0x00006d80                disk_initialize
 .text.disk_status
                0x00006f40       0x28 ./src/mmc.o
                0x00006f40                disk_status
 .text.disk_read
                0x00006f68       0xd0 ./src/mmc.o
                0x00006f68                disk_read
 .text.disk_write
                0x00007038      0x100 ./src/mmc.o
                0x00007038                disk_write
 .text.disk_ioctl
                0x00007138      0x3a0 ./src/mmc.o
                0x00007138                disk_ioctl
 .text.icmp_input
                0x000074d8      0x214 ./lwip/src/core/ipv4/icmp.o
                0x000074d8                icmp_input
 .text.icmp_dest_unreach
                0x000076ec       0x20 ./lwip/src/core/ipv4/icmp.o
                0x000076ec                icmp_dest_unreach
 .text.icmp_time_exceeded
                0x0000770c       0x20 ./lwip/src/core/ipv4/icmp.o
                0x0000770c                icmp_time_exceeded
 .text.icmp_send_response
                0x0000772c       0xb8 ./lwip/src/core/ipv4/icmp.o
 .text.lwip_standard_chksum
                0x000077e4       0x9a ./lwip/src/core/ipv4/inet_chksum.o
 .text.inet_chksum_pseudo
                0x0000787e      0x10c ./lwip/src/core/ipv4/inet_chksum.o
                0x0000787e                inet_chksum_pseudo
 .text.inet_chksum_pseudo_partial
                0x0000798a      0x138 ./lwip/src/core/ipv4/inet_chksum.o
                0x0000798a                inet_chksum_pseudo_partial
 .text.inet_chksum
                0x00007ac2       0x24 ./lwip/src/core/ipv4/inet_chksum.o
                0x00007ac2                inet_chksum
 .text.inet_chksum_pbuf
                0x00007ae6       0x94 ./lwip/src/core/ipv4/inet_chksum.o
                0x00007ae6                inet_chksum_pbuf
 .text.lwip_chksum_copy
                0x00007b7a       0x2e ./lwip/src/core/ipv4/inet_chksum.o
                0x00007b7a                lwip_chksum_copy
 .text.ip_route
                0x00007ba8       0x78 ./lwip/src/core/ipv4/ip.o
                0x00007ba8                ip_route
 .text.ip_input
                0x00007c20      0x228 ./lwip/src/core/ipv4/ip.o
                0x00007c20                ip_input
 .text.ip_output_if
                0x00007e48      0x1c0 ./lwip/src/core/ipv4/ip.o
                0x00007e48                ip_output_if
 .text.ip_output
                0x00008008       0x56 ./lwip/src/core/ipv4/ip.o
                0x00008008                ip_output
 .text.ip4_addr_isbroadcast
                0x0000805e       0x76 ./lwip/src/core/ipv4/ip_addr.o
                0x0000805e                ip4_addr_isbroadcast
 .text.ip_reass_tmr
                0x000080d4       0x58 ./lwip/src/core/ipv4/ip_frag.o
                0x000080d4                ip_reass_tmr
 .text.ip_reass_free_complete_datagram
                0x0000812c      0x10c ./lwip/src/core/ipv4/ip_frag.o
 .text.ip_reass_remove_oldest_datagram
                0x00008238       0xb8 ./lwip/src/core/ipv4/ip_frag.o
 .text.ip_reass_enqueue_new_datagram
                0x000082f0       0x84 ./lwip/src/core/ipv4/ip_frag.o
 .text.ip_reass_dequeue_datagram
                0x00008374       0x44 ./lwip/src/core/ipv4/ip_frag.o
 .text.ip_reass_chain_frag_into_datagram_and_validate
                0x000083b8      0x254 ./lwip/src/core/ipv4/ip_frag.o
 .text.ip_reass
                0x0000860c      0x248 ./lwip/src/core/ipv4/ip_frag.o
                0x0000860c                ip_reass
 .text.ip_frag_alloc_pbuf_custom_ref
                0x00008854       0x18 ./lwip/src/core/ipv4/ip_frag.o
 .text.ip_frag_free_pbuf_custom_ref
                0x0000886c       0x20 ./lwip/src/core/ipv4/ip_frag.o
 .text.ipfrag_free_pbuf_custom
                0x0000888c       0x42 ./lwip/src/core/ipv4/ip_frag.o
 *fill*         0x000088ce        0x2 ff
 .text.ip_frag  0x000088d0      0x20c ./lwip/src/core/ipv4/ip_frag.o
                0x000088d0                ip_frag
 .text.lwip_htons
                0x00008adc       0x28 ./lwip/src/core/def.o
                0x00008adc                lwip_htons
 .text.lwip_ntohs
                0x00008b04       0x1c ./lwip/src/core/def.o
                0x00008b04                lwip_ntohs
 .text.lwip_htonl
                0x00008b20       0x30 ./lwip/src/core/def.o
                0x00008b20                lwip_htonl
 .text.lwip_ntohl
                0x00008b50       0x18 ./lwip/src/core/def.o
                0x00008b50                lwip_ntohl
 .text.lwip_init
                0x00008b68       0x18 ./lwip/src/core/init.o
                0x00008b68                lwip_init
 .text.netif_init
                0x00008b80        0xc ./lwip/src/core/netif.o
                0x00008b80                netif_init
 .text.netif_add
                0x00008b8c       0x8c ./lwip/src/core/netif.o
                0x00008b8c                netif_add
 .text.netif_set_addr
                0x00008c18       0x2e ./lwip/src/core/netif.o
                0x00008c18                netif_set_addr
 *fill*         0x00008c46        0x2 ff
 .text.netif_set_ipaddr
                0x00008c48       0xb0 ./lwip/src/core/netif.o
                0x00008c48                netif_set_ipaddr
 .text.netif_set_gw
                0x00008cf8       0x26 ./lwip/src/core/netif.o
                0x00008cf8                netif_set_gw
 .text.netif_set_netmask
                0x00008d1e       0x26 ./lwip/src/core/netif.o
                0x00008d1e                netif_set_netmask
 .text.netif_set_default
                0x00008d44       0x1c ./lwip/src/core/netif.o
                0x00008d44                netif_set_default
 .text.netif_set_up
                0x00008d60       0x58 ./lwip/src/core/netif.o
                0x00008d60                netif_set_up
 .text.netif_set_link_up
                0x00008db8       0x58 ./lwip/src/core/netif.o
                0x00008db8                netif_set_link_up
 .text.netif_set_link_down
                0x00008e10       0x32 ./lwip/src/core/netif.o
                0x00008e10                netif_set_link_down
 *fill*         0x00008e42        0x2 ff
 .text.pbuf_free_ooseq
                0x00008e44       0x48 ./lwip/src/core/pbuf.o
                0x00008e44                pbuf_free_ooseq
 .text.pbuf_pool_is_empty
                0x00008e8c       0x18 ./lwip/src/core/pbuf.o
 .text.pbuf_alloc
                0x00008ea4      0x29c ./lwip/src/core/pbuf.o
                0x00008ea4                pbuf_alloc
 .text.pbuf_alloced_custom
                0x00009140       0xb4 ./lwip/src/core/pbuf.o
                0x00009140                pbuf_alloced_custom
 .text.pbuf_realloc
                0x000091f4       0xe6 ./lwip/src/core/pbuf.o
                0x000091f4                pbuf_realloc
 .text.pbuf_header
                0x000092da       0xec ./lwip/src/core/pbuf.o
                0x000092da                pbuf_header
 .text.pbuf_free
                0x000093c6       0xe4 ./lwip/src/core/pbuf.o
                0x000093c6                pbuf_free
 .text.pbuf_clen
                0x000094aa       0x2c ./lwip/src/core/pbuf.o
                0x000094aa                pbuf_clen
 .text.pbuf_ref
                0x000094d6       0x24 ./lwip/src/core/pbuf.o
                0x000094d6                pbuf_ref
 .text.pbuf_cat
                0x000094fa       0x78 ./lwip/src/core/pbuf.o
                0x000094fa                pbuf_cat
 .text.pbuf_copy
                0x00009572      0x13c ./lwip/src/core/pbuf.o
                0x00009572                pbuf_copy
 .text.pbuf_copy_partial
                0x000096ae       0xd0 ./lwip/src/core/pbuf.o
                0x000096ae                pbuf_copy_partial
 *fill*         0x0000977e        0x2 ff
 .text.raw_input
                0x00009780       0xdc ./lwip/src/core/raw.o
                0x00009780                raw_input
 .text.tcp_init
                0x0000985c        0xc ./lwip/src/core/tcp.o
                0x0000985c                tcp_init
 .text.tcp_tmr  0x00009868       0x2c ./lwip/src/core/tcp.o
                0x00009868                tcp_tmr
 .text.tcp_close_shutdown
                0x00009894      0x258 ./lwip/src/core/tcp.o
 .text.tcp_close
                0x00009aec       0x30 ./lwip/src/core/tcp.o
                0x00009aec                tcp_close
 .text.tcp_abandon
                0x00009b1c       0xdc ./lwip/src/core/tcp.o
                0x00009b1c                tcp_abandon
 .text.tcp_abort
                0x00009bf8       0x18 ./lwip/src/core/tcp.o
                0x00009bf8                tcp_abort
 .text.tcp_bind
                0x00009c10       0xe4 ./lwip/src/core/tcp.o
                0x00009c10                tcp_bind
 .text.tcp_accept_null
                0x00009cf4       0x1c ./lwip/src/core/tcp.o
 .text.tcp_listen_with_backlog
                0x00009d10      0x120 ./lwip/src/core/tcp.o
                0x00009d10                tcp_listen_with_backlog
 .text.tcp_update_rcv_ann_wnd
                0x00009e30       0x84 ./lwip/src/core/tcp.o
                0x00009e30                tcp_update_rcv_ann_wnd
 .text.tcp_recved
                0x00009eb4       0x7e ./lwip/src/core/tcp.o
                0x00009eb4                tcp_recved
 *fill*         0x00009f32        0x2 ff
 .text.tcp_new_port
                0x00009f34       0x88 ./lwip/src/core/tcp.o
 .text.tcp_slowtmr
                0x00009fbc      0x4c8 ./lwip/src/core/tcp.o
                0x00009fbc                tcp_slowtmr
 .text.tcp_fasttmr
                0x0000a484       0xa4 ./lwip/src/core/tcp.o
                0x0000a484                tcp_fasttmr
 .text.tcp_process_refused_data
                0x0000a528       0xce ./lwip/src/core/tcp.o
                0x0000a528                tcp_process_refused_data
 .text.tcp_segs_free
                0x0000a5f6       0x2a ./lwip/src/core/tcp.o
                0x0000a5f6                tcp_segs_free
 .text.tcp_seg_free
                0x0000a620       0x2e ./lwip/src/core/tcp.o
                0x0000a620                tcp_seg_free
 .text.tcp_setprio
                0x0000a64e       0x1c ./lwip/src/core/tcp.o
                0x0000a64e                tcp_setprio
 *fill*         0x0000a66a        0x2 ff
 .text.tcp_seg_copy
                0x0000a66c       0x44 ./lwip/src/core/tcp.o
                0x0000a66c                tcp_seg_copy
 .text.tcp_recv_null
                0x0000a6b0       0x44 ./lwip/src/core/tcp.o
                0x0000a6b0                tcp_recv_null
 .text.tcp_kill_prio
                0x0000a6f4       0x80 ./lwip/src/core/tcp.o
 .text.tcp_kill_timewait
                0x0000a774       0x60 ./lwip/src/core/tcp.o
 .text.tcp_alloc
                0x0000a7d4      0x12c ./lwip/src/core/tcp.o
                0x0000a7d4                tcp_alloc
 .text.tcp_new  0x0000a900       0x10 ./lwip/src/core/tcp.o
                0x0000a900                tcp_new
 .text.tcp_arg  0x0000a910       0x1a ./lwip/src/core/tcp.o
                0x0000a910                tcp_arg
 .text.tcp_recv
                0x0000a92a       0x26 ./lwip/src/core/tcp.o
                0x0000a92a                tcp_recv
 .text.tcp_sent
                0x0000a950       0x24 ./lwip/src/core/tcp.o
                0x0000a950                tcp_sent
 .text.tcp_err  0x0000a974       0x26 ./lwip/src/core/tcp.o
                0x0000a974                tcp_err
 .text.tcp_accept
                0x0000a99a       0x1a ./lwip/src/core/tcp.o
                0x0000a99a                tcp_accept
 .text.tcp_poll
                0x0000a9b4       0x32 ./lwip/src/core/tcp.o
                0x0000a9b4                tcp_poll
 .text.tcp_pcb_purge
                0x0000a9e6       0x82 ./lwip/src/core/tcp.o
                0x0000a9e6                tcp_pcb_purge
 .text.tcp_pcb_remove
                0x0000aa68       0xd0 ./lwip/src/core/tcp.o
                0x0000aa68                tcp_pcb_remove
 .text.tcp_next_iss
                0x0000ab38       0x28 ./lwip/src/core/tcp.o
                0x0000ab38                tcp_next_iss
 .text.tcp_eff_send_mss
                0x0000ab60       0x40 ./lwip/src/core/tcp.o
                0x0000ab60                tcp_eff_send_mss
 .text.tcp_input
                0x0000aba0      0x67c ./lwip/src/core/tcp_in.o
                0x0000aba0                tcp_input
 .text.tcp_listen_input
                0x0000b21c      0x194 ./lwip/src/core/tcp_in.o
 .text.tcp_timewait_input
                0x0000b3b0       0xd4 ./lwip/src/core/tcp_in.o
 .text.tcp_process
                0x0000b484      0x6f4 ./lwip/src/core/tcp_in.o
 .text.tcp_oos_insert_segment
                0x0000bb78       0xec ./lwip/src/core/tcp_in.o
 .text.tcp_receive
                0x0000bc64      0xf74 ./lwip/src/core/tcp_in.o
 .text.tcp_parseopt
                0x0000cbd8      0x108 ./lwip/src/core/tcp_in.o
 .text.tcp_output_alloc_header
                0x0000cce0       0xe0 ./lwip/src/core/tcp_out.o
 .text.tcp_send_fin
                0x0000cdc0       0x7e ./lwip/src/core/tcp_out.o
                0x0000cdc0                tcp_send_fin
 *fill*         0x0000ce3e        0x2 ff
 .text.tcp_create_segment
                0x0000ce40      0x124 ./lwip/src/core/tcp_out.o
 .text.tcp_pbuf_prealloc
                0x0000cf64       0xae ./lwip/src/core/tcp_out.o
 .text.tcp_seg_add_chksum
                0x0000d012       0x66 ./lwip/src/core/tcp_out.o
 .text.tcp_write_checks
                0x0000d078       0xc6 ./lwip/src/core/tcp_out.o
 .text.tcp_write
                0x0000d13e      0x5f6 ./lwip/src/core/tcp_out.o
                0x0000d13e                tcp_write
 .text.tcp_enqueue_flags
                0x0000d734      0x1d4 ./lwip/src/core/tcp_out.o
                0x0000d734                tcp_enqueue_flags
 .text.tcp_send_empty_ack
                0x0000d908       0x90 ./lwip/src/core/tcp_out.o
                0x0000d908                tcp_send_empty_ack
 .text.tcp_output
                0x0000d998      0x2c8 ./lwip/src/core/tcp_out.o
                0x0000d998                tcp_output
 .text.tcp_output_segment
                0x0000dc60      0x210 ./lwip/src/core/tcp_out.o
 .text.tcp_rst  0x0000de70       0xde ./lwip/src/core/tcp_out.o
                0x0000de70                tcp_rst
 .text.tcp_rexmit_rto
                0x0000df4e       0x62 ./lwip/src/core/tcp_out.o
                0x0000df4e                tcp_rexmit_rto
 .text.tcp_rexmit
                0x0000dfb0       0x96 ./lwip/src/core/tcp_out.o
                0x0000dfb0                tcp_rexmit
 .text.tcp_rexmit_fast
                0x0000e046       0xa6 ./lwip/src/core/tcp_out.o
                0x0000e046                tcp_rexmit_fast
 .text.tcp_keepalive
                0x0000e0ec       0x72 ./lwip/src/core/tcp_out.o
                0x0000e0ec                tcp_keepalive
 .text.tcp_zero_window_probe
                0x0000e15e      0x108 ./lwip/src/core/tcp_out.o
                0x0000e15e                tcp_zero_window_probe
 *fill*         0x0000e266        0x2 ff
 .text.tcpip_tcp_timer
                0x0000e268       0x48 ./lwip/src/core/timers.o
 .text.tcp_timer_needed
                0x0000e2b0       0x40 ./lwip/src/core/timers.o
                0x0000e2b0                tcp_timer_needed
 .text.ip_reass_timer
                0x0000e2f0       0x24 ./lwip/src/core/timers.o
 .text.arp_timer
                0x0000e314       0x24 ./lwip/src/core/timers.o
 .text.sys_timeouts_init
                0x0000e338       0x34 ./lwip/src/core/timers.o
                0x0000e338                sys_timeouts_init
 .text.sys_timeout
                0x0000e36c       0xf4 ./lwip/src/core/timers.o
                0x0000e36c                sys_timeout
 .text.sys_check_timeouts
                0x0000e460       0x98 ./lwip/src/core/timers.o
                0x0000e460                sys_check_timeouts
 .text.udp_init
                0x0000e4f8        0xc ./lwip/src/core/udp.o
                0x0000e4f8                udp_init
 .text.udp_input
                0x0000e504      0x26c ./lwip/src/core/udp.o
                0x0000e504                udp_input
 .text.assert_loop
                0x0000e770        0x6 ./lwip/src/arch/lpc_debug.o
                0x0000e770                assert_loop
 *fill*         0x0000e776        0x2 ff
 .text.SystemInit
                0x0000e778      0x140 C:\Users\student\Desktop\embedded_systems-main\Lib_CMSISv1p30_LPC17xx\Debug\libCMSISv1p30_LPC17xx.a(system_LPC17xx.o)
                0x0000e778                SystemInit
 .text.I2CRead  0x0000e8b8       0x50 C:\Users\student\Desktop\embedded_systems-main\Lib_EaBaseBoard\Debug\libLib_EaBaseBoard.a(acc.o)
 .text.I2CWrite
                0x0000e908       0x50 C:\Users\student\Desktop\embedded_systems-main\Lib_EaBaseBoard\Debug\libLib_EaBaseBoard.a(acc.o)
 .text.getStatus
                0x0000e958       0x2c C:\Users\student\Desktop\embedded_systems-main\Lib_EaBaseBoard\Debug\libLib_EaBaseBoard.a(acc.o)
 .text.setModeControl
                0x0000e984       0x28 C:\Users\student\Desktop\embedded_systems-main\Lib_EaBaseBoard\Debug\libLib_EaBaseBoard.a(acc.o)
 .text.acc_init
                0x0000e9ac        0xe C:\Users\student\Desktop\embedded_systems-main\Lib_EaBaseBoard\Debug\libLib_EaBaseBoard.a(acc.o)
                0x0000e9ac                acc_init
 .text.acc_read
                0x0000e9ba       0x9c C:\Users\student\Desktop\embedded_systems-main\Lib_EaBaseBoard\Debug\libLib_EaBaseBoard.a(acc.o)
                0x0000e9ba                acc_read
 *fill*         0x0000ea56        0x2 ff
 .text.I2CRead  0x0000ea58       0x50 C:\Users\student\Desktop\embedded_systems-main\Lib_EaBaseBoard\Debug\libLib_EaBaseBoard.a(light.o)
 .text.I2CWrite
                0x0000eaa8       0x50 C:\Users\student\Desktop\embedded_systems-main\Lib_EaBaseBoard\Debug\libLib_EaBaseBoard.a(light.o)
 .text.readControlReg
                0x0000eaf8       0x2c C:\Users\student\Desktop\embedded_systems-main\Lib_EaBaseBoard\Debug\libLib_EaBaseBoard.a(light.o)
 .text.light_init
                0x0000eb24        0xc C:\Users\student\Desktop\embedded_systems-main\Lib_EaBaseBoard\Debug\libLib_EaBaseBoard.a(light.o)
                0x0000eb24                light_init
 .text.light_enable
                0x0000eb30       0x3c C:\Users\student\Desktop\embedded_systems-main\Lib_EaBaseBoard\Debug\libLib_EaBaseBoard.a(light.o)
                0x0000eb30                light_enable
 .text.light_read
                0x0000eb6c       0x74 C:\Users\student\Desktop\embedded_systems-main\Lib_EaBaseBoard\Debug\libLib_EaBaseBoard.a(light.o)
                0x0000eb6c                light_read
 .text.light_setRange
                0x0000ebe0       0x90 C:\Users\student\Desktop\embedded_systems-main\Lib_EaBaseBoard\Debug\libLib_EaBaseBoard.a(light.o)
                0x0000ebe0                light_setRange
 .text.writeCommand
                0x0000ec70       0x48 C:\Users\student\Desktop\embedded_systems-main\Lib_EaBaseBoard\Debug\libLib_EaBaseBoard.a(oled.o)
 .text.writeData
                0x0000ecb8       0x48 C:\Users\student\Desktop\embedded_systems-main\Lib_EaBaseBoard\Debug\libLib_EaBaseBoard.a(oled.o)
 .text.writeDataLen
                0x0000ed00       0x78 C:\Users\student\Desktop\embedded_systems-main\Lib_EaBaseBoard\Debug\libLib_EaBaseBoard.a(oled.o)
 .text.runInitSequence
                0x0000ed78       0xd4 C:\Users\student\Desktop\embedded_systems-main\Lib_EaBaseBoard\Debug\libLib_EaBaseBoard.a(oled.o)
 .text.oled_init
                0x0000ee4c       0x74 C:\Users\student\Desktop\embedded_systems-main\Lib_EaBaseBoard\Debug\libLib_EaBaseBoard.a(oled.o)
                0x0000ee4c                oled_init
 .text.oled_putPixel
                0x0000eec0      0x150 C:\Users\student\Desktop\embedded_systems-main\Lib_EaBaseBoard\Debug\libLib_EaBaseBoard.a(oled.o)
                0x0000eec0                oled_putPixel
 .text.oled_clearScreen
                0x0000f010       0x64 C:\Users\student\Desktop\embedded_systems-main\Lib_EaBaseBoard\Debug\libLib_EaBaseBoard.a(oled.o)
                0x0000f010                oled_clearScreen
 .text.oled_putChar
                0x0000f074       0xd8 C:\Users\student\Desktop\embedded_systems-main\Lib_EaBaseBoard\Debug\libLib_EaBaseBoard.a(oled.o)
                0x0000f074                oled_putChar
 .text.oled_putString
                0x0000f14c       0x52 C:\Users\student\Desktop\embedded_systems-main\Lib_EaBaseBoard\Debug\libLib_EaBaseBoard.a(oled.o)
                0x0000f14c                oled_putString
 *fill*         0x0000f19e        0x2 ff
 .text.I2CWrite
                0x0000f1a0       0x50 C:\Users\student\Desktop\embedded_systems-main\Lib_EaBaseBoard\Debug\libLib_EaBaseBoard.a(pca9532.o)
 .text.setLsStates
                0x0000f1f0       0xa6 C:\Users\student\Desktop\embedded_systems-main\Lib_EaBaseBoard\Debug\libLib_EaBaseBoard.a(pca9532.o)
 *fill*         0x0000f296        0x2 ff
 .text.setLeds  0x0000f298       0x70 C:\Users\student\Desktop\embedded_systems-main\Lib_EaBaseBoard\Debug\libLib_EaBaseBoard.a(pca9532.o)
 .text.pca9532_init
                0x0000f308        0xc C:\Users\student\Desktop\embedded_systems-main\Lib_EaBaseBoard\Debug\libLib_EaBaseBoard.a(pca9532.o)
                0x0000f308                pca9532_init
 .text.pca9532_setLeds
                0x0000f314       0x80 C:\Users\student\Desktop\embedded_systems-main\Lib_EaBaseBoard\Debug\libLib_EaBaseBoard.a(pca9532.o)
                0x0000f314                pca9532_setLeds
 .text.rgb_init
                0x0000f394       0x28 C:\Users\student\Desktop\embedded_systems-main\Lib_EaBaseBoard\Debug\libLib_EaBaseBoard.a(rgb.o)
                0x0000f394                rgb_init
 .text.rgb_setLeds
                0x0000f3bc       0x6a C:\Users\student\Desktop\embedded_systems-main\Lib_EaBaseBoard\Debug\libLib_EaBaseBoard.a(rgb.o)
                0x0000f3bc                rgb_setLeds
 *fill*         0x0000f426        0x2 ff
 .text.temp_init
                0x0000f428       0x24 C:\Users\student\Desktop\embedded_systems-main\Lib_EaBaseBoard\Debug\libLib_EaBaseBoard.a(temp.o)
                0x0000f428                temp_init
 .text.temp_read
                0x0000f44c       0xfc C:\Users\student\Desktop\embedded_systems-main\Lib_EaBaseBoard\Debug\libLib_EaBaseBoard.a(temp.o)
                0x0000f44c                temp_read
 .text.ADC_Init
                0x0000f548       0x90 C:\Users\student\Desktop\embedded_systems-main\Lib_MCU\Debug\libLib_MCU.a(lpc17xx_adc.o)
                0x0000f548                ADC_Init
 .text.ADC_IntConfig
                0x0000f5d8       0x9c C:\Users\student\Desktop\embedded_systems-main\Lib_MCU\Debug\libLib_MCU.a(lpc17xx_adc.o)
                0x0000f5d8                ADC_IntConfig
 .text.ADC_ChannelCmd
                0x0000f674       0x60 C:\Users\student\Desktop\embedded_systems-main\Lib_MCU\Debug\libLib_MCU.a(lpc17xx_adc.o)
                0x0000f674                ADC_ChannelCmd
 .text.CLKPWR_SetPCLKDiv
                0x0000f6d4       0x90 C:\Users\student\Desktop\embedded_systems-main\Lib_MCU\Debug\libLib_MCU.a(lpc17xx_clkpwr.o)
                0x0000f6d4                CLKPWR_SetPCLKDiv
 .text.CLKPWR_GetPCLKSEL
                0x0000f764       0x48 C:\Users\student\Desktop\embedded_systems-main\Lib_MCU\Debug\libLib_MCU.a(lpc17xx_clkpwr.o)
                0x0000f764                CLKPWR_GetPCLKSEL
 .text.CLKPWR_GetPCLK
                0x0000f7ac       0x64 C:\Users\student\Desktop\embedded_systems-main\Lib_MCU\Debug\libLib_MCU.a(lpc17xx_clkpwr.o)
                0x0000f7ac                CLKPWR_GetPCLK
 .text.CLKPWR_ConfigPPWR
                0x0000f810       0x58 C:\Users\student\Desktop\embedded_systems-main\Lib_MCU\Debug\libLib_MCU.a(lpc17xx_clkpwr.o)
                0x0000f810                CLKPWR_ConfigPPWR
 .text.GPIO_GetPointer
                0x0000f868       0x70 C:\Users\student\Desktop\embedded_systems-main\Lib_MCU\Debug\libLib_MCU.a(lpc17xx_gpio.o)
 .text.GPIO_SetDir
                0x0000f8d8       0x4a C:\Users\student\Desktop\embedded_systems-main\Lib_MCU\Debug\libLib_MCU.a(lpc17xx_gpio.o)
                0x0000f8d8                GPIO_SetDir
 .text.GPIO_SetValue
                0x0000f922       0x2a C:\Users\student\Desktop\embedded_systems-main\Lib_MCU\Debug\libLib_MCU.a(lpc17xx_gpio.o)
                0x0000f922                GPIO_SetValue
 .text.GPIO_ClearValue
                0x0000f94c       0x2a C:\Users\student\Desktop\embedded_systems-main\Lib_MCU\Debug\libLib_MCU.a(lpc17xx_gpio.o)
                0x0000f94c                GPIO_ClearValue
 .text.GPIO_ReadValue
                0x0000f976       0x2a C:\Users\student\Desktop\embedded_systems-main\Lib_MCU\Debug\libLib_MCU.a(lpc17xx_gpio.o)
                0x0000f976                GPIO_ReadValue
 .text.NVIC_EnableIRQ
                0x0000f9a0       0x30 C:\Users\student\Desktop\embedded_systems-main\Lib_MCU\Debug\libLib_MCU.a(lpc17xx_i2c.o)
 .text.NVIC_DisableIRQ
                0x0000f9d0       0x34 C:\Users\student\Desktop\embedded_systems-main\Lib_MCU\Debug\libLib_MCU.a(lpc17xx_i2c.o)
 .text.I2C_getNum
                0x0000fa04       0x48 C:\Users\student\Desktop\embedded_systems-main\Lib_MCU\Debug\libLib_MCU.a(lpc17xx_i2c.o)
 .text.I2C_Start
                0x0000fa4c       0x3a C:\Users\student\Desktop\embedded_systems-main\Lib_MCU\Debug\libLib_MCU.a(lpc17xx_i2c.o)
 .text.I2C_Stop
                0x0000fa86       0x30 C:\Users\student\Desktop\embedded_systems-main\Lib_MCU\Debug\libLib_MCU.a(lpc17xx_i2c.o)
 .text.I2C_SendByte
                0x0000fab6       0x4a C:\Users\student\Desktop\embedded_systems-main\Lib_MCU\Debug\libLib_MCU.a(lpc17xx_i2c.o)
 .text.I2C_GetByte
                0x0000fb00       0x52 C:\Users\student\Desktop\embedded_systems-main\Lib_MCU\Debug\libLib_MCU.a(lpc17xx_i2c.o)
 *fill*         0x0000fb52        0x2 ff
 .text.I2C_SetClock
                0x0000fb54       0xa4 C:\Users\student\Desktop\embedded_systems-main\Lib_MCU\Debug\libLib_MCU.a(lpc17xx_i2c.o)
 .text.I2C_Init
                0x0000fbf8       0xa4 C:\Users\student\Desktop\embedded_systems-main\Lib_MCU\Debug\libLib_MCU.a(lpc17xx_i2c.o)
                0x0000fbf8                I2C_Init
 .text.I2C_Cmd  0x0000fc9c       0x70 C:\Users\student\Desktop\embedded_systems-main\Lib_MCU\Debug\libLib_MCU.a(lpc17xx_i2c.o)
                0x0000fc9c                I2C_Cmd
 .text.I2C_IntCmd
                0x0000fd0c       0x88 C:\Users\student\Desktop\embedded_systems-main\Lib_MCU\Debug\libLib_MCU.a(lpc17xx_i2c.o)
                0x0000fd0c                I2C_IntCmd
 .text.I2C_MasterTransferData
                0x0000fd94      0x2cc C:\Users\student\Desktop\embedded_systems-main\Lib_MCU\Debug\libLib_MCU.a(lpc17xx_i2c.o)
                0x0000fd94                I2C_MasterTransferData
 .text.check_failed
                0x00010060        0xc C:\Users\student\Desktop\embedded_systems-main\Lib_MCU\Debug\libLib_MCU.a(lpc17xx_libcfg_default.o)
                0x00010060                check_failed
 .text.set_PinFunc
                0x0001006c       0x80 C:\Users\student\Desktop\embedded_systems-main\Lib_MCU\Debug\libLib_MCU.a(lpc17xx_pinsel.o)
 .text.set_ResistorMode
                0x000100ec       0x80 C:\Users\student\Desktop\embedded_systems-main\Lib_MCU\Debug\libLib_MCU.a(lpc17xx_pinsel.o)
 .text.set_OpenDrainMode
                0x0001016c       0x68 C:\Users\student\Desktop\embedded_systems-main\Lib_MCU\Debug\libLib_MCU.a(lpc17xx_pinsel.o)
 .text.PINSEL_ConfigPin
                0x000101d4       0x46 C:\Users\student\Desktop\embedded_systems-main\Lib_MCU\Debug\libLib_MCU.a(lpc17xx_pinsel.o)
                0x000101d4                PINSEL_ConfigPin
 *fill*         0x0001021a        0x2 ff
 .text.RTC_Init
                0x0001021c       0x50 C:\Users\student\Desktop\embedded_systems-main\Lib_MCU\Debug\libLib_MCU.a(lpc17xx_rtc.o)
                0x0001021c                RTC_Init
 .text.RTC_Cmd  0x0001026c       0x68 C:\Users\student\Desktop\embedded_systems-main\Lib_MCU\Debug\libLib_MCU.a(lpc17xx_rtc.o)
                0x0001026c                RTC_Cmd
 .text.RTC_SetTime
                0x000102d4      0x1bc C:\Users\student\Desktop\embedded_systems-main\Lib_MCU\Debug\libLib_MCU.a(lpc17xx_rtc.o)
                0x000102d4                RTC_SetTime
 .text.RTC_GetTime
                0x00010490      0x104 C:\Users\student\Desktop\embedded_systems-main\Lib_MCU\Debug\libLib_MCU.a(lpc17xx_rtc.o)
                0x00010490                RTC_GetTime
 .text.setSSPclock
                0x00010594       0xc4 C:\Users\student\Desktop\embedded_systems-main\Lib_MCU\Debug\libLib_MCU.a(lpc17xx_ssp.o)
 .text.SSP_Init
                0x00010658       0x9c C:\Users\student\Desktop\embedded_systems-main\Lib_MCU\Debug\libLib_MCU.a(lpc17xx_ssp.o)
                0x00010658                SSP_Init
 .text.SSP_GetDataSize
                0x000106f4       0x40 C:\Users\student\Desktop\embedded_systems-main\Lib_MCU\Debug\libLib_MCU.a(lpc17xx_ssp.o)
                0x000106f4                SSP_GetDataSize
 .text.SSP_ConfigStructInit
                0x00010734       0x3c C:\Users\student\Desktop\embedded_systems-main\Lib_MCU\Debug\libLib_MCU.a(lpc17xx_ssp.o)
                0x00010734                SSP_ConfigStructInit
 .text.SSP_Cmd  0x00010770       0x6c C:\Users\student\Desktop\embedded_systems-main\Lib_MCU\Debug\libLib_MCU.a(lpc17xx_ssp.o)
                0x00010770                SSP_Cmd
 .text.SSP_SendData
                0x000107dc       0x40 C:\Users\student\Desktop\embedded_systems-main\Lib_MCU\Debug\libLib_MCU.a(lpc17xx_ssp.o)
                0x000107dc                SSP_SendData
 .text.SSP_ReceiveData
                0x0001081c       0x3c C:\Users\student\Desktop\embedded_systems-main\Lib_MCU\Debug\libLib_MCU.a(lpc17xx_ssp.o)
                0x0001081c                SSP_ReceiveData
 .text.SSP_ReadWrite
                0x00010858      0x34e C:\Users\student\Desktop\embedded_systems-main\Lib_MCU\Debug\libLib_MCU.a(lpc17xx_ssp.o)
                0x00010858                SSP_ReadWrite
 *fill*         0x00010ba6        0x2 ff
 .text.getPClock
                0x00010ba8       0x58 C:\Users\student\Desktop\embedded_systems-main\Lib_MCU\Debug\libLib_MCU.a(lpc17xx_timer.o)
 .text.converUSecToVal
                0x00010c00       0x5c C:\Users\student\Desktop\embedded_systems-main\Lib_MCU\Debug\libLib_MCU.a(lpc17xx_timer.o)
 .text.converPtrToTimeNum
                0x00010c5c       0x5c C:\Users\student\Desktop\embedded_systems-main\Lib_MCU\Debug\libLib_MCU.a(lpc17xx_timer.o)
 .text.TIM_GetIntStatus
                0x00010cb8       0x98 C:\Users\student\Desktop\embedded_systems-main\Lib_MCU\Debug\libLib_MCU.a(lpc17xx_timer.o)
                0x00010cb8                TIM_GetIntStatus
 .text.TIM_ClearIntPending
                0x00010d50       0x88 C:\Users\student\Desktop\embedded_systems-main\Lib_MCU\Debug\libLib_MCU.a(lpc17xx_timer.o)
                0x00010d50                TIM_ClearIntPending
 .text.TIM_Init
                0x00010dd8      0x184 C:\Users\student\Desktop\embedded_systems-main\Lib_MCU\Debug\libLib_MCU.a(lpc17xx_timer.o)
                0x00010dd8                TIM_Init
 .text.TIM_Cmd  0x00010f5c       0x70 C:\Users\student\Desktop\embedded_systems-main\Lib_MCU\Debug\libLib_MCU.a(lpc17xx_timer.o)
                0x00010f5c                TIM_Cmd
 .text.TIM_ConfigMatch
                0x00010fcc      0x184 C:\Users\student\Desktop\embedded_systems-main\Lib_MCU\Debug\libLib_MCU.a(lpc17xx_timer.o)
                0x00010fcc                TIM_ConfigMatch
 .text.Timer0_Wait
                0x00011150       0x76 C:\Users\student\Desktop\embedded_systems-main\Lib_MCU\Debug\libLib_MCU.a(lpc17xx_timer.o)
                0x00011150                Timer0_Wait
 .text.Timer0_us_Wait
                0x000111c6       0x74 C:\Users\student\Desktop\embedded_systems-main\Lib_MCU\Debug\libLib_MCU.a(lpc17xx_timer.o)
                0x000111c6                Timer0_us_Wait
 *fill*         0x0001123a        0x2 ff
 .text          0x0001123c       0x30 c:/nxp/mcuxpressoide_11.3.1_5262/ide/plugins/com.nxp.mcuxpresso.tools.win32_11.3.0.202008311133/tools/bin/../lib/gcc/arm-none-eabi/9.3.1/thumb/v7-m/nofp\libgcc.a(_aeabi_uldivmod.o)
                0x0001123c                __aeabi_uldivmod
 .text          0x0001126c      0x2c4 c:/nxp/mcuxpressoide_11.3.1_5262/ide/plugins/com.nxp.mcuxpresso.tools.win32_11.3.0.202008311133/tools/bin/../lib/gcc/arm-none-eabi/9.3.1/thumb/v7-m/nofp\libgcc.a(_udivmoddi4.o)
                0x0001126c                __udivmoddi4
 .text          0x00011530        0x4 c:/nxp/mcuxpressoide_11.3.1_5262/ide/plugins/com.nxp.mcuxpresso.tools.win32_11.3.0.202008311133/tools/bin/../lib/gcc/arm-none-eabi/9.3.1/thumb/v7-m/nofp\libgcc.a(_dvmd_tls.o)
                0x00011530                __aeabi_idiv0
                0x00011530                __aeabi_ldiv0
 .text.abs      0x00011534        0x8 c:/nxp/mcuxpressoide_11.3.1_5262/ide/plugins/com.nxp.mcuxpresso.tools.win32_11.3.0.202008311133/tools/bin/../lib/gcc/arm-none-eabi/9.3.1/../../../../arm-none-eabi/lib/thumb/v7-m/nofp\libc.a(lib_a-abs.o)
                0x00011534                abs
 .text.malloc   0x0001153c       0x10 c:/nxp/mcuxpressoide_11.3.1_5262/ide/plugins/com.nxp.mcuxpresso.tools.win32_11.3.0.202008311133/tools/bin/../lib/gcc/arm-none-eabi/9.3.1/../../../../arm-none-eabi/lib/thumb/v7-m/nofp\libc.a(lib_a-malloc.o)
                0x0001153c                malloc
 .text.free     0x0001154c       0x10 c:/nxp/mcuxpressoide_11.3.1_5262/ide/plugins/com.nxp.mcuxpresso.tools.win32_11.3.0.202008311133/tools/bin/../lib/gcc/arm-none-eabi/9.3.1/../../../../arm-none-eabi/lib/thumb/v7-m/nofp\libc.a(lib_a-malloc.o)
                0x0001154c                free
 .text._malloc_r
                0x0001155c      0x55c c:/nxp/mcuxpressoide_11.3.1_5262/ide/plugins/com.nxp.mcuxpresso.tools.win32_11.3.0.202008311133/tools/bin/../lib/gcc/arm-none-eabi/9.3.1/../../../../arm-none-eabi/lib/thumb/v7-m/nofp\libc.a(lib_a-mallocr.o)
                0x0001155c                _malloc_r
 .text.memcmp   0x00011ab8       0x5c c:/nxp/mcuxpressoide_11.3.1_5262/ide/plugins/com.nxp.mcuxpresso.tools.win32_11.3.0.202008311133/tools/bin/../lib/gcc/arm-none-eabi/9.3.1/../../../../arm-none-eabi/lib/thumb/v7-m/nofp\libc.a(lib_a-memcmp.o)
                0x00011ab8                memcmp
 .text          0x00011b14       0xec c:/nxp/mcuxpressoide_11.3.1_5262/ide/plugins/com.nxp.mcuxpresso.tools.win32_11.3.0.202008311133/tools/bin/../lib/gcc/arm-none-eabi/9.3.1/../../../../arm-none-eabi/lib/thumb/v7-m/nofp\libc.a(lib_a-memcpy.o)
                0x00011b14                memcpy
 .text.memset   0x00011c00       0xa0 c:/nxp/mcuxpressoide_11.3.1_5262/ide/plugins/com.nxp.mcuxpresso.tools.win32_11.3.0.202008311133/tools/bin/../lib/gcc/arm-none-eabi/9.3.1/../../../../arm-none-eabi/lib/thumb/v7-m/nofp\libc.a(lib_a-memset.o)
                0x00011c00                memset
 .text.__malloc_lock
                0x00011ca0        0xc c:/nxp/mcuxpressoide_11.3.1_5262/ide/plugins/com.nxp.mcuxpresso.tools.win32_11.3.0.202008311133/tools/bin/../lib/gcc/arm-none-eabi/9.3.1/../../../../arm-none-eabi/lib/thumb/v7-m/nofp\libc.a(lib_a-mlock.o)
                0x00011ca0                __malloc_lock
 .text.__malloc_unlock
                0x00011cac        0xc c:/nxp/mcuxpressoide_11.3.1_5262/ide/plugins/com.nxp.mcuxpresso.tools.win32_11.3.0.202008311133/tools/bin/../lib/gcc/arm-none-eabi/9.3.1/../../../../arm-none-eabi/lib/thumb/v7-m/nofp\libc.a(lib_a-mlock.o)
                0x00011cac                __malloc_unlock
 .text._sbrk_r  0x00011cb8       0x24 c:/nxp/mcuxpressoide_11.3.1_5262/ide/plugins/com.nxp.mcuxpresso.tools.win32_11.3.0.202008311133/tools/bin/../lib/gcc/arm-none-eabi/9.3.1/../../../../arm-none-eabi/lib/thumb/v7-m/nofp\libc.a(lib_a-sbrkr.o)
                0x00011cb8                _sbrk_r
 .text.snprintf
                0x00011cdc       0x84 c:/nxp/mcuxpressoide_11.3.1_5262/ide/plugins/com.nxp.mcuxpresso.tools.win32_11.3.0.202008311133/tools/bin/../lib/gcc/arm-none-eabi/9.3.1/../../../../arm-none-eabi/lib/thumb/v7-m/nofp\libc.a(lib_a-snprintf.o)
                0x00011cdc                snprintf
 .text.sprintf  0x00011d60       0x44 c:/nxp/mcuxpressoide_11.3.1_5262/ide/plugins/com.nxp.mcuxpresso.tools.win32_11.3.0.202008311133/tools/bin/../lib/gcc/arm-none-eabi/9.3.1/../../../../arm-none-eabi/lib/thumb/v7-m/nofp\libc.a(lib_a-sprintf.o)
                0x00011d60                sprintf
 .text.strcat   0x00011da4       0x40 c:/nxp/mcuxpressoide_11.3.1_5262/ide/plugins/com.nxp.mcuxpresso.tools.win32_11.3.0.202008311133/tools/bin/../lib/gcc/arm-none-eabi/9.3.1/../../../../arm-none-eabi/lib/thumb/v7-m/nofp\libc.a(lib_a-strcat.o)
                0x00011da4                strcat
 .text.strchr   0x00011de4       0xd0 c:/nxp/mcuxpressoide_11.3.1_5262/ide/plugins/com.nxp.mcuxpresso.tools.win32_11.3.0.202008311133/tools/bin/../lib/gcc/arm-none-eabi/9.3.1/../../../../arm-none-eabi/lib/thumb/v7-m/nofp\libc.a(lib_a-strchr.o)
                0x00011de4                strchr
 .text          0x00011eb4      0x1bc c:/nxp/mcuxpressoide_11.3.1_5262/ide/plugins/com.nxp.mcuxpresso.tools.win32_11.3.0.202008311133/tools/bin/../lib/gcc/arm-none-eabi/9.3.1/../../../../arm-none-eabi/lib/thumb/v7-m/nofp\libc.a(lib_a-strcmp.o)
                0x00011eb4                strcmp
 .text.strcpy   0x00012070       0xbc c:/nxp/mcuxpressoide_11.3.1_5262/ide/plugins/com.nxp.mcuxpresso.tools.win32_11.3.0.202008311133/tools/bin/../lib/gcc/arm-none-eabi/9.3.1/../../../../arm-none-eabi/lib/thumb/v7-m/nofp\libc.a(lib_a-strcpy.o)
                0x00012070                strcpy
 .text.strlen   0x0001212c       0x5c c:/nxp/mcuxpressoide_11.3.1_5262/ide/plugins/com.nxp.mcuxpresso.tools.win32_11.3.0.202008311133/tools/bin/../lib/gcc/arm-none-eabi/9.3.1/../../../../arm-none-eabi/lib/thumb/v7-m/nofp\libc.a(lib_a-strlen-stub.o)
                0x0001212c                strlen
 .text.strncmp  0x00012188       0x7c c:/nxp/mcuxpressoide_11.3.1_5262/ide/plugins/com.nxp.mcuxpresso.tools.win32_11.3.0.202008311133/tools/bin/../lib/gcc/arm-none-eabi/9.3.1/../../../../arm-none-eabi/lib/thumb/v7-m/nofp\libc.a(lib_a-strncmp.o)
                0x00012188                strncmp
 .text.strnstr  0x00012204       0x3c c:/nxp/mcuxpressoide_11.3.1_5262/ide/plugins/com.nxp.mcuxpresso.tools.win32_11.3.0.202008311133/tools/bin/../lib/gcc/arm-none-eabi/9.3.1/../../../../arm-none-eabi/lib/thumb/v7-m/nofp\libc.a(lib_a-strnstr.o)
                0x00012204                strnstr
 .text.strrchr  0x00012240       0x24 c:/nxp/mcuxpressoide_11.3.1_5262/ide/plugins/com.nxp.mcuxpresso.tools.win32_11.3.0.202008311133/tools/bin/../lib/gcc/arm-none-eabi/9.3.1/../../../../arm-none-eabi/lib/thumb/v7-m/nofp\libc.a(lib_a-strrchr.o)
                0x00012240                strrchr
 .text.two_way_long_needle
                0x00012264      0x2b0 c:/nxp/mcuxpressoide_11.3.1_5262/ide/plugins/com.nxp.mcuxpresso.tools.win32_11.3.0.202008311133/tools/bin/../lib/gcc/arm-none-eabi/9.3.1/../../../../arm-none-eabi/lib/thumb/v7-m/nofp\libc.a(lib_a-strstr.o)
 .text.strstr   0x00012514      0x164 c:/nxp/mcuxpressoide_11.3.1_5262/ide/plugins/com.nxp.mcuxpresso.tools.win32_11.3.0.202008311133/tools/bin/../lib/gcc/arm-none-eabi/9.3.1/../../../../arm-none-eabi/lib/thumb/v7-m/nofp\libc.a(lib_a-strstr.o)
                0x00012514                strstr
 .text._svfprintf_r
                0x00012678     0x1b50 c:/nxp/mcuxpressoide_11.3.1_5262/ide/plugins/com.nxp.mcuxpresso.tools.win32_11.3.0.202008311133/tools/bin/../lib/gcc/arm-none-eabi/9.3.1/../../../../arm-none-eabi/lib/thumb/v7-m/nofp\libc.a(lib_a-svfprintf.o)
                0x00012678                _svfprintf_r
 .text.quorem   0x000141c8      0x120 c:/nxp/mcuxpressoide_11.3.1_5262/ide/plugins/com.nxp.mcuxpresso.tools.win32_11.3.0.202008311133/tools/bin/../lib/gcc/arm-none-eabi/9.3.1/../../../../arm-none-eabi/lib/thumb/v7-m/nofp\libc.a(lib_a-dtoa.o)
 .text._dtoa_r  0x000142e8      0xec8 c:/nxp/mcuxpressoide_11.3.1_5262/ide/plugins/com.nxp.mcuxpresso.tools.win32_11.3.0.202008311133/tools/bin/../lib/gcc/arm-none-eabi/9.3.1/../../../../arm-none-eabi/lib/thumb/v7-m/nofp\libc.a(lib_a-dtoa.o)
                0x000142e8                _dtoa_r
 .text._malloc_trim_r
                0x000151b0       0xa0 c:/nxp/mcuxpressoide_11.3.1_5262/ide/plugins/com.nxp.mcuxpresso.tools.win32_11.3.0.202008311133/tools/bin/../lib/gcc/arm-none-eabi/9.3.1/../../../../arm-none-eabi/lib/thumb/v7-m/nofp\libc.a(lib_a-freer.o)
                0x000151b0                _malloc_trim_r
 .text._free_r  0x00015250      0x20c c:/nxp/mcuxpressoide_11.3.1_5262/ide/plugins/com.nxp.mcuxpresso.tools.win32_11.3.0.202008311133/tools/bin/../lib/gcc/arm-none-eabi/9.3.1/../../../../arm-none-eabi/lib/thumb/v7-m/nofp\libc.a(lib_a-freer.o)
                0x00015250                _free_r
 .text._localeconv_r
                0x0001545c        0x8 c:/nxp/mcuxpressoide_11.3.1_5262/ide/plugins/com.nxp.mcuxpresso.tools.win32_11.3.0.202008311133/tools/bin/../lib/gcc/arm-none-eabi/9.3.1/../../../../arm-none-eabi/lib/thumb/v7-m/nofp\libc.a(lib_a-localeconv.o)
                0x0001545c                _localeconv_r
 .text.__retarget_lock_init_recursive
                0x00015464        0x4 c:/nxp/mcuxpressoide_11.3.1_5262/ide/plugins/com.nxp.mcuxpresso.tools.win32_11.3.0.202008311133/tools/bin/../lib/gcc/arm-none-eabi/9.3.1/../../../../arm-none-eabi/lib/thumb/v7-m/nofp\libc.a(lib_a-lock.o)
                0x00015464                __retarget_lock_init_recursive
 .text.__retarget_lock_close_recursive
                0x00015468        0x4 c:/nxp/mcuxpressoide_11.3.1_5262/ide/plugins/com.nxp.mcuxpresso.tools.win32_11.3.0.202008311133/tools/bin/../lib/gcc/arm-none-eabi/9.3.1/../../../../arm-none-eabi/lib/thumb/v7-m/nofp\libc.a(lib_a-lock.o)
                0x00015468                __retarget_lock_close_recursive
 .text.__retarget_lock_acquire_recursive
                0x0001546c        0x4 c:/nxp/mcuxpressoide_11.3.1_5262/ide/plugins/com.nxp.mcuxpresso.tools.win32_11.3.0.202008311133/tools/bin/../lib/gcc/arm-none-eabi/9.3.1/../../../../arm-none-eabi/lib/thumb/v7-m/nofp\libc.a(lib_a-lock.o)
                0x0001546c                __retarget_lock_acquire_recursive
 .text.__retarget_lock_release_recursive
                0x00015470        0x4 c:/nxp/mcuxpressoide_11.3.1_5262/ide/plugins/com.nxp.mcuxpresso.tools.win32_11.3.0.202008311133/tools/bin/../lib/gcc/arm-none-eabi/9.3.1/../../../../arm-none-eabi/lib/thumb/v7-m/nofp\libc.a(lib_a-lock.o)
                0x00015470                __retarget_lock_release_recursive
 .text.memchr   0x00015474       0x80 c:/nxp/mcuxpressoide_11.3.1_5262/ide/plugins/com.nxp.mcuxpresso.tools.win32_11.3.0.202008311133/tools/bin/../lib/gcc/arm-none-eabi/9.3.1/../../../../arm-none-eabi/lib/thumb/v7-m/nofp\libc.a(lib_a-memchr-stub.o)
                0x00015474                memchr
 .text.two_way_long_needle
                0x000154f4      0x25c c:/nxp/mcuxpressoide_11.3.1_5262/ide/plugins/com.nxp.mcuxpresso.tools.win32_11.3.0.202008311133/tools/bin/../lib/gcc/arm-none-eabi/9.3.1/../../../../arm-none-eabi/lib/thumb/v7-m/nofp\libc.a(lib_a-memmem.o)
 .text.memmem   0x00015750      0x138 c:/nxp/mcuxpressoide_11.3.1_5262/ide/plugins/com.nxp.mcuxpresso.tools.win32_11.3.0.202008311133/tools/bin/../lib/gcc/arm-none-eabi/9.3.1/../../../../arm-none-eabi/lib/thumb/v7-m/nofp\libc.a(lib_a-memmem.o)
                0x00015750                memmem
 .text._Balloc  0x00015888       0x4c c:/nxp/mcuxpressoide_11.3.1_5262/ide/plugins/com.nxp.mcuxpresso.tools.win32_11.3.0.202008311133/tools/bin/../lib/gcc/arm-none-eabi/9.3.1/../../../../arm-none-eabi/lib/thumb/v7-m/nofp\libc.a(lib_a-mprec.o)
                0x00015888                _Balloc
 .text._Bfree   0x000158d4       0x14 c:/nxp/mcuxpressoide_11.3.1_5262/ide/plugins/com.nxp.mcuxpresso.tools.win32_11.3.0.202008311133/tools/bin/../lib/gcc/arm-none-eabi/9.3.1/../../../../arm-none-eabi/lib/thumb/v7-m/nofp\libc.a(lib_a-mprec.o)
                0x000158d4                _Bfree
 .text.__multadd
                0x000158e8       0x9c c:/nxp/mcuxpressoide_11.3.1_5262/ide/plugins/com.nxp.mcuxpresso.tools.win32_11.3.0.202008311133/tools/bin/../lib/gcc/arm-none-eabi/9.3.1/../../../../arm-none-eabi/lib/thumb/v7-m/nofp\libc.a(lib_a-mprec.o)
                0x000158e8                __multadd
 .text.__hi0bits
                0x00015984       0x40 c:/nxp/mcuxpressoide_11.3.1_5262/ide/plugins/com.nxp.mcuxpresso.tools.win32_11.3.0.202008311133/tools/bin/../lib/gcc/arm-none-eabi/9.3.1/../../../../arm-none-eabi/lib/thumb/v7-m/nofp\libc.a(lib_a-mprec.o)
                0x00015984                __hi0bits
 .text.__lo0bits
                0x000159c4       0x60 c:/nxp/mcuxpressoide_11.3.1_5262/ide/plugins/com.nxp.mcuxpresso.tools.win32_11.3.0.202008311133/tools/bin/../lib/gcc/arm-none-eabi/9.3.1/../../../../arm-none-eabi/lib/thumb/v7-m/nofp\libc.a(lib_a-mprec.o)
                0x000159c4                __lo0bits
 .text.__i2b    0x00015a24       0x2c c:/nxp/mcuxpressoide_11.3.1_5262/ide/plugins/com.nxp.mcuxpresso.tools.win32_11.3.0.202008311133/tools/bin/../lib/gcc/arm-none-eabi/9.3.1/../../../../arm-none-eabi/lib/thumb/v7-m/nofp\libc.a(lib_a-mprec.o)
                0x00015a24                __i2b
 .text.__multiply
                0x00015a50      0x160 c:/nxp/mcuxpressoide_11.3.1_5262/ide/plugins/com.nxp.mcuxpresso.tools.win32_11.3.0.202008311133/tools/bin/../lib/gcc/arm-none-eabi/9.3.1/../../../../arm-none-eabi/lib/thumb/v7-m/nofp\libc.a(lib_a-mprec.o)
                0x00015a50                __multiply
 .text.__pow5mult
                0x00015bb0       0x98 c:/nxp/mcuxpressoide_11.3.1_5262/ide/plugins/com.nxp.mcuxpresso.tools.win32_11.3.0.202008311133/tools/bin/../lib/gcc/arm-none-eabi/9.3.1/../../../../arm-none-eabi/lib/thumb/v7-m/nofp\libc.a(lib_a-mprec.o)
                0x00015bb0                __pow5mult
 .text.__lshift
                0x00015c48       0xe8 c:/nxp/mcuxpressoide_11.3.1_5262/ide/plugins/com.nxp.mcuxpresso.tools.win32_11.3.0.202008311133/tools/bin/../lib/gcc/arm-none-eabi/9.3.1/../../../../arm-none-eabi/lib/thumb/v7-m/nofp\libc.a(lib_a-mprec.o)
                0x00015c48                __lshift
 .text.__mcmp   0x00015d30       0x3c c:/nxp/mcuxpressoide_11.3.1_5262/ide/plugins/com.nxp.mcuxpresso.tools.win32_11.3.0.202008311133/tools/bin/../lib/gcc/arm-none-eabi/9.3.1/../../../../arm-none-eabi/lib/thumb/v7-m/nofp\libc.a(lib_a-mprec.o)
                0x00015d30                __mcmp
 .text.__mdiff  0x00015d6c      0x150 c:/nxp/mcuxpressoide_11.3.1_5262/ide/plugins/com.nxp.mcuxpresso.tools.win32_11.3.0.202008311133/tools/bin/../lib/gcc/arm-none-eabi/9.3.1/../../../../arm-none-eabi/lib/thumb/v7-m/nofp\libc.a(lib_a-mprec.o)
                0x00015d6c                __mdiff
 .text.__d2b    0x00015ebc       0xc4 c:/nxp/mcuxpressoide_11.3.1_5262/ide/plugins/com.nxp.mcuxpresso.tools.win32_11.3.0.202008311133/tools/bin/../lib/gcc/arm-none-eabi/9.3.1/../../../../arm-none-eabi/lib/thumb/v7-m/nofp\libc.a(lib_a-mprec.o)
                0x00015ebc                __d2b
 .text.frexp    0x00015f80       0x70 c:/nxp/mcuxpressoide_11.3.1_5262/ide/plugins/com.nxp.mcuxpresso.tools.win32_11.3.0.202008311133/tools/bin/../lib/gcc/arm-none-eabi/9.3.1/../../../../arm-none-eabi/lib/thumb/v7-m/nofp\libc.a(lib_a-s_frexp.o)
                0x00015f80                frexp
 .text.strncpy  0x00015ff0       0x68 c:/nxp/mcuxpressoide_11.3.1_5262/ide/plugins/com.nxp.mcuxpresso.tools.win32_11.3.0.202008311133/tools/bin/../lib/gcc/arm-none-eabi/9.3.1/../../../../arm-none-eabi/lib/thumb/v7-m/nofp\libc.a(lib_a-strncpy.o)
                0x00015ff0                strncpy
 .text.strnlen  0x00016058       0x28 c:/nxp/mcuxpressoide_11.3.1_5262/ide/plugins/com.nxp.mcuxpresso.tools.win32_11.3.0.202008311133/tools/bin/../lib/gcc/arm-none-eabi/9.3.1/../../../../arm-none-eabi/lib/thumb/v7-m/nofp\libc.a(lib_a-strnlen.o)
                0x00016058                strnlen
 .text.__ssprint_r
                0x00016080       0xf8 c:/nxp/mcuxpressoide_11.3.1_5262/ide/plugins/com.nxp.mcuxpresso.tools.win32_11.3.0.202008311133/tools/bin/../lib/gcc/arm-none-eabi/9.3.1/../../../../arm-none-eabi/lib/thumb/v7-m/nofp\libc.a(lib_a-svfiprintf.o)
                0x00016080                __ssprint_r
 .text.__assert_func
                0x00016178       0x3c c:/nxp/mcuxpressoide_11.3.1_5262/ide/plugins/com.nxp.mcuxpresso.tools.win32_11.3.0.202008311133/tools/bin/../lib/gcc/arm-none-eabi/9.3.1/../../../../arm-none-eabi/lib/thumb/v7-m/nofp\libc.a(lib_a-assert.o)
                0x00016178                __assert_func
 .text._calloc_r
                0x000161b4       0x60 c:/nxp/mcuxpressoide_11.3.1_5262/ide/plugins/com.nxp.mcuxpresso.tools.win32_11.3.0.202008311133/tools/bin/../lib/gcc/arm-none-eabi/9.3.1/../../../../arm-none-eabi/lib/thumb/v7-m/nofp\libc.a(lib_a-callocr.o)
                0x000161b4                _calloc_r
 .text.fiprintf
                0x00016214       0x28 c:/nxp/mcuxpressoide_11.3.1_5262/ide/plugins/com.nxp.mcuxpresso.tools.win32_11.3.0.202008311133/tools/bin/../lib/gcc/arm-none-eabi/9.3.1/../../../../arm-none-eabi/lib/thumb/v7-m/nofp\libc.a(lib_a-fiprintf.o)
                0x00016214                fiprintf
 .text.__locale_mb_cur_max
                0x0001623c        0xc c:/nxp/mcuxpressoide_11.3.1_5262/ide/plugins/com.nxp.mcuxpresso.tools.win32_11.3.0.202008311133/tools/bin/../lib/gcc/arm-none-eabi/9.3.1/../../../../arm-none-eabi/lib/thumb/v7-m/nofp\libc.a(lib_a-locale.o)
                0x0001623c                __locale_mb_cur_max
 .text.__ascii_mbtowc
                0x00016248       0x2c c:/nxp/mcuxpressoide_11.3.1_5262/ide/plugins/com.nxp.mcuxpresso.tools.win32_11.3.0.202008311133/tools/bin/../lib/gcc/arm-none-eabi/9.3.1/../../../../arm-none-eabi/lib/thumb/v7-m/nofp\libc.a(lib_a-mbtowc_r.o)
                0x00016248                __ascii_mbtowc
 .text.memmove  0x00016274       0xd4 c:/nxp/mcuxpressoide_11.3.1_5262/ide/plugins/com.nxp.mcuxpresso.tools.win32_11.3.0.202008311133/tools/bin/../lib/gcc/arm-none-eabi/9.3.1/../../../../arm-none-eabi/lib/thumb/v7-m/nofp\libc.a(lib_a-memmove.o)
                0x00016274                memmove
 .text._realloc_r
                0x00016348      0x3e0 c:/nxp/mcuxpressoide_11.3.1_5262/ide/plugins/com.nxp.mcuxpresso.tools.win32_11.3.0.202008311133/tools/bin/../lib/gcc/arm-none-eabi/9.3.1/../../../../arm-none-eabi/lib/thumb/v7-m/nofp\libc.a(lib_a-reallocr.o)
                0x00016348                _realloc_r
 .text.__sprint_r.part.0
                0x00016728       0x78 c:/nxp/mcuxpressoide_11.3.1_5262/ide/plugins/com.nxp.mcuxpresso.tools.win32_11.3.0.202008311133/tools/bin/../lib/gcc/arm-none-eabi/9.3.1/../../../../arm-none-eabi/lib/thumb/v7-m/nofp\libc.a(lib_a-vfiprintf.o)
 .text._vfiprintf_r
                0x000167a0      0xd2c c:/nxp/mcuxpressoide_11.3.1_5262/ide/plugins/com.nxp.mcuxpresso.tools.win32_11.3.0.202008311133/tools/bin/../lib/gcc/arm-none-eabi/9.3.1/../../../../arm-none-eabi/lib/thumb/v7-m/nofp\libc.a(lib_a-vfiprintf.o)
                0x000167a0                _vfiprintf_r
 .text.__sbprintf
                0x000174cc       0x88 c:/nxp/mcuxpressoide_11.3.1_5262/ide/plugins/com.nxp.mcuxpresso.tools.win32_11.3.0.202008311133/tools/bin/../lib/gcc/arm-none-eabi/9.3.1/../../../../arm-none-eabi/lib/thumb/v7-m/nofp\libc.a(lib_a-vfiprintf.o)
 .text.__ascii_wctomb
                0x00017554       0x1c c:/nxp/mcuxpressoide_11.3.1_5262/ide/plugins/com.nxp.mcuxpresso.tools.win32_11.3.0.202008311133/tools/bin/../lib/gcc/arm-none-eabi/9.3.1/../../../../arm-none-eabi/lib/thumb/v7-m/nofp\libc.a(lib_a-wctomb_r.o)
                0x00017554                __ascii_wctomb
 .text.__swsetup_r
                0x00017570       0xd0 c:/nxp/mcuxpressoide_11.3.1_5262/ide/plugins/com.nxp.mcuxpresso.tools.win32_11.3.0.202008311133/tools/bin/../lib/gcc/arm-none-eabi/9.3.1/../../../../arm-none-eabi/lib/thumb/v7-m/nofp\libc.a(lib_a-wsetup.o)
                0x00017570                __swsetup_r
 .text.abort    0x00017640       0x10 c:/nxp/mcuxpressoide_11.3.1_5262/ide/plugins/com.nxp.mcuxpresso.tools.win32_11.3.0.202008311133/tools/bin/../lib/gcc/arm-none-eabi/9.3.1/../../../../arm-none-eabi/lib/thumb/v7-m/nofp\libc.a(lib_a-abort.o)
                0x00017640                abort
 .text.__sflush_r
                0x00017650      0x130 c:/nxp/mcuxpressoide_11.3.1_5262/ide/plugins/com.nxp.mcuxpresso.tools.win32_11.3.0.202008311133/tools/bin/../lib/gcc/arm-none-eabi/9.3.1/../../../../arm-none-eabi/lib/thumb/v7-m/nofp\libc.a(lib_a-fflush.o)
                0x00017650                __sflush_r
 .text._fflush_r
                0x00017780       0x5c c:/nxp/mcuxpressoide_11.3.1_5262/ide/plugins/com.nxp.mcuxpresso.tools.win32_11.3.0.202008311133/tools/bin/../lib/gcc/arm-none-eabi/9.3.1/../../../../arm-none-eabi/lib/thumb/v7-m/nofp\libc.a(lib_a-fflush.o)
                0x00017780                _fflush_r
 .text.std      0x000177dc       0x50 c:/nxp/mcuxpressoide_11.3.1_5262/ide/plugins/com.nxp.mcuxpresso.tools.win32_11.3.0.202008311133/tools/bin/../lib/gcc/arm-none-eabi/9.3.1/../../../../arm-none-eabi/lib/thumb/v7-m/nofp\libc.a(lib_a-findfp.o)
 .text._cleanup_r
                0x0001782c        0xc c:/nxp/mcuxpressoide_11.3.1_5262/ide/plugins/com.nxp.mcuxpresso.tools.win32_11.3.0.202008311133/tools/bin/../lib/gcc/arm-none-eabi/9.3.1/../../../../arm-none-eabi/lib/thumb/v7-m/nofp\libc.a(lib_a-findfp.o)
                0x0001782c                _cleanup_r
 .text.__sinit  0x00017838       0x5c c:/nxp/mcuxpressoide_11.3.1_5262/ide/plugins/com.nxp.mcuxpresso.tools.win32_11.3.0.202008311133/tools/bin/../lib/gcc/arm-none-eabi/9.3.1/../../../../arm-none-eabi/lib/thumb/v7-m/nofp\libc.a(lib_a-findfp.o)
                0x00017838                __sinit
 .text.__sfp_lock_acquire
                0x00017894        0xc c:/nxp/mcuxpressoide_11.3.1_5262/ide/plugins/com.nxp.mcuxpresso.tools.win32_11.3.0.202008311133/tools/bin/../lib/gcc/arm-none-eabi/9.3.1/../../../../arm-none-eabi/lib/thumb/v7-m/nofp\libc.a(lib_a-findfp.o)
                0x00017894                __sfp_lock_acquire
 .text.__sfp_lock_release
                0x000178a0        0xc c:/nxp/mcuxpressoide_11.3.1_5262/ide/plugins/com.nxp.mcuxpresso.tools.win32_11.3.0.202008311133/tools/bin/../lib/gcc/arm-none-eabi/9.3.1/../../../../arm-none-eabi/lib/thumb/v7-m/nofp\libc.a(lib_a-findfp.o)
                0x000178a0                __sfp_lock_release
 .text.__fputwc
                0x000178ac       0xa0 c:/nxp/mcuxpressoide_11.3.1_5262/ide/plugins/com.nxp.mcuxpresso.tools.win32_11.3.0.202008311133/tools/bin/../lib/gcc/arm-none-eabi/9.3.1/../../../../arm-none-eabi/lib/thumb/v7-m/nofp\libc.a(lib_a-fputwc.o)
                0x000178ac                __fputwc
 .text._fputwc_r
                0x0001794c       0x68 c:/nxp/mcuxpressoide_11.3.1_5262/ide/plugins/com.nxp.mcuxpresso.tools.win32_11.3.0.202008311133/tools/bin/../lib/gcc/arm-none-eabi/9.3.1/../../../../arm-none-eabi/lib/thumb/v7-m/nofp\libc.a(lib_a-fputwc.o)
                0x0001794c                _fputwc_r
 .text.__sfvwrite_r
                0x000179b4      0x2ec c:/nxp/mcuxpressoide_11.3.1_5262/ide/plugins/com.nxp.mcuxpresso.tools.win32_11.3.0.202008311133/tools/bin/../lib/gcc/arm-none-eabi/9.3.1/../../../../arm-none-eabi/lib/thumb/v7-m/nofp\libc.a(lib_a-fvwrite.o)
                0x000179b4                __sfvwrite_r
 .text._fwalk_reent
                0x00017ca0       0x48 c:/nxp/mcuxpressoide_11.3.1_5262/ide/plugins/com.nxp.mcuxpresso.tools.win32_11.3.0.202008311133/tools/bin/../lib/gcc/arm-none-eabi/9.3.1/../../../../arm-none-eabi/lib/thumb/v7-m/nofp\libc.a(lib_a-fwalk.o)
                0x00017ca0                _fwalk_reent
 .text.__swhatbuf_r
                0x00017ce8       0x5c c:/nxp/mcuxpressoide_11.3.1_5262/ide/plugins/com.nxp.mcuxpresso.tools.win32_11.3.0.202008311133/tools/bin/../lib/gcc/arm-none-eabi/9.3.1/../../../../arm-none-eabi/lib/thumb/v7-m/nofp\libc.a(lib_a-makebuf.o)
                0x00017ce8                __swhatbuf_r
 .text.__smakebuf_r
                0x00017d44       0x94 c:/nxp/mcuxpressoide_11.3.1_5262/ide/plugins/com.nxp.mcuxpresso.tools.win32_11.3.0.202008311133/tools/bin/../lib/gcc/arm-none-eabi/9.3.1/../../../../arm-none-eabi/lib/thumb/v7-m/nofp\libc.a(lib_a-makebuf.o)
                0x00017d44                __smakebuf_r
 .text._raise_r
                0x00017dd8       0x58 c:/nxp/mcuxpressoide_11.3.1_5262/ide/plugins/com.nxp.mcuxpresso.tools.win32_11.3.0.202008311133/tools/bin/../lib/gcc/arm-none-eabi/9.3.1/../../../../arm-none-eabi/lib/thumb/v7-m/nofp\libc.a(lib_a-signal.o)
                0x00017dd8                _raise_r
 .text.raise    0x00017e30       0x10 c:/nxp/mcuxpressoide_11.3.1_5262/ide/plugins/com.nxp.mcuxpresso.tools.win32_11.3.0.202008311133/tools/bin/../lib/gcc/arm-none-eabi/9.3.1/../../../../arm-none-eabi/lib/thumb/v7-m/nofp\libc.a(lib_a-signal.o)
                0x00017e30                raise
 .text._kill_r  0x00017e40       0x2c c:/nxp/mcuxpressoide_11.3.1_5262/ide/plugins/com.nxp.mcuxpresso.tools.win32_11.3.0.202008311133/tools/bin/../lib/gcc/arm-none-eabi/9.3.1/../../../../arm-none-eabi/lib/thumb/v7-m/nofp\libc.a(lib_a-signalr.o)
                0x00017e40                _kill_r
 .text._getpid_r
                0x00017e6c        0x4 c:/nxp/mcuxpressoide_11.3.1_5262/ide/plugins/com.nxp.mcuxpresso.tools.win32_11.3.0.202008311133/tools/bin/../lib/gcc/arm-none-eabi/9.3.1/../../../../arm-none-eabi/lib/thumb/v7-m/nofp\libc.a(lib_a-signalr.o)
                0x00017e6c                _getpid_r
 .text.__sread  0x00017e70       0x24 c:/nxp/mcuxpressoide_11.3.1_5262/ide/plugins/com.nxp.mcuxpresso.tools.win32_11.3.0.202008311133/tools/bin/../lib/gcc/arm-none-eabi/9.3.1/../../../../arm-none-eabi/lib/thumb/v7-m/nofp\libc.a(lib_a-stdio.o)
                0x00017e70                __sread
 .text.__swrite
                0x00017e94       0x40 c:/nxp/mcuxpressoide_11.3.1_5262/ide/plugins/com.nxp.mcuxpresso.tools.win32_11.3.0.202008311133/tools/bin/../lib/gcc/arm-none-eabi/9.3.1/../../../../arm-none-eabi/lib/thumb/v7-m/nofp\libc.a(lib_a-stdio.o)
                0x00017e94                __swrite
 .text.__sseek  0x00017ed4       0x20 c:/nxp/mcuxpressoide_11.3.1_5262/ide/plugins/com.nxp.mcuxpresso.tools.win32_11.3.0.202008311133/tools/bin/../lib/gcc/arm-none-eabi/9.3.1/../../../../arm-none-eabi/lib/thumb/v7-m/nofp\libc.a(lib_a-stdio.o)
                0x00017ed4                __sseek
 .text.__sclose
                0x00017ef4        0x8 c:/nxp/mcuxpressoide_11.3.1_5262/ide/plugins/com.nxp.mcuxpresso.tools.win32_11.3.0.202008311133/tools/bin/../lib/gcc/arm-none-eabi/9.3.1/../../../../arm-none-eabi/lib/thumb/v7-m/nofp\libc.a(lib_a-stdio.o)
                0x00017ef4                __sclose
 .text.__swbuf_r
                0x00017efc       0xb0 c:/nxp/mcuxpressoide_11.3.1_5262/ide/plugins/com.nxp.mcuxpresso.tools.win32_11.3.0.202008311133/tools/bin/../lib/gcc/arm-none-eabi/9.3.1/../../../../arm-none-eabi/lib/thumb/v7-m/nofp\libc.a(lib_a-wbuf.o)
                0x00017efc                __swbuf_r
 .text._wcrtomb_r
                0x00017fac       0x3c c:/nxp/mcuxpressoide_11.3.1_5262/ide/plugins/com.nxp.mcuxpresso.tools.win32_11.3.0.202008311133/tools/bin/../lib/gcc/arm-none-eabi/9.3.1/../../../../arm-none-eabi/lib/thumb/v7-m/nofp\libc.a(lib_a-wcrtomb.o)
                0x00017fac                _wcrtomb_r
 .text._write_r
                0x00017fe8       0x2c c:/nxp/mcuxpressoide_11.3.1_5262/ide/plugins/com.nxp.mcuxpresso.tools.win32_11.3.0.202008311133/tools/bin/../lib/gcc/arm-none-eabi/9.3.1/../../../../arm-none-eabi/lib/thumb/v7-m/nofp\libc.a(lib_a-writer.o)
                0x00017fe8                _write_r
 .text._close_r
                0x00018014       0x24 c:/nxp/mcuxpressoide_11.3.1_5262/ide/plugins/com.nxp.mcuxpresso.tools.win32_11.3.0.202008311133/tools/bin/../lib/gcc/arm-none-eabi/9.3.1/../../../../arm-none-eabi/lib/thumb/v7-m/nofp\libc.a(lib_a-closer.o)
                0x00018014                _close_r
 .text._fclose_r
                0x00018038       0xcc c:/nxp/mcuxpressoide_11.3.1_5262/ide/plugins/com.nxp.mcuxpresso.tools.win32_11.3.0.202008311133/tools/bin/../lib/gcc/arm-none-eabi/9.3.1/../../../../arm-none-eabi/lib/thumb/v7-m/nofp\libc.a(lib_a-fclose.o)
                0x00018038                _fclose_r
 .text._fstat_r
                0x00018104       0x2c c:/nxp/mcuxpressoide_11.3.1_5262/ide/plugins/com.nxp.mcuxpresso.tools.win32_11.3.0.202008311133/tools/bin/../lib/gcc/arm-none-eabi/9.3.1/../../../../arm-none-eabi/lib/thumb/v7-m/nofp\libc.a(lib_a-fstatr.o)
                0x00018104                _fstat_r
 .text._isatty_r
                0x00018130       0x24 c:/nxp/mcuxpressoide_11.3.1_5262/ide/plugins/com.nxp.mcuxpresso.tools.win32_11.3.0.202008311133/tools/bin/../lib/gcc/arm-none-eabi/9.3.1/../../../../arm-none-eabi/lib/thumb/v7-m/nofp\libc.a(lib_a-isattyr.o)
                0x00018130                _isatty_r
 .text._lseek_r
                0x00018154       0x2c c:/nxp/mcuxpressoide_11.3.1_5262/ide/plugins/com.nxp.mcuxpresso.tools.win32_11.3.0.202008311133/tools/bin/../lib/gcc/arm-none-eabi/9.3.1/../../../../arm-none-eabi/lib/thumb/v7-m/nofp\libc.a(lib_a-lseekr.o)
                0x00018154                _lseek_r
 .text._read_r  0x00018180       0x2c c:/nxp/mcuxpressoide_11.3.1_5262/ide/plugins/com.nxp.mcuxpresso.tools.win32_11.3.0.202008311133/tools/bin/../lib/gcc/arm-none-eabi/9.3.1/../../../../arm-none-eabi/lib/thumb/v7-m/nofp\libc.a(lib_a-readr.o)
                0x00018180                _read_r
 .text._sbrk    0x000181ac       0x3c c:/nxp/mcuxpressoide_11.3.1_5262/ide/plugins/com.nxp.mcuxpresso.tools.win32_11.3.0.202008311133/tools/bin/../lib/gcc/arm-none-eabi/9.3.1/../../../../arm-none-eabi/lib/thumb/v7-m/nofp\libcr_newlib_semihost.a(_cr_sbrk.o)
                0x000181ac                _sbrk
 .text._exit    0x000181e8        0x8 c:/nxp/mcuxpressoide_11.3.1_5262/ide/plugins/com.nxp.mcuxpresso.tools.win32_11.3.0.202008311133/tools/bin/../lib/gcc/arm-none-eabi/9.3.1/../../../../arm-none-eabi/lib/thumb/v7-m/nofp\libcr_newlib_semihost.a(_exit.o)
                0x000181e8                _exit
 .text._kill    0x000181f0       0x20 c:/nxp/mcuxpressoide_11.3.1_5262/ide/plugins/com.nxp.mcuxpresso.tools.win32_11.3.0.202008311133/tools/bin/../lib/gcc/arm-none-eabi/9.3.1/../../../../arm-none-eabi/lib/thumb/v7-m/nofp\libcr_newlib_semihost.a(_kill.o)
                0x000181f0                _kill
 .text.error    0x00018210       0x1c c:/nxp/mcuxpressoide_11.3.1_5262/ide/plugins/com.nxp.mcuxpresso.tools.win32_11.3.0.202008311133/tools/bin/../lib/gcc/arm-none-eabi/9.3.1/../../../../arm-none-eabi/lib/thumb/v7-m/nofp\libcr_newlib_semihost.a(syscalls.o)
 .text.initialise_monitor_handles
                0x0001822c       0xac c:/nxp/mcuxpressoide_11.3.1_5262/ide/plugins/com.nxp.mcuxpresso.tools.win32_11.3.0.202008311133/tools/bin/../lib/gcc/arm-none-eabi/9.3.1/../../../../arm-none-eabi/lib/thumb/v7-m/nofp\libcr_newlib_semihost.a(syscalls.o)
 .text.findslot
                0x000182d8       0x24 c:/nxp/mcuxpressoide_11.3.1_5262/ide/plugins/com.nxp.mcuxpresso.tools.win32_11.3.0.202008311133/tools/bin/../lib/gcc/arm-none-eabi/9.3.1/../../../../arm-none-eabi/lib/thumb/v7-m/nofp\libcr_newlib_semihost.a(syscalls.o)
 .text.checkerror
                0x000182fc       0x20 c:/nxp/mcuxpressoide_11.3.1_5262/ide/plugins/com.nxp.mcuxpresso.tools.win32_11.3.0.202008311133/tools/bin/../lib/gcc/arm-none-eabi/9.3.1/../../../../arm-none-eabi/lib/thumb/v7-m/nofp\libcr_newlib_semihost.a(syscalls.o)
 .text._swiread
                0x0001831c       0x20 c:/nxp/mcuxpressoide_11.3.1_5262/ide/plugins/com.nxp.mcuxpresso.tools.win32_11.3.0.202008311133/tools/bin/../lib/gcc/arm-none-eabi/9.3.1/../../../../arm-none-eabi/lib/thumb/v7-m/nofp\libcr_newlib_semihost.a(syscalls.o)
                0x0001831c                _swiread
 .text._read    0x0001833c       0x34 c:/nxp/mcuxpressoide_11.3.1_5262/ide/plugins/com.nxp.mcuxpresso.tools.win32_11.3.0.202008311133/tools/bin/../lib/gcc/arm-none-eabi/9.3.1/../../../../arm-none-eabi/lib/thumb/v7-m/nofp\libcr_newlib_semihost.a(syscalls.o)
                0x0001833c                _read
 .text._swilseek
                0x00018370       0x78 c:/nxp/mcuxpressoide_11.3.1_5262/ide/plugins/com.nxp.mcuxpresso.tools.win32_11.3.0.202008311133/tools/bin/../lib/gcc/arm-none-eabi/9.3.1/../../../../arm-none-eabi/lib/thumb/v7-m/nofp\libcr_newlib_semihost.a(syscalls.o)
                0x00018370                _swilseek
 .text._lseek   0x000183e8        0x4 c:/nxp/mcuxpressoide_11.3.1_5262/ide/plugins/com.nxp.mcuxpresso.tools.win32_11.3.0.202008311133/tools/bin/../lib/gcc/arm-none-eabi/9.3.1/../../../../arm-none-eabi/lib/thumb/v7-m/nofp\libcr_newlib_semihost.a(syscalls.o)
                0x000183e8                _lseek
 .text._swiwrite
                0x000183ec       0x20 c:/nxp/mcuxpressoide_11.3.1_5262/ide/plugins/com.nxp.mcuxpresso.tools.win32_11.3.0.202008311133/tools/bin/../lib/gcc/arm-none-eabi/9.3.1/../../../../arm-none-eabi/lib/thumb/v7-m/nofp\libcr_newlib_semihost.a(syscalls.o)
                0x000183ec                _swiwrite
 .text._write   0x0001840c       0x40 c:/nxp/mcuxpressoide_11.3.1_5262/ide/plugins/com.nxp.mcuxpresso.tools.win32_11.3.0.202008311133/tools/bin/../lib/gcc/arm-none-eabi/9.3.1/../../../../arm-none-eabi/lib/thumb/v7-m/nofp\libcr_newlib_semihost.a(syscalls.o)
                0x0001840c                _write
 .text._swiclose
                0x0001844c       0x1a c:/nxp/mcuxpressoide_11.3.1_5262/ide/plugins/com.nxp.mcuxpresso.tools.win32_11.3.0.202008311133/tools/bin/../lib/gcc/arm-none-eabi/9.3.1/../../../../arm-none-eabi/lib/thumb/v7-m/nofp\libcr_newlib_semihost.a(syscalls.o)
                0x0001844c                _swiclose
 *fill*         0x00018466        0x2 ff
 .text._close   0x00018468       0x4c c:/nxp/mcuxpressoide_11.3.1_5262/ide/plugins/com.nxp.mcuxpresso.tools.win32_11.3.0.202008311133/tools/bin/../lib/gcc/arm-none-eabi/9.3.1/../../../../arm-none-eabi/lib/thumb/v7-m/nofp\libcr_newlib_semihost.a(syscalls.o)
                0x00018468                _close
 .text._getpid  0x000184b4        0x4 c:/nxp/mcuxpressoide_11.3.1_5262/ide/plugins/com.nxp.mcuxpresso.tools.win32_11.3.0.202008311133/tools/bin/../lib/gcc/arm-none-eabi/9.3.1/../../../../arm-none-eabi/lib/thumb/v7-m/nofp\libcr_newlib_semihost.a(syscalls.o)
                0x000184b4                _getpid
 .text._swistat
                0x000184b8       0x42 c:/nxp/mcuxpressoide_11.3.1_5262/ide/plugins/com.nxp.mcuxpresso.tools.win32_11.3.0.202008311133/tools/bin/../lib/gcc/arm-none-eabi/9.3.1/../../../../arm-none-eabi/lib/thumb/v7-m/nofp\libcr_newlib_semihost.a(syscalls.o)
                0x000184b8                _swistat
 .text._fstat   0x000184fa       0x1c c:/nxp/mcuxpressoide_11.3.1_5262/ide/plugins/com.nxp.mcuxpresso.tools.win32_11.3.0.202008311133/tools/bin/../lib/gcc/arm-none-eabi/9.3.1/../../../../arm-none-eabi/lib/thumb/v7-m/nofp\libcr_newlib_semihost.a(syscalls.o)
                0x000184fa                _fstat
 .text._isatty  0x00018516       0x2a c:/nxp/mcuxpressoide_11.3.1_5262/ide/plugins/com.nxp.mcuxpresso.tools.win32_11.3.0.202008311133/tools/bin/../lib/gcc/arm-none-eabi/9.3.1/../../../../arm-none-eabi/lib/thumb/v7-m/nofp\libcr_newlib_semihost.a(syscalls.o)
                0x00018516                _isatty
 .text.__check_heap_overflow
                0x00018540       0x14 c:/nxp/mcuxpressoide_11.3.1_5262/ide/plugins/com.nxp.mcuxpresso.tools.win32_11.3.0.202008311133/tools/bin/../lib/gcc/arm-none-eabi/9.3.1/../../../../arm-none-eabi/lib/thumb/v7-m/nofp\libcr_newlib_semihost.a(_cr_check_heap.o)
                0x00018540                __check_heap_overflow
 .text          0x00018554      0x378 c:/nxp/mcuxpressoide_11.3.1_5262/ide/plugins/com.nxp.mcuxpresso.tools.win32_11.3.0.202008311133/tools/bin/../lib/gcc/arm-none-eabi/9.3.1/thumb/v7-m/nofp\libgcc.a(_arm_addsubdf3.o)
                0x00018554                __aeabi_drsub
                0x0001855c                __aeabi_dsub
                0x0001855c                __subdf3
                0x00018560                __aeabi_dadd
                0x00018560                __adddf3
                0x000187d8                __floatunsidf
                0x000187d8                __aeabi_ui2d