iocon_17xx_40xx.h:155:20:Chip_IOCON_Init	16	static
iocon_17xx_40xx.h:194:20:Chip_IOCON_EnableOD	16	static
iocon_17xx_40xx.h:227:20:Chip_IOCON_SetI2CPad	16	static
gpio_17xx_40xx.h:66:20:Chip_GPIO_Init	16	static
gpio_17xx_40xx.h:90:20:Chip_GPIO_SetPinState	16	static
gpio_17xx_40xx.h:108:20:Chip_GPIO_WritePortBit	24	static
gpio_17xx_40xx.h:121:20:Chip_GPIO_GetPinState	16	static
gpio_17xx_40xx.h:134:20:Chip_GPIO_ReadPortBit	24	static
gpio_17xx_40xx.h:146:20:Chip_GPIO_SetPinDIROutput	16	static
gpio_17xx_40xx.h:158:20:Chip_GPIO_SetPinDIRInput	16	static
gpio_17xx_40xx.h:171:20:Chip_GPIO_SetPinDIR	16	static
gpio_17xx_40xx.h:192:20:Chip_GPIO_WriteDirBit	16	static
uart_17xx_40xx.h:309:20:Chip_UART_SendByte	16	static
uart_17xx_40xx.h:322:23:Chip_UART_ReadByte	16	static
uart_17xx_40xx.h:405:20:Chip_UART_ConfigData	16	static
uart_17xx_40xx.h:492:24:Chip_UART_ReadLineStatus	16	static
retarget.h:223:5:__write	32	static
retarget.h:239:5:__readc	16	static
board.c:68:13:Board_LED_Init	8	static
board.c:80:6:Board_UART_Init	16	static
board.c:86:6:Board_Debug_Init	8	static
board.c:101:6:Board_UARTPutChar	16	static
board.c:110:5:Board_UARTGetChar	8	static
board.c:121:6:Board_UARTPutSTR	16	static
board.c:131:6:Board_LED_Set	16	static
board.c:140:6:Board_LED_Test	24	static
board.c:151:6:Board_LED_Toggle	16	static
board.c:160:6:Board_Init	8	static
board.c:174:6:Board_ENET_GetMacADDR	24	static
board.c:182:6:Board_SSP_Init	24	static
board.c:215:6:Board_SPI_Init	24	static
board.c:240:6:Board_SPI_AssertSSEL	8	static
board.c:246:6:Board_SPI_DeassertSSEL	8	static
board.c:251:6:Board_Audio_Init	24	static
board.c:265:6:Board_I2C_Init	24	static
board.c:290:6:Board_Buttons_Init	8	static
board.c:295:10:Buttons_GetStatus	16	static
board.c:329:6:Board_Joystick_Init	16	static
board.c:341:9:Joystick_GetStatus	16	static
board.c:355:6:Serial_CreateStream	16	static
board.c:358:6:Board_USBD_Init	24	static
