oled.c:113:1:writeCommand	40	static
oled.c:151:1:writeData	40	static
oled.c:180:6:oled_setInvertMode	16	static
oled.c:190:6:oled_turnOn	8	static
oled.c:194:6:oled_turnOff	8	static
oled.c:209:1:writeDataLen	184	static
oled.c:257:1:runInitSequence	8	static
oled.c:313:13:hLine	32	static
oled.c:345:13:vLine	32	static
oled.c:375:6:oled_init	16	static
oled.c:416:6:oled_putPixel	32	static
oled.c:478:6:oled_line	40	static
oled.c:581:6:oled_circle	64	static
oled.c:719:6:oled_rect	24	static
oled.c:740:6:oled_fillRect	32	static
oled.c:787:6:oled_clearScreen	24	static
oled.c:804:9:oled_putChar	32	static
oled.c:844:6:oled_putString	32	static
