enet.c:16:6:msDelay	24	static
enet.c:25:1:etharp_send_ip	32	static
enet.c:39:6:Chip_ENET_Set100Mbps	16	static
enet.c:44:6:Chip_ENET_Set10Mbps	16	static
enet.c:49:6:Chip_ENET_SetFullDuplex	16	static
enet.c:57:6:Chip_ENET_SetHalfDuplex	16	static
enet.c:66:1:etharp_raw	40	static
enet.c:141:1:etharp_free_entry	16	static
enet.c:164:1:etharp_tmr	16	static
enet.c:203:1:etharp_request	32	static
enet.c:212:1:etharp_output_to_arp_index	24	static
enet.c:231:1:etharp_find_entry	32	static
enet.c:371:1:etharp_query	48	static
enet.c:512:1:etharp_output	40	static
enet.c:616:14:lpc_etharp_output	24	static
enet.c:627:23:Chip_Clock_IsMainPLLEnabled	4	static
enet.c:636:23:Chip_Clock_IsMainPLLConnected	4	static
enet.c:642:23:Chip_Clock_GetCPUClockSource	16	static
enet.c:666:39:Chip_Clock_GetMainPLLSource	4	static
enet.c:671:24:Chip_Clock_GetIntOscRate	4	static
enet.c:676:24:Chip_Clock_GetMainOscRate	4	static
enet.c:681:24:Chip_Clock_GetRTCOscRate	4	static
enet.c:687:10:Chip_Clock_GetSYSCLKRate	8	static
enet.c:705:24:Chip_Clock_GetMainPLLInClockRate	8	static
enet.c:711:10:Chip_Clock_GetMainPLLOutClockRate	24	static
enet.c:740:10:Chip_Clock_GetMainClockRate	8	static
enet.c:755:10:Chip_Clock_GetCPUClockDiv	4	static
enet.c:765:10:Chip_Clock_GetSystemClockRate	16	static
enet.c:770:24:Chip_Clock_GetENETClockRate	8	static
enet.c:775:10:Chip_ENET_FindMIIDiv	24	static
enet.c:795:6:Chip_Clock_EnablePeriphClock	24	static
enet.c:810:10:Chip_ENET_IncTXProduceIndex	24	static
enet.c:825:24:Chip_ENET_GetTXProduceIndex	16	static
enet.c:830:16:lpc_packet_addr_notsafe	16	static
enet.c:852:24:Chip_ENET_GetTXConsumeIndex	16	static
enet.c:857:13:lpc_tx_reclaim_st	16	static
enet.c:890:6:lpc_tx_reclaim	24	static
enet.c:897:10:Chip_ENET_GetFillDescNum	24	static
enet.c:911:24:Chip_ENET_GetFreeDescNum	32	static
enet.c:919:10:lpc_tx_ready	24	static
enet.c:929:7:lpc_low_level_output	48	static
enet.c:1058:6:Board_ENET_GetMacADDR	24	static
enet.c:1065:20:Chip_ENET_Reset	16	static
enet.c:1076:20:resetENET	24	static
enet.c:1090:6:Chip_ENET_Init	16	static
enet.c:1123:6:Chip_ENET_SetupMII	24	static
enet.c:1139:6:Chip_ENET_StartMIIWrite	16	static
enet.c:1147:23:Chip_ENET_IsMIIBusy	16	static
enet.c:1152:16:lpc_mii_write	24	static
enet.c:1175:6:Chip_ENET_StartMIIRead	16	static
enet.c:1183:10:Chip_ENET_ReadMIIData	16	static
enet.c:1192:16:lpc_mii_read	24	static
enet.c:1218:10:lpc_phy_init	24	static
enet.c:1261:20:Chip_ENET_SetADDR	16	static
enet.c:1270:6:Chip_ENET_InitTxDescriptors	24	static
enet.c:1282:14:lpc_tx_setup	24	static
enet.c:1302:6:Chip_ENET_InitRxDescriptors	24	static
enet.c:1314:13:lpc_rxqueue_pbuf	24	static
enet.c:1345:9:lpc_rx_queue	32	static
enet.c:1380:14:lpc_rx_setup	16	static
enet.c:1394:20:Chip_ENET_EnableRXFilter	16	static
enet.c:1400:20:Chip_ENET_EnableInt	16	static
enet.c:1406:20:Chip_ENET_TXEnable	16	static
enet.c:1412:20:Chip_ENET_RXEnable	16	static
enet.c:1419:14:low_level_init	24	static
enet.c:1472:24:Chip_ENET_GetIntStatus	16	static
enet.c:1477:20:Chip_ENET_RXDisable	16	static
enet.c:1488:20:Chip_ENET_ResetRXLogic	16	static
enet.c:1493:20:Chip_ENET_ClearIntStatus	16	static
enet.c:1498:24:Chip_ENET_GetRXConsumeIndex	16	static
enet.c:1503:23:Chip_ENET_IsRxEmpty	24	static
enet.c:1509:10:Chip_ENET_IncRXConsumeIndex	24	static
enet.c:1524:21:lpc_low_level_input	32	static
enet.c:1659:6:lpc_enetif_input	24	static
enet.c:1697:7:lpc_enetif_init	24	static
enet.c:1767:1:etharp_update_arp_entry	32	static
enet.c:1837:1:etharp_arp_input	48	static
enet.c:1989:1:ethernet_input	32	static
enet.c:2112:15:smsc_update_phy_sts	16	static
enet.c:2154:10:lpcPHYStsPoll	16	static
