enet.c:16:6:msDelay	24	static
enet.c:21:14:lpc_etharp_output	24	static
enet.c:32:23:Chip_Clock_IsMainPLLEnabled	4	static
enet.c:41:23:Chip_Clock_IsMainPLLConnected	4	static
enet.c:47:23:Chip_Clock_GetCPUClockSource	16	static
enet.c:71:39:Chip_Clock_GetMainPLLSource	4	static
enet.c:76:24:Chip_Clock_GetIntOscRate	4	static
enet.c:81:24:Chip_Clock_GetMainOscRate	4	static
enet.c:86:24:Chip_Clock_GetRTCOscRate	4	static
enet.c:92:10:Chip_Clock_GetSYSCLKRate	8	static
enet.c:110:24:Chip_Clock_GetMainPLLInClockRate	8	static
enet.c:116:10:Chip_Clock_GetMainPLLOutClockRate	24	static
enet.c:145:10:Chip_Clock_GetMainClockRate	8	static
enet.c:160:10:Chip_Clock_GetCPUClockDiv	4	static
enet.c:170:10:Chip_Clock_GetSystemClockRate	16	static
enet.c:175:24:Chip_Clock_GetENETClockRate	8	static
enet.c:180:10:Chip_ENET_FindMIIDiv	24	static
enet.c:200:6:Chip_Clock_EnablePeriphClock	24	static
enet.c:215:10:Chip_ENET_IncTXProduceIndex	24	static
enet.c:230:24:Chip_ENET_GetTXProduceIndex	16	static
enet.c:235:16:lpc_packet_addr_notsafe	16	static
enet.c:257:24:Chip_ENET_GetTXConsumeIndex	16	static
enet.c:262:13:lpc_tx_reclaim_st	16	static
enet.c:295:6:lpc_tx_reclaim	24	static
enet.c:302:10:Chip_ENET_GetFillDescNum	24	static
enet.c:316:24:Chip_ENET_GetFreeDescNum	32	static
enet.c:324:10:lpc_tx_ready	24	static
enet.c:334:7:lpc_low_level_output	48	static
enet.c:463:6:Board_ENET_GetMacADDR	24	static
enet.c:470:20:Chip_ENET_Reset	16	static
enet.c:481:20:resetENET	24	static
enet.c:495:6:Chip_ENET_Init	16	static
enet.c:528:6:Chip_ENET_SetupMII	24	static
enet.c:544:6:Chip_ENET_StartMIIWrite	16	static
enet.c:552:23:Chip_ENET_IsMIIBusy	16	static
enet.c:557:16:lpc_mii_write	24	static
enet.c:580:6:Chip_ENET_StartMIIRead	16	static
enet.c:588:10:Chip_ENET_ReadMIIData	16	static
enet.c:597:16:lpc_mii_read	24	static
enet.c:623:10:lpc_phy_init	24	static
enet.c:666:20:Chip_ENET_SetADDR	16	static
enet.c:675:6:Chip_ENET_InitTxDescriptors	24	static
enet.c:687:14:lpc_tx_setup	24	static
enet.c:707:6:Chip_ENET_InitRxDescriptors	24	static
enet.c:719:13:lpc_rxqueue_pbuf	24	static
enet.c:750:9:lpc_rx_queue	32	static
enet.c:785:14:lpc_rx_setup	16	static
enet.c:799:20:Chip_ENET_EnableRXFilter	16	static
enet.c:805:20:Chip_ENET_EnableInt	16	static
enet.c:811:20:Chip_ENET_TXEnable	16	static
enet.c:817:20:Chip_ENET_RXEnable	16	static
enet.c:824:14:low_level_init	24	static
enet.c:877:24:Chip_ENET_GetIntStatus	16	static
enet.c:882:20:Chip_ENET_RXDisable	16	static
enet.c:893:20:Chip_ENET_ResetRXLogic	16	static
enet.c:898:20:Chip_ENET_ClearIntStatus	16	static
enet.c:903:24:Chip_ENET_GetRXConsumeIndex	16	static
enet.c:908:23:Chip_ENET_IsRxEmpty	24	static
enet.c:914:10:Chip_ENET_IncRXConsumeIndex	24	static
enet.c:929:21:lpc_low_level_input	32	static
enet.c:1064:6:lpc_enetif_input	24	static
enet.c:1102:7:lpc_enetif_init	24	static
enet.c:1171:1:etharp_free_entry	16	static
enet.c:1194:1:etharp_find_entry	32	static
enet.c:1333:1:etharp_send_ip	32	static
enet.c:1348:1:etharp_update_arp_entry	32	static
enet.c:1418:1:etharp_arp_input	48	static
enet.c:1578:6:Chip_ENET_SetFullDuplex	16	static
enet.c:1586:6:Chip_ENET_SetHalfDuplex	16	static
enet.c:1594:1:ethernet_input	32	static
enet.c:1717:15:smsc_update_phy_sts	16	static
enet.c:1759:10:lpcPHYStsPoll	16	static
