core_cm3.h:1586:22:NVIC_SetPriority	16	static
core_cm3.h:1694:26:SysTick_Config	16	static
main.c:123:6:initUART0	4	static
main.c:145:6:U0Write	16	static
main.c:158:6:U0Read	8	static
main.c:179:10:GetTimeFromUART	72	static
main.c:222:6:writeUARTMsg	24	static
main.c:241:13:init_ssp	40	static
main.c:285:13:init_i2c	16	static
main.c:311:12:init_mmc	64	static
main.c:346:6:save_log	32	static
main.c:370:6:init_speaker	8	static
main.c:394:13:playNote	24	static
main.c:428:17:getNote	16	static
main.c:467:17:getDuration	16	static
main.c:487:17:getPause	16	static
main.c:510:13:playSong	32	static
main.c:548:6:makeLEDsColor	48	static
main.c:629:13:colorRgbDiode	16	static
main.c:650:6:display_time	32	static
main.c:662:13:intToString	32	static
main.c:726:5:arrayToInt	24	static
main.c:743:6:SysTick_Handler	4	static
main.c:755:17:getTicks	4	static
main.c:772:6:oledInfo	32	static
main.c:796:6:clearArray	24	static
main.c:808:5:main	104	static
