core_cm3.h:1586:22:NVIC_SetPriority	16	static
core_cm3.h:1694:26:SysTick_Config	16	static
main.c:148:6:initUART0	4	static
main.c:174:6:U0Write	16	static
main.c:187:6:U0Read	8	static
main.c:208:10:GetTimeFromUART	72	static
main.c:251:6:writeUARTMsg	24	static
main.c:270:13:init_ssp	40	static
main.c:314:13:init_adc	16	static
main.c:346:13:init_i2c	16	static
main.c:371:12:init_mmc	64	static
main.c:406:6:save_log	40	static
main.c:433:6:init_speaker	8	static
main.c:457:13:playNote	24	static
main.c:491:17:getNote	16	static
main.c:530:17:getDuration	16	static
main.c:550:17:getPause	16	static
main.c:573:13:playSong	32	static
main.c:611:6:makeLEDsColor	48	static
main.c:692:13:colorRgbDiode	16	static
main.c:713:6:display_time	32	static
main.c:725:13:intToString	32	static
main.c:789:5:arrayToInt	24	static
main.c:806:6:SysTick_Handler	4	static
main.c:818:17:getTicks	4	static
main.c:835:6:oledInfo	32	static
main.c:859:6:clearArray	24	static
main.c:867:6:ethernetInit	40	static
main.c:905:6:webserver	16	static
main.c:959:5:main	128	static
